Component: ARM Compiler 5.06 update 1 (build 61) Tool: armlink [4d35a8]

==============================================================================

Section Cross References

    main.o(i.Toggle_BT_Indicator) refers to tm_stm32f4_ili9341.o(i.TM_ILI9341_Draw_Bluetooth) for TM_ILI9341_Draw_Bluetooth
    main.o(i.Toggle_BT_Indicator) refers to main.o(.data) for bt_Indicator_flag
    main.o(i.Toggle_BT_Indicator) refers to tm_stm32f4_fonts.o(.data) for TM_Font_7x10
    main.o(i.Toggle_Fuel_Indicator) refers to tm_stm32f4_ili9341.o(i.TM_ILI9341_Draw_Fuel) for TM_ILI9341_Draw_Fuel
    main.o(i.Toggle_Fuel_Indicator) refers to main.o(.data) for fuel_Indicator_flag
    main.o(i.Toggle_Headlight_Indicator) refers to tm_stm32f4_ili9341.o(i.TM_ILI9341_Draw_Headlight) for TM_ILI9341_Draw_Headlight
    main.o(i.Toggle_Headlight_Indicator) refers to main.o(.data) for headlight_Indicator_flag
    main.o(i.Toggle_Left_Indicator) refers to tm_stm32f4_ili9341.o(i.TM_ILI9341_Draw_LeftArrow) for TM_ILI9341_Draw_LeftArrow
    main.o(i.Toggle_Left_Indicator) refers to main.o(.data) for left_Indicator_flag
    main.o(i.Toggle_Right_Indicator) refers to tm_stm32f4_ili9341.o(i.TM_ILI9341_Draw_RightArrow) for TM_ILI9341_Draw_RightArrow
    main.o(i.Toggle_Right_Indicator) refers to main.o(.data) for right_Indicator_flag
    main.o(i.main) refers to system_stm32f4xx.o(i.SystemInit) for SystemInit
    main.o(i.main) refers to tm_stm32f4_ili9341.o(i.TM_ILI9341_Init) for TM_ILI9341_Init
    main.o(i.main) refers to tm_stm32f4_ili9341.o(i.TM_ILI9341_Rotate) for TM_ILI9341_Rotate
    main.o(i.main) refers to tm_stm32f4_ili9341.o(i.TM_ILI9341_Fill) for TM_ILI9341_Fill
    main.o(i.main) refers to tm_stm32f4_ili9341.o(i.TM_ILI9341_DrawCircle) for TM_ILI9341_DrawCircle
    main.o(i.main) refers to tm_stm32f4_ili9341.o(i.TM_ILI9341_DrawFilledCircle) for TM_ILI9341_DrawFilledCircle
    main.o(i.main) refers to tm_stm32f4_ili9341.o(i.TM_ILI9341_Puts) for TM_ILI9341_Puts
    main.o(i.main) refers to main.o(i.Toggle_Left_Indicator) for Toggle_Left_Indicator
    main.o(i.main) refers to main.o(i.Toggle_Right_Indicator) for Toggle_Right_Indicator
    main.o(i.main) refers to main.o(i.Toggle_BT_Indicator) for Toggle_BT_Indicator
    main.o(i.main) refers to main.o(i.Toggle_Headlight_Indicator) for Toggle_Headlight_Indicator
    main.o(i.main) refers to main.o(i.Toggle_Fuel_Indicator) for Toggle_Fuel_Indicator
    main.o(i.main) refers to tm_stm32f4_fonts.o(.data) for TM_Font_11x18
    system_stm32f4xx.o(i.SystemCoreClockUpdate) refers to system_stm32f4xx.o(.data) for SystemCoreClock
    system_stm32f4xx.o(i.SystemInit) refers to system_stm32f4xx.o(i.SetSysClock) for SetSysClock
    startup_armcm4.o(STACK) refers (Special) to heapauxi.o(.text) for __use_two_region_memory
    startup_armcm4.o(HEAP) refers (Special) to heapauxi.o(.text) for __use_two_region_memory
    startup_armcm4.o(RESET) refers (Special) to heapauxi.o(.text) for __use_two_region_memory
    startup_armcm4.o(RESET) refers to startup_armcm4.o(STACK) for __initial_sp
    startup_armcm4.o(RESET) refers to startup_armcm4.o(.text) for Reset_Handler
    startup_armcm4.o(.text) refers (Special) to heapauxi.o(.text) for __use_two_region_memory
    startup_armcm4.o(.text) refers to system_stm32f4xx.o(i.SystemInit) for SystemInit
    startup_armcm4.o(.text) refers to __main.o(!!!main) for __main
    startup_armcm4.o(.text) refers to startup_armcm4.o(HEAP) for Heap_Mem
    startup_armcm4.o(.text) refers to startup_armcm4.o(STACK) for Stack_Mem
    tm_stm32f4_dma.o(i.DMA1_Stream0_IRQHandler) refers to tm_stm32f4_dma.o(i.TM_DMA_INT_ProcessInterrupt) for TM_DMA_INT_ProcessInterrupt
    tm_stm32f4_dma.o(i.DMA1_Stream1_IRQHandler) refers to tm_stm32f4_dma.o(i.TM_DMA_INT_ProcessInterrupt) for TM_DMA_INT_ProcessInterrupt
    tm_stm32f4_dma.o(i.DMA1_Stream2_IRQHandler) refers to tm_stm32f4_dma.o(i.TM_DMA_INT_ProcessInterrupt) for TM_DMA_INT_ProcessInterrupt
    tm_stm32f4_dma.o(i.DMA1_Stream3_IRQHandler) refers to tm_stm32f4_dma.o(i.TM_DMA_INT_ProcessInterrupt) for TM_DMA_INT_ProcessInterrupt
    tm_stm32f4_dma.o(i.DMA1_Stream4_IRQHandler) refers to tm_stm32f4_dma.o(i.TM_DMA_INT_ProcessInterrupt) for TM_DMA_INT_ProcessInterrupt
    tm_stm32f4_dma.o(i.DMA1_Stream5_IRQHandler) refers to tm_stm32f4_dma.o(i.TM_DMA_INT_ProcessInterrupt) for TM_DMA_INT_ProcessInterrupt
    tm_stm32f4_dma.o(i.DMA1_Stream6_IRQHandler) refers to tm_stm32f4_dma.o(i.TM_DMA_INT_ProcessInterrupt) for TM_DMA_INT_ProcessInterrupt
    tm_stm32f4_dma.o(i.DMA1_Stream7_IRQHandler) refers to tm_stm32f4_dma.o(i.TM_DMA_INT_ProcessInterrupt) for TM_DMA_INT_ProcessInterrupt
    tm_stm32f4_dma.o(i.DMA2_Stream0_IRQHandler) refers to tm_stm32f4_dma.o(i.TM_DMA_INT_ProcessInterrupt) for TM_DMA_INT_ProcessInterrupt
    tm_stm32f4_dma.o(i.DMA2_Stream1_IRQHandler) refers to tm_stm32f4_dma.o(i.TM_DMA_INT_ProcessInterrupt) for TM_DMA_INT_ProcessInterrupt
[...]
    stm32f4xx_cryp_aes.o(i.CRYP_AES_ECB) refers to stm32f4xx_cryp.o(i.CRYP_Init) for CRYP_Init
    stm32f4xx_cryp_aes.o(i.CRYP_AES_ECB) refers to stm32f4xx_cryp.o(i.CRYP_KeyInit) for CRYP_KeyInit
    stm32f4xx_cryp_aes.o(i.CRYP_AES_ECB) refers to stm32f4xx_cryp.o(i.CRYP_Cmd) for CRYP_Cmd
    stm32f4xx_cryp_aes.o(i.CRYP_AES_ECB) refers to stm32f4xx_cryp.o(i.CRYP_GetFlagStatus) for CRYP_GetFlagStatus
    stm32f4xx_cryp_aes.o(i.CRYP_AES_ECB) refers to stm32f4xx_cryp.o(i.CRYP_GetCmdStatus) for CRYP_GetCmdStatus
    stm32f4xx_cryp_aes.o(i.CRYP_AES_ECB) refers to stm32f4xx_cryp.o(i.CRYP_DataIn) for CRYP_DataIn
    stm32f4xx_cryp_aes.o(i.CRYP_AES_ECB) refers to stm32f4xx_cryp.o(i.CRYP_DataOut) for CRYP_DataOut
    stm32f4xx_cryp_aes.o(i.CRYP_AES_GCM) refers to stm32f4xx_cryp.o(i.CRYP_KeyStructInit) for CRYP_KeyStructInit
    stm32f4xx_cryp_aes.o(i.CRYP_AES_GCM) refers to stm32f4xx_cryp.o(i.CRYP_FIFOFlush) for CRYP_FIFOFlush
    stm32f4xx_cryp_aes.o(i.CRYP_AES_GCM) refers to stm32f4xx_cryp.o(i.CRYP_KeyInit) for CRYP_KeyInit
    stm32f4xx_cryp_aes.o(i.CRYP_AES_GCM) refers to stm32f4xx_cryp.o(i.CRYP_IVInit) for CRYP_IVInit
    stm32f4xx_cryp_aes.o(i.CRYP_AES_GCM) refers to stm32f4xx_cryp.o(i.CRYP_Init) for CRYP_Init
    stm32f4xx_cryp_aes.o(i.CRYP_AES_GCM) refers to stm32f4xx_cryp.o(i.CRYP_PhaseConfig) for CRYP_PhaseConfig
    stm32f4xx_cryp_aes.o(i.CRYP_AES_GCM) refers to stm32f4xx_cryp.o(i.CRYP_Cmd) for CRYP_Cmd
    stm32f4xx_cryp_aes.o(i.CRYP_AES_GCM) refers to stm32f4xx_cryp.o(i.CRYP_GetCmdStatus) for CRYP_GetCmdStatus
    stm32f4xx_cryp_aes.o(i.CRYP_AES_GCM) refers to stm32f4xx_cryp.o(i.CRYP_GetFlagStatus) for CRYP_GetFlagStatus
    stm32f4xx_cryp_aes.o(i.CRYP_AES_GCM) refers to stm32f4xx_cryp.o(i.CRYP_DataIn) for CRYP_DataIn
    stm32f4xx_cryp_aes.o(i.CRYP_AES_GCM) refers to stm32f4xx_cryp.o(i.CRYP_DataOut) for CRYP_DataOut
    stm32f4xx_cryp_des.o(i.CRYP_DES_CBC) refers to stm32f4xx_cryp.o(i.CRYP_KeyStructInit) for CRYP_KeyStructInit
    stm32f4xx_cryp_des.o(i.CRYP_DES_CBC) refers to stm32f4xx_cryp.o(i.CRYP_Init) for CRYP_Init
    stm32f4xx_cryp_des.o(i.CRYP_DES_CBC) refers to stm32f4xx_cryp.o(i.CRYP_KeyInit) for CRYP_KeyInit
    stm32f4xx_cryp_des.o(i.CRYP_DES_CBC) refers to stm32f4xx_cryp.o(i.CRYP_IVInit) for CRYP_IVInit
    stm32f4xx_cryp_des.o(i.CRYP_DES_CBC) refers to stm32f4xx_cryp.o(i.CRYP_FIFOFlush) for CRYP_FIFOFlush
    stm32f4xx_cryp_des.o(i.CRYP_DES_CBC) refers to stm32f4xx_cryp.o(i.CRYP_Cmd) for CRYP_Cmd
    stm32f4xx_cryp_des.o(i.CRYP_DES_CBC) refers to stm32f4xx_cryp.o(i.CRYP_GetCmdStatus) for CRYP_GetCmdStatus
    stm32f4xx_cryp_des.o(i.CRYP_DES_CBC) refers to stm32f4xx_cryp.o(i.CRYP_DataIn) for CRYP_DataIn
    stm32f4xx_cryp_des.o(i.CRYP_DES_CBC) refers to stm32f4xx_cryp.o(i.CRYP_GetFlagStatus) for CRYP_GetFlagStatus
    stm32f4xx_cryp_des.o(i.CRYP_DES_CBC) refers to stm32f4xx_cryp.o(i.CRYP_DataOut) for CRYP_DataOut
    stm32f4xx_cryp_des.o(i.CRYP_DES_ECB) refers to stm32f4xx_cryp.o(i.CRYP_KeyStructInit) for CRYP_KeyStructInit
    stm32f4xx_cryp_des.o(i.CRYP_DES_ECB) refers to stm32f4xx_cryp.o(i.CRYP_Init) for CRYP_Init
    stm32f4xx_cryp_des.o(i.CRYP_DES_ECB) refers to stm32f4xx_cryp.o(i.CRYP_KeyInit) for CRYP_KeyInit
    stm32f4xx_cryp_des.o(i.CRYP_DES_ECB) refers to stm32f4xx_cryp.o(i.CRYP_FIFOFlush) for CRYP_FIFOFlush
    stm32f4xx_cryp_des.o(i.CRYP_DES_ECB) refers to stm32f4xx_cryp.o(i.CRYP_Cmd) for CRYP_Cmd
    stm32f4xx_cryp_des.o(i.CRYP_DES_ECB) refers to stm32f4xx_cryp.o(i.CRYP_GetCmdStatus) for CRYP_GetCmdStatus
    stm32f4xx_cryp_des.o(i.CRYP_DES_ECB) refers to stm32f4xx_cryp.o(i.CRYP_DataIn) for CRYP_DataIn
    stm32f4xx_cryp_des.o(i.CRYP_DES_ECB) refers to stm32f4xx_cryp.o(i.CRYP_GetFlagStatus) for CRYP_GetFlagStatus
    stm32f4xx_cryp_des.o(i.CRYP_DES_ECB) refers to stm32f4xx_cryp.o(i.CRYP_DataOut) for CRYP_DataOut
    stm32f4xx_cryp_tdes.o(i.CRYP_TDES_CBC) refers to stm32f4xx_cryp.o(i.CRYP_KeyStructInit) for CRYP_KeyStructInit
    stm32f4xx_cryp_tdes.o(i.CRYP_TDES_CBC) refers to stm32f4xx_cryp.o(i.CRYP_Init) for CRYP_Init
    stm32f4xx_cryp_tdes.o(i.CRYP_TDES_CBC) refers to stm32f4xx_cryp.o(i.CRYP_KeyInit) for CRYP_KeyInit
    stm32f4xx_cryp_tdes.o(i.CRYP_TDES_CBC) refers to stm32f4xx_cryp.o(i.CRYP_IVInit) for CRYP_IVInit
    stm32f4xx_cryp_tdes.o(i.CRYP_TDES_CBC) refers to stm32f4xx_cryp.o(i.CRYP_FIFOFlush) for CRYP_FIFOFlush
    stm32f4xx_cryp_tdes.o(i.CRYP_TDES_CBC) refers to stm32f4xx_cryp.o(i.CRYP_Cmd) for CRYP_Cmd
    stm32f4xx_cryp_tdes.o(i.CRYP_TDES_CBC) refers to stm32f4xx_cryp.o(i.CRYP_GetCmdStatus) for CRYP_GetCmdStatus
    stm32f4xx_cryp_tdes.o(i.CRYP_TDES_CBC) refers to stm32f4xx_cryp.o(i.CRYP_DataIn) for CRYP_DataIn
    stm32f4xx_cryp_tdes.o(i.CRYP_TDES_CBC) refers to stm32f4xx_cryp.o(i.CRYP_GetFlagStatus) for CRYP_GetFlagStatus
    stm32f4xx_cryp_tdes.o(i.CRYP_TDES_CBC) refers to stm32f4xx_cryp.o(i.CRYP_DataOut) for CRYP_DataOut
    stm32f4xx_cryp_tdes.o(i.CRYP_TDES_ECB) refers to stm32f4xx_cryp.o(i.CRYP_KeyStructInit) for CRYP_KeyStructInit
    stm32f4xx_cryp_tdes.o(i.CRYP_TDES_ECB) refers to stm32f4xx_cryp.o(i.CRYP_Init) for CRYP_Init
    stm32f4xx_cryp_tdes.o(i.CRYP_TDES_ECB) refers to stm32f4xx_cryp.o(i.CRYP_KeyInit) for CRYP_KeyInit
    stm32f4xx_cryp_tdes.o(i.CRYP_TDES_ECB) refers to stm32f4xx_cryp.o(i.CRYP_FIFOFlush) for CRYP_FIFOFlush
    stm32f4xx_cryp_tdes.o(i.CRYP_TDES_ECB) refers to stm32f4xx_cryp.o(i.CRYP_Cmd) for CRYP_Cmd
    stm32f4xx_cryp_tdes.o(i.CRYP_TDES_ECB) refers to stm32f4xx_cryp.o(i.CRYP_GetCmdStatus) for CRYP_GetCmdStatus
    stm32f4xx_cryp_tdes.o(i.CRYP_TDES_ECB) refers to stm32f4xx_cryp.o(i.CRYP_DataIn) for CRYP_DataIn
    stm32f4xx_cryp_tdes.o(i.CRYP_TDES_ECB) refers to stm32f4xx_cryp.o(i.CRYP_GetFlagStatus) for CRYP_GetFlagStatus
    stm32f4xx_cryp_tdes.o(i.CRYP_TDES_ECB) refers to stm32f4xx_cryp.o(i.CRYP_DataOut) for CRYP_DataOut
    stm32f4xx_dac.o(i.DAC_DeInit) refers to stm32f4xx_rcc.o(i.RCC_APB1PeriphResetCmd) for RCC_APB1PeriphResetCmd
    stm32f4xx_dma2d.o(i.DMA2D_DeInit) refers to stm32f4xx_rcc.o(i.RCC_AHB1PeriphResetCmd) for RCC_AHB1PeriphResetCmd
    stm32f4xx_flash.o(i.FLASH_EraseAllBank1Sectors) refers to stm32f4xx_flash.o(i.FLASH_WaitForLastOperation) for FLASH_WaitForLastOperation
    stm32f4xx_flash.o(i.FLASH_EraseAllBank2Sectors) refers to stm32f4xx_flash.o(i.FLASH_WaitForLastOperation) for FLASH_WaitForLastOperation
    stm32f4xx_flash.o(i.FLASH_EraseAllSectors) refers to stm32f4xx_flash.o(i.FLASH_WaitForLastOperation) for FLASH_WaitForLastOperation
    stm32f4xx_flash.o(i.FLASH_EraseSector) refers to stm32f4xx_flash.o(i.FLASH_WaitForLastOperation) for FLASH_WaitForLastOperation
    stm32f4xx_flash.o(i.FLASH_OB_Launch) refers to stm32f4xx_flash.o(i.FLASH_WaitForLastOperation) for FLASH_WaitForLastOperation
    stm32f4xx_flash.o(i.FLASH_OB_PCROP1Config) refers to stm32f4xx_flash.o(i.FLASH_WaitForLastOperation) for FLASH_WaitForLastOperation
    stm32f4xx_flash.o(i.FLASH_OB_PCROPConfig) refers to stm32f4xx_flash.o(i.FLASH_WaitForLastOperation) for FLASH_WaitForLastOperation
    stm32f4xx_flash.o(i.FLASH_OB_RDPConfig) refers to stm32f4xx_flash.o(i.FLASH_WaitForLastOperation) for FLASH_WaitForLastOperation
    stm32f4xx_flash.o(i.FLASH_OB_UserConfig) refers to stm32f4xx_flash.o(i.FLASH_WaitForLastOperation) for FLASH_WaitForLastOperation
    stm32f4xx_flash.o(i.FLASH_OB_WRP1Config) refers to stm32f4xx_flash.o(i.FLASH_WaitForLastOperation) for FLASH_WaitForLastOperation
    stm32f4xx_flash.o(i.FLASH_OB_WRPConfig) refers to stm32f4xx_flash.o(i.FLASH_WaitForLastOperation) for FLASH_WaitForLastOperation
    stm32f4xx_flash.o(i.FLASH_ProgramByte) refers to stm32f4xx_flash.o(i.FLASH_WaitForLastOperation) for FLASH_WaitForLastOperation
    stm32f4xx_flash.o(i.FLASH_ProgramDoubleWord) refers to stm32f4xx_flash.o(i.FLASH_WaitForLastOperation) for FLASH_WaitForLastOperation
    stm32f4xx_flash.o(i.FLASH_ProgramHalfWord) refers to stm32f4xx_flash.o(i.FLASH_WaitForLastOperation) for FLASH_WaitForLastOperation
    stm32f4xx_flash.o(i.FLASH_ProgramWord) refers to stm32f4xx_flash.o(i.FLASH_WaitForLastOperation) for FLASH_WaitForLastOperation
    stm32f4xx_flash.o(i.FLASH_WaitForLastOperation) refers to stm32f4xx_flash.o(i.FLASH_GetStatus) for FLASH_GetStatus
    stm32f4xx_gpio.o(i.GPIO_DeInit) refers to stm32f4xx_rcc.o(i.RCC_AHB1PeriphResetCmd) for RCC_AHB1PeriphResetCmd
    stm32f4xx_hash.o(i.HASH_DeInit) refers to stm32f4xx_rcc.o(i.RCC_AHB2PeriphResetCmd) for RCC_AHB2PeriphResetCmd
    stm32f4xx_hash_md5.o(i.HASH_MD5) refers to stm32f4xx_hash.o(i.HASH_DeInit) for HASH_DeInit
    stm32f4xx_hash_md5.o(i.HASH_MD5) refers to stm32f4xx_hash.o(i.HASH_Init) for HASH_Init
    stm32f4xx_hash_md5.o(i.HASH_MD5) refers to stm32f4xx_hash.o(i.HASH_SetLastWordValidBitsNbr) for HASH_SetLastWordValidBitsNbr
    stm32f4xx_hash_md5.o(i.HASH_MD5) refers to stm32f4xx_hash.o(i.HASH_DataIn) for HASH_DataIn
    stm32f4xx_hash_md5.o(i.HASH_MD5) refers to stm32f4xx_hash.o(i.HASH_StartDigest) for HASH_StartDigest
    stm32f4xx_hash_md5.o(i.HASH_MD5) refers to stm32f4xx_hash.o(i.HASH_GetFlagStatus) for HASH_GetFlagStatus
    stm32f4xx_hash_md5.o(i.HASH_MD5) refers to stm32f4xx_hash.o(i.HASH_GetDigest) for HASH_GetDigest
    stm32f4xx_hash_md5.o(i.HMAC_MD5) refers to stm32f4xx_hash.o(i.HASH_DeInit) for HASH_DeInit
    stm32f4xx_hash_md5.o(i.HMAC_MD5) refers to stm32f4xx_hash.o(i.HASH_Init) for HASH_Init
    stm32f4xx_hash_md5.o(i.HMAC_MD5) refers to stm32f4xx_hash.o(i.HASH_SetLastWordValidBitsNbr) for HASH_SetLastWordValidBitsNbr
    stm32f4xx_hash_md5.o(i.HMAC_MD5) refers to stm32f4xx_hash.o(i.HASH_DataIn) for HASH_DataIn
    stm32f4xx_hash_md5.o(i.HMAC_MD5) refers to stm32f4xx_hash.o(i.HASH_StartDigest) for HASH_StartDigest
    stm32f4xx_hash_md5.o(i.HMAC_MD5) refers to stm32f4xx_hash.o(i.HASH_GetFlagStatus) for HASH_GetFlagStatus
    stm32f4xx_hash_md5.o(i.HMAC_MD5) refers to stm32f4xx_hash.o(i.HASH_GetDigest) for HASH_GetDigest
    stm32f4xx_hash_sha1.o(i.HASH_SHA1) refers to stm32f4xx_hash.o(i.HASH_DeInit) for HASH_DeInit
    stm32f4xx_hash_sha1.o(i.HASH_SHA1) refers to stm32f4xx_hash.o(i.HASH_Init) for HASH_Init
    stm32f4xx_hash_sha1.o(i.HASH_SHA1) refers to stm32f4xx_hash.o(i.HASH_SetLastWordValidBitsNbr) for HASH_SetLastWordValidBitsNbr
    stm32f4xx_hash_sha1.o(i.HASH_SHA1) refers to stm32f4xx_hash.o(i.HASH_DataIn) for HASH_DataIn
    stm32f4xx_hash_sha1.o(i.HASH_SHA1) refers to stm32f4xx_hash.o(i.HASH_StartDigest) for HASH_StartDigest
    stm32f4xx_hash_sha1.o(i.HASH_SHA1) refers to stm32f4xx_hash.o(i.HASH_GetFlagStatus) for HASH_GetFlagStatus
    stm32f4xx_hash_sha1.o(i.HASH_SHA1) refers to stm32f4xx_hash.o(i.HASH_GetDigest) for HASH_GetDigest
    stm32f4xx_hash_sha1.o(i.HMAC_SHA1) refers to stm32f4xx_hash.o(i.HASH_DeInit) for HASH_DeInit
    stm32f4xx_hash_sha1.o(i.HMAC_SHA1) refers to stm32f4xx_hash.o(i.HASH_Init) for HASH_Init
    stm32f4xx_hash_sha1.o(i.HMAC_SHA1) refers to stm32f4xx_hash.o(i.HASH_SetLastWordValidBitsNbr) for HASH_SetLastWordValidBitsNbr
    stm32f4xx_hash_sha1.o(i.HMAC_SHA1) refers to stm32f4xx_hash.o(i.HASH_DataIn) for HASH_DataIn
    stm32f4xx_hash_sha1.o(i.HMAC_SHA1) refers to stm32f4xx_hash.o(i.HASH_StartDigest) for HASH_StartDigest
    stm32f4xx_hash_sha1.o(i.HMAC_SHA1) refers to stm32f4xx_hash.o(i.HASH_GetFlagStatus) for HASH_GetFlagStatus
    stm32f4xx_hash_sha1.o(i.HMAC_SHA1) refers to stm32f4xx_hash.o(i.HASH_GetDigest) for HASH_GetDigest
    stm32f4xx_i2c.o(i.I2C_DeInit) refers to stm32f4xx_rcc.o(i.RCC_APB1PeriphResetCmd) for RCC_APB1PeriphResetCmd
    stm32f4xx_i2c.o(i.I2C_Init) refers to stm32f4xx_rcc.o(i.RCC_GetClocksFreq) for RCC_GetClocksFreq
    stm32f4xx_ltdc.o(i.LTDC_DeInit) refers to stm32f4xx_rcc.o(i.RCC_APB2PeriphResetCmd) for RCC_APB2PeriphResetCmd
    stm32f4xx_pwr.o(i.PWR_DeInit) refers to stm32f4xx_rcc.o(i.RCC_APB1PeriphResetCmd) for RCC_APB1PeriphResetCmd
    stm32f4xx_rcc.o(i.RCC_GetClocksFreq) refers to stm32f4xx_rcc.o(.data) for APBAHBPrescTable
    stm32f4xx_rcc.o(i.RCC_WaitForHSEStartUp) refers to stm32f4xx_rcc.o(i.RCC_GetFlagStatus) for RCC_GetFlagStatus
    stm32f4xx_rng.o(i.RNG_DeInit) refers to stm32f4xx_rcc.o(i.RCC_AHB2PeriphResetCmd) for RCC_AHB2PeriphResetCmd
    stm32f4xx_rtc.o(i.RTC_CoarseCalibCmd) refers to stm32f4xx_rtc.o(i.RTC_EnterInitMode) for RTC_EnterInitMode
    stm32f4xx_rtc.o(i.RTC_CoarseCalibCmd) refers to stm32f4xx_rtc.o(i.RTC_ExitInitMode) for RTC_ExitInitMode
    stm32f4xx_rtc.o(i.RTC_CoarseCalibConfig) refers to stm32f4xx_rtc.o(i.RTC_EnterInitMode) for RTC_EnterInitMode
    stm32f4xx_rtc.o(i.RTC_CoarseCalibConfig) refers to stm32f4xx_rtc.o(i.RTC_ExitInitMode) for RTC_ExitInitMode
    stm32f4xx_rtc.o(i.RTC_DeInit) refers to stm32f4xx_rtc.o(i.RTC_EnterInitMode) for RTC_EnterInitMode
    stm32f4xx_rtc.o(i.RTC_DeInit) refers to stm32f4xx_rtc.o(i.RTC_WaitForSynchro) for RTC_WaitForSynchro
    stm32f4xx_rtc.o(i.RTC_GetAlarm) refers to stm32f4xx_rtc.o(i.RTC_Bcd2ToByte) for RTC_Bcd2ToByte
    stm32f4xx_rtc.o(i.RTC_GetDate) refers to stm32f4xx_rtc.o(i.RTC_Bcd2ToByte) for RTC_Bcd2ToByte
    stm32f4xx_rtc.o(i.RTC_GetTime) refers to stm32f4xx_rtc.o(i.RTC_Bcd2ToByte) for RTC_Bcd2ToByte
    stm32f4xx_rtc.o(i.RTC_GetTimeStamp) refers to stm32f4xx_rtc.o(i.RTC_Bcd2ToByte) for RTC_Bcd2ToByte
    stm32f4xx_rtc.o(i.RTC_Init) refers to stm32f4xx_rtc.o(i.RTC_EnterInitMode) for RTC_EnterInitMode
    stm32f4xx_rtc.o(i.RTC_Init) refers to stm32f4xx_rtc.o(i.RTC_ExitInitMode) for RTC_ExitInitMode
    stm32f4xx_rtc.o(i.RTC_RefClockCmd) refers to stm32f4xx_rtc.o(i.RTC_EnterInitMode) for RTC_EnterInitMode
    stm32f4xx_rtc.o(i.RTC_RefClockCmd) refers to stm32f4xx_rtc.o(i.RTC_ExitInitMode) for RTC_ExitInitMode
    stm32f4xx_rtc.o(i.RTC_SetAlarm) refers to stm32f4xx_rtc.o(i.RTC_Bcd2ToByte) for RTC_Bcd2ToByte
    stm32f4xx_rtc.o(i.RTC_SetAlarm) refers to stm32f4xx_rtc.o(i.RTC_ByteToBcd2) for RTC_ByteToBcd2
    stm32f4xx_rtc.o(i.RTC_SetDate) refers to stm32f4xx_rtc.o(i.RTC_Bcd2ToByte) for RTC_Bcd2ToByte
    stm32f4xx_rtc.o(i.RTC_SetDate) refers to stm32f4xx_rtc.o(i.RTC_ByteToBcd2) for RTC_ByteToBcd2
    stm32f4xx_rtc.o(i.RTC_SetDate) refers to stm32f4xx_rtc.o(i.RTC_EnterInitMode) for RTC_EnterInitMode
    stm32f4xx_rtc.o(i.RTC_SetDate) refers to stm32f4xx_rtc.o(i.RTC_ExitInitMode) for RTC_ExitInitMode
    stm32f4xx_rtc.o(i.RTC_SetDate) refers to stm32f4xx_rtc.o(i.RTC_WaitForSynchro) for RTC_WaitForSynchro
    stm32f4xx_rtc.o(i.RTC_SetTime) refers to stm32f4xx_rtc.o(i.RTC_Bcd2ToByte) for RTC_Bcd2ToByte
    stm32f4xx_rtc.o(i.RTC_SetTime) refers to stm32f4xx_rtc.o(i.RTC_ByteToBcd2) for RTC_ByteToBcd2
    stm32f4xx_rtc.o(i.RTC_SetTime) refers to stm32f4xx_rtc.o(i.RTC_EnterInitMode) for RTC_EnterInitMode
    stm32f4xx_rtc.o(i.RTC_SetTime) refers to stm32f4xx_rtc.o(i.RTC_ExitInitMode) for RTC_ExitInitMode
    stm32f4xx_rtc.o(i.RTC_SetTime) refers to stm32f4xx_rtc.o(i.RTC_WaitForSynchro) for RTC_WaitForSynchro
    stm32f4xx_rtc.o(i.RTC_SynchroShiftConfig) refers to stm32f4xx_rtc.o(i.RTC_WaitForSynchro) for RTC_WaitForSynchro
    stm32f4xx_sai.o(i.SAI_DeInit) refers to stm32f4xx_rcc.o(i.RCC_APB2PeriphResetCmd) for RCC_APB2PeriphResetCmd
    stm32f4xx_sdio.o(i.SDIO_DeInit) refers to stm32f4xx_rcc.o(i.RCC_APB2PeriphResetCmd) for RCC_APB2PeriphResetCmd
    stm32f4xx_spi.o(i.SPI_I2S_DeInit) refers to stm32f4xx_rcc.o(i.RCC_APB2PeriphResetCmd) for RCC_APB2PeriphResetCmd
    stm32f4xx_spi.o(i.SPI_I2S_DeInit) refers to stm32f4xx_rcc.o(i.RCC_APB1PeriphResetCmd) for RCC_APB1PeriphResetCmd
    stm32f4xx_syscfg.o(i.SYSCFG_DeInit) refers to stm32f4xx_rcc.o(i.RCC_APB2PeriphResetCmd) for RCC_APB2PeriphResetCmd
    stm32f4xx_tim.o(i.TIM_DeInit) refers to stm32f4xx_rcc.o(i.RCC_APB2PeriphResetCmd) for RCC_APB2PeriphResetCmd
    stm32f4xx_tim.o(i.TIM_DeInit) refers to stm32f4xx_rcc.o(i.RCC_APB1PeriphResetCmd) for RCC_APB1PeriphResetCmd
    stm32f4xx_tim.o(i.TIM_ETRClockMode1Config) refers to stm32f4xx_tim.o(i.TIM_ETRConfig) for TIM_ETRConfig
    stm32f4xx_tim.o(i.TIM_ETRClockMode2Config) refers to stm32f4xx_tim.o(i.TIM_ETRConfig) for TIM_ETRConfig
    stm32f4xx_tim.o(i.TIM_ICInit) refers to stm32f4xx_tim.o(i.TI1_Config) for TI1_Config
    stm32f4xx_tim.o(i.TIM_ICInit) refers to stm32f4xx_tim.o(i.TIM_SetIC1Prescaler) for TIM_SetIC1Prescaler
    stm32f4xx_tim.o(i.TIM_ICInit) refers to stm32f4xx_tim.o(i.TI2_Config) for TI2_Config
    stm32f4xx_tim.o(i.TIM_ICInit) refers to stm32f4xx_tim.o(i.TIM_SetIC2Prescaler) for TIM_SetIC2Prescaler
    stm32f4xx_tim.o(i.TIM_ICInit) refers to stm32f4xx_tim.o(i.TI3_Config) for TI3_Config
    stm32f4xx_tim.o(i.TIM_ICInit) refers to stm32f4xx_tim.o(i.TIM_SetIC3Prescaler) for TIM_SetIC3Prescaler
    stm32f4xx_tim.o(i.TIM_ICInit) refers to stm32f4xx_tim.o(i.TI4_Config) for TI4_Config
    stm32f4xx_tim.o(i.TIM_ICInit) refers to stm32f4xx_tim.o(i.TIM_SetIC4Prescaler) for TIM_SetIC4Prescaler
    stm32f4xx_tim.o(i.TIM_ITRxExternalClockConfig) refers to stm32f4xx_tim.o(i.TIM_SelectInputTrigger) for TIM_SelectInputTrigger
    stm32f4xx_tim.o(i.TIM_PWMIConfig) refers to stm32f4xx_tim.o(i.TI1_Config) for TI1_Config
    stm32f4xx_tim.o(i.TIM_PWMIConfig) refers to stm32f4xx_tim.o(i.TIM_SetIC1Prescaler) for TIM_SetIC1Prescaler
    stm32f4xx_tim.o(i.TIM_PWMIConfig) refers to stm32f4xx_tim.o(i.TI2_Config) for TI2_Config
    stm32f4xx_tim.o(i.TIM_PWMIConfig) refers to stm32f4xx_tim.o(i.TIM_SetIC2Prescaler) for TIM_SetIC2Prescaler
    stm32f4xx_tim.o(i.TIM_TIxExternalClockConfig) refers to stm32f4xx_tim.o(i.TI2_Config) for TI2_Config
    stm32f4xx_tim.o(i.TIM_TIxExternalClockConfig) refers to stm32f4xx_tim.o(i.TI1_Config) for TI1_Config
    stm32f4xx_tim.o(i.TIM_TIxExternalClockConfig) refers to stm32f4xx_tim.o(i.TIM_SelectInputTrigger) for TIM_SelectInputTrigger
    stm32f4xx_usart.o(i.USART_DeInit) refers to stm32f4xx_rcc.o(i.RCC_APB2PeriphResetCmd) for RCC_APB2PeriphResetCmd
    stm32f4xx_usart.o(i.USART_DeInit) refers to stm32f4xx_rcc.o(i.RCC_APB1PeriphResetCmd) for RCC_APB1PeriphResetCmd
    stm32f4xx_usart.o(i.USART_Init) refers to stm32f4xx_rcc.o(i.RCC_GetClocksFreq) for RCC_GetClocksFreq
    stm32f4xx_wwdg.o(i.WWDG_DeInit) refers to stm32f4xx_rcc.o(i.RCC_APB1PeriphResetCmd) for RCC_APB1PeriphResetCmd
    __main.o(!!!main) refers to __rtentry.o(.ARM.Collect$$rtentry$$00000000) for __rt_entry
    __rtentry.o(.ARM.Collect$$rtentry$$00000000) refers (Special) to __rtentry2.o(.ARM.Collect$$rtentry$$0000000A) for __rt_entry_li
    __rtentry.o(.ARM.Collect$$rtentry$$00000000) refers (Special) to __rtentry2.o(.ARM.Collect$$rtentry$$0000000D) for __rt_entry_main
    __rtentry.o(.ARM.Collect$$rtentry$$00000000) refers (Special) to __rtentry2.o(.ARM.Collect$$rtentry$$0000000C) for __rt_entry_postli_1
    __rtentry.o(.ARM.Collect$$rtentry$$00000000) refers (Special) to __rtentry2.o(.ARM.Collect$$rtentry$$00000009) for __rt_entry_postsh_1
    __rtentry.o(.ARM.Collect$$rtentry$$00000000) refers (Special) to __rtentry2.o(.ARM.Collect$$rtentry$$00000002) for __rt_entry_presh_1
    __rtentry.o(.ARM.Collect$$rtentry$$00000000) refers (Special) to __rtentry4.o(.ARM.Collect$$rtentry$$00000004) for __rt_entry_sh
    __rtentry2.o(.ARM.Collect$$rtentry$$00000008) refers to boardinit2.o(.text) for _platform_post_stackheap_init
    __rtentry2.o(.ARM.Collect$$rtentry$$0000000A) refers to libinit.o(.ARM.Collect$$libinit$$00000000) for __rt_lib_init
    __rtentry2.o(.ARM.Collect$$rtentry$$0000000B) refers to boardinit3.o(.text) for _platform_post_lib_init
    __rtentry2.o(.ARM.Collect$$rtentry$$0000000D) refers to main.o(i.main) for main
    __rtentry2.o(.ARM.Collect$$rtentry$$0000000D) refers to exit.o(.text) for exit
    __rtentry2.o(.ARM.exidx) refers to __rtentry2.o(.ARM.Collect$$rtentry$$00000001) for .ARM.Collect$$rtentry$$00000001
    __rtentry2.o(.ARM.exidx) refers to __rtentry2.o(.ARM.Collect$$rtentry$$00000008) for .ARM.Collect$$rtentry$$00000008
    __rtentry2.o(.ARM.exidx) refers to __rtentry2.o(.ARM.Collect$$rtentry$$0000000A) for .ARM.Collect$$rtentry$$0000000A
    __rtentry2.o(.ARM.exidx) refers to __rtentry2.o(.ARM.Collect$$rtentry$$0000000B) for .ARM.Collect$$rtentry$$0000000B
    __rtentry2.o(.ARM.exidx) refers to __rtentry2.o(.ARM.Collect$$rtentry$$0000000D) for .ARM.Collect$$rtentry$$0000000D
    __rtentry4.o(.ARM.Collect$$rtentry$$00000004) refers to sys_stackheap_outer.o(.text) for __user_setup_stackheap
    __rtentry4.o(.ARM.exidx) refers to __rtentry4.o(.ARM.Collect$$rtentry$$00000004) for .ARM.Collect$$rtentry$$00000004
    sys_stackheap_outer.o(.text) refers to libspace.o(.text) for __user_perproc_libspace
    sys_stackheap_outer.o(.text) refers to startup_armcm4.o(.text) for __user_initial_stackheap
    exit.o(.text) refers to rtexit.o(.ARM.Collect$$rtexit$$00000000) for __rt_exit
    libinit.o(.ARM.Collect$$libinit$$00000000) refers (Special) to libinit2.o(.ARM.Collect$$libinit$$0000002E) for __rt_lib_init_alloca_1
    libinit.o(.ARM.Collect$$libinit$$00000000) refers (Special) to libinit2.o(.ARM.Collect$$libinit$$0000002C) for __rt_lib_init_argv_1
    libinit.o(.ARM.Collect$$libinit$$00000000) refers (Special) to libinit2.o(.ARM.Collect$$libinit$$0000001B) for __rt_lib_init_atexit_1
    libinit.o(.ARM.Collect$$libinit$$00000000) refers (Special) to libinit2.o(.ARM.Collect$$libinit$$00000021) for __rt_lib_init_clock_1
    libinit.o(.ARM.Collect$$libinit$$00000000) refers (Special) to libinit2.o(.ARM.Collect$$libinit$$00000032) for __rt_lib_init_cpp_1
    libinit.o(.ARM.Collect$$libinit$$00000000) refers (Special) to libinit2.o(.ARM.Collect$$libinit$$00000030) for __rt_lib_init_exceptions_1
    libinit.o(.ARM.Collect$$libinit$$00000000) refers (Special) to libinit2.o(.ARM.Collect$$libinit$$00000001) for __rt_lib_init_fp_1
    libinit.o(.ARM.Collect$$libinit$$00000000) refers (Special) to libinit2.o(.ARM.Collect$$libinit$$0000001F) for __rt_lib_init_fp_trap_1
    libinit.o(.ARM.Collect$$libinit$$00000000) refers (Special) to libinit2.o(.ARM.Collect$$libinit$$00000023) for __rt_lib_init_getenv_1
    libinit.o(.ARM.Collect$$libinit$$00000000) refers (Special) to libinit2.o(.ARM.Collect$$libinit$$0000000A) for __rt_lib_init_heap_1
    libinit.o(.ARM.Collect$$libinit$$00000000) refers (Special) to libinit2.o(.ARM.Collect$$libinit$$00000011) for __rt_lib_init_lc_collate_1
    libinit.o(.ARM.Collect$$libinit$$00000000) refers (Special) to libinit2.o(.ARM.Collect$$libinit$$00000013) for __rt_lib_init_lc_ctype_1
    libinit.o(.ARM.Collect$$libinit$$00000000) refers (Special) to libinit2.o(.ARM.Collect$$libinit$$00000015) for __rt_lib_init_lc_monetary_1
    libinit.o(.ARM.Collect$$libinit$$00000000) refers (Special) to libinit2.o(.ARM.Collect$$libinit$$00000017) for __rt_lib_init_lc_numeric_1
    libinit.o(.ARM.Collect$$libinit$$00000000) refers (Special) to libinit2.o(.ARM.Collect$$libinit$$00000019) for __rt_lib_init_lc_time_1
    libinit.o(.ARM.Collect$$libinit$$00000000) refers (Special) to libinit2.o(.ARM.Collect$$libinit$$00000004) for __rt_lib_init_preinit_1
    libinit.o(.ARM.Collect$$libinit$$00000000) refers (Special) to libinit2.o(.ARM.Collect$$libinit$$0000000E) for __rt_lib_init_rand_1
    libinit.o(.ARM.Collect$$libinit$$00000000) refers (Special) to libinit2.o(.ARM.Collect$$libinit$$00000033) for __rt_lib_init_return
    libinit.o(.ARM.Collect$$libinit$$00000000) refers (Special) to libinit2.o(.ARM.Collect$$libinit$$0000001D) for __rt_lib_init_signal_1
    libinit.o(.ARM.Collect$$libinit$$00000000) refers (Special) to libinit2.o(.ARM.Collect$$libinit$$00000025) for __rt_lib_init_stdio_1
    libinit.o(.ARM.Collect$$libinit$$00000000) refers (Special) to libinit2.o(.ARM.Collect$$libinit$$0000000C) for __rt_lib_init_user_alloc_1
    libspace.o(.text) refers to libspace.o(.bss) for __libspace_start
    rtexit.o(.ARM.Collect$$rtexit$$00000000) refers (Special) to rtexit2.o(.ARM.Collect$$rtexit$$00000004) for __rt_exit_exit
    rtexit.o(.ARM.Collect$$rtexit$$00000000) refers (Special) to rtexit2.o(.ARM.Collect$$rtexit$$00000003) for __rt_exit_ls
    rtexit.o(.ARM.Collect$$rtexit$$00000000) refers (Special) to rtexit2.o(.ARM.Collect$$rtexit$$00000002) for __rt_exit_prels_1
    rtexit.o(.ARM.exidx) refers (Special) to rtexit2.o(.ARM.Collect$$rtexit$$00000004) for __rt_exit_exit
    rtexit.o(.ARM.exidx) refers (Special) to rtexit2.o(.ARM.Collect$$rtexit$$00000003) for __rt_exit_ls
    rtexit.o(.ARM.exidx) refers (Special) to rtexit2.o(.ARM.Collect$$rtexit$$00000002) for __rt_exit_prels_1
    rtexit.o(.ARM.exidx) refers to rtexit.o(.ARM.Collect$$rtexit$$00000000) for .ARM.Collect$$rtexit$$00000000
    libinit2.o(.ARM.Collect$$libinit$$00000001) refers to fpinit.o(x$fpl$fpinit) for _fp_init
    libinit2.o(.ARM.Collect$$libinit$$00000010) refers to libinit2.o(.ARM.Collect$$libinit$$0000000F) for .ARM.Collect$$libinit$$0000000F
    libinit2.o(.ARM.Collect$$libinit$$00000012) refers to libinit2.o(.ARM.Collect$$libinit$$0000000F) for .ARM.Collect$$libinit$$0000000F
    libinit2.o(.ARM.Collect$$libinit$$00000014) refers to libinit2.o(.ARM.Collect$$libinit$$0000000F) for .ARM.Collect$$libinit$$0000000F
    libinit2.o(.ARM.Collect$$libinit$$00000016) refers to libinit2.o(.ARM.Collect$$libinit$$0000000F) for .ARM.Collect$$libinit$$0000000F
    libinit2.o(.ARM.Collect$$libinit$$00000018) refers to libinit2.o(.ARM.Collect$$libinit$$0000000F) for .ARM.Collect$$libinit$$0000000F
    libinit2.o(.ARM.Collect$$libinit$$00000026) refers to argv_veneer.o(.emb_text) for __ARM_argv_veneer
    libinit2.o(.ARM.Collect$$libinit$$00000027) refers to argv_veneer.o(.emb_text) for __ARM_argv_veneer
    rtexit2.o(.ARM.Collect$$rtexit$$00000003) refers to libshutdown.o(.ARM.Collect$$libshutdown$$00000000) for __rt_lib_shutdown
    rtexit2.o(.ARM.Collect$$rtexit$$00000004) refers to sys_exit.o(.text) for _sys_exit
    rtexit2.o(.ARM.exidx) refers to rtexit2.o(.ARM.Collect$$rtexit$$00000001) for .ARM.Collect$$rtexit$$00000001
    rtexit2.o(.ARM.exidx) refers to rtexit2.o(.ARM.Collect$$rtexit$$00000003) for .ARM.Collect$$rtexit$$00000003
    rtexit2.o(.ARM.exidx) refers to rtexit2.o(.ARM.Collect$$rtexit$$00000004) for .ARM.Collect$$rtexit$$00000004
    argv_veneer.o(.emb_text) refers to no_argv.o(.text) for __ARM_get_argv
    sys_exit.o(.text) refers (Special) to use_no_semi.o(.text) for __I$use$semihosting
    sys_exit.o(.text) refers (Special) to indicate_semi.o(.text) for __semihosting_library_function
    _get_argv_nomalloc.o(.text) refers (Special) to hrguard.o(.text) for __heap_region$guard
    _get_argv_nomalloc.o(.text) refers to defsig_rtmem_outer.o(.text) for __rt_SIGRTMEM
    _get_argv_nomalloc.o(.text) refers to sys_command.o(.text) for _sys_command_string
    libshutdown.o(.ARM.Collect$$libshutdown$$00000000) refers (Special) to libshutdown2.o(.ARM.Collect$$libshutdown$$00000002) for __rt_lib_shutdown_cpp_1
    libshutdown.o(.ARM.Collect$$libshutdown$$00000000) refers (Special) to libshutdown2.o(.ARM.Collect$$libshutdown$$00000007) for __rt_lib_shutdown_fp_trap_1
    libshutdown.o(.ARM.Collect$$libshutdown$$00000000) refers (Special) to libshutdown2.o(.ARM.Collect$$libshutdown$$0000000F) for __rt_lib_shutdown_heap_1
    libshutdown.o(.ARM.Collect$$libshutdown$$00000000) refers (Special) to libshutdown2.o(.ARM.Collect$$libshutdown$$00000010) for __rt_lib_shutdown_return
    libshutdown.o(.ARM.Collect$$libshutdown$$00000000) refers (Special) to libshutdown2.o(.ARM.Collect$$libshutdown$$0000000A) for __rt_lib_shutdown_signal_1
    libshutdown.o(.ARM.Collect$$libshutdown$$00000000) refers (Special) to libshutdown2.o(.ARM.Collect$$libshutdown$$00000004) for __rt_lib_shutdown_stdio_1
    libshutdown.o(.ARM.Collect$$libshutdown$$00000000) refers (Special) to libshutdown2.o(.ARM.Collect$$libshutdown$$0000000C) for __rt_lib_shutdown_user_alloc_1
    sys_command.o(.text) refers (Special) to use_no_semi.o(.text) for __I$use$semihosting
    sys_command.o(.text) refers (Special) to indicate_semi.o(.text) for __semihosting_library_function
    defsig_rtmem_outer.o(.text) refers to defsig_rtmem_inner.o(.text) for __rt_SIGRTMEM_inner
    defsig_rtmem_outer.o(.text) refers to defsig_exit.o(.text) for __sig_exit
    defsig_rtmem_formal.o(.text) refers to rt_raise.o(.text) for __rt_raise
    rt_raise.o(.text) refers to __raise.o(.text) for __raise
    rt_raise.o(.text) refers to sys_exit.o(.text) for _sys_exit
    defsig_exit.o(.text) refers to sys_exit.o(.text) for _sys_exit
    defsig_rtmem_inner.o(.text) refers to defsig_general.o(.text) for __default_signal_display
    __raise.o(.text) refers to defsig.o(CL$$defsig) for __default_signal_handler
    defsig_general.o(.text) refers to sys_wrch.o(.text) for _ttywrch
    sys_wrch.o(.text) refers (Special) to use_no_semi.o(.text) for __I$use$semihosting
    sys_wrch.o(.text) refers (Special) to indicate_semi.o(.text) for __semihosting_library_function
    defsig.o(CL$$defsig) refers to defsig_rtmem_inner.o(.text) for __rt_SIGRTMEM_inner
    defsig_abrt_inner.o(.text) refers to defsig_general.o(.text) for __default_signal_display
    defsig_fpe_inner.o(.text) refers to defsig_general.o(.text) for __default_signal_display
    defsig_rtred_inner.o(.text) refers to defsig_general.o(.text) for __default_signal_display
    defsig_stak_inner.o(.text) refers to defsig_general.o(.text) for __default_signal_display
    defsig_pvfn_inner.o(.text) refers to defsig_general.o(.text) for __default_signal_display
    defsig_cppl_inner.o(.text) refers to defsig_general.o(.text) for __default_signal_display
    defsig_segv_inner.o(.text) refers to defsig_general.o(.text) for __default_signal_display
    defsig_other.o(.text) refers to defsig_general.o(.text) for __default_signal_display


==============================================================================

Removing Unused input sections from the image.

    Removing main.o(.rev16_text), (4 bytes).
    Removing main.o(.revsh_text), (4 bytes).
    Removing system_stm32f4xx.o(.rev16_text), (4 bytes).
    Removing system_stm32f4xx.o(.revsh_text), (4 bytes).
    Removing system_stm32f4xx.o(i.SystemCoreClockUpdate), (192 bytes).
    Removing system_stm32f4xx.o(.data), (20 bytes).
    Removing tm_stm32f4_dma.o(.rev16_text), (4 bytes).
    Removing tm_stm32f4_dma.o(.revsh_text), (4 bytes).
    Removing tm_stm32f4_dma.o(i.DMA1_Stream0_IRQHandler), (16 bytes).
    Removing tm_stm32f4_dma.o(i.DMA1_Stream1_IRQHandler), (16 bytes).
    Removing tm_stm32f4_dma.o(i.DMA1_Stream2_IRQHandler), (16 bytes).
    Removing tm_stm32f4_dma.o(i.DMA1_Stream3_IRQHandler), (16 bytes).
    Removing tm_stm32f4_dma.o(i.DMA1_Stream4_IRQHandler), (16 bytes).
    Removing tm_stm32f4_dma.o(i.DMA1_Stream5_IRQHandler), (16 bytes).
    Removing tm_stm32f4_dma.o(i.DMA1_Stream6_IRQHandler), (16 bytes).
    Removing tm_stm32f4_dma.o(i.DMA1_Stream7_IRQHandler), (16 bytes).
    Removing tm_stm32f4_dma.o(i.DMA2_Stream0_IRQHandler), (16 bytes).
    Removing tm_stm32f4_dma.o(i.DMA2_Stream1_IRQHandler), (16 bytes).
    Removing tm_stm32f4_dma.o(i.DMA2_Stream2_IRQHandler), (16 bytes).
    Removing tm_stm32f4_dma.o(i.DMA2_Stream3_IRQHandler), (16 bytes).
    Removing tm_stm32f4_dma.o(i.DMA2_Stream4_IRQHandler), (16 bytes).
    Removing tm_stm32f4_dma.o(i.DMA2_Stream5_IRQHandler), (16 bytes).
    Removing tm_stm32f4_dma.o(i.DMA2_Stream6_IRQHandler), (16 bytes).
    Removing tm_stm32f4_dma.o(i.DMA2_Stream7_IRQHandler), (16 bytes).
    Removing tm_stm32f4_dma.o(i.TM_DMA_ClearFlags), (14 bytes).
    Removing tm_stm32f4_dma.o(i.TM_DMA_DirectModeErrorHandler), (2 bytes).
    Removing tm_stm32f4_dma.o(i.TM_DMA_DisableInterrupts), (104 bytes).
    Removing tm_stm32f4_dma.o(i.TM_DMA_EnableInterrupts), (120 bytes).
    Removing tm_stm32f4_dma.o(i.TM_DMA_FIFOErrorHandler), (2 bytes).
    Removing tm_stm32f4_dma.o(i.TM_DMA_GetFlags), (84 bytes).
    Removing tm_stm32f4_dma.o(i.TM_DMA_HalfTransferCompleteHandler), (2 bytes).
    Removing tm_stm32f4_dma.o(i.TM_DMA_INT_ProcessInterrupt), (124 bytes).
    Removing tm_stm32f4_dma.o(i.TM_DMA_TransferCompleteHandler), (2 bytes).
    Removing tm_stm32f4_dma.o(i.TM_DMA_TransferErrorHandler), (2 bytes).
    Removing tm_stm32f4_fonts.o(.rev16_text), (4 bytes).
    Removing tm_stm32f4_fonts.o(.revsh_text), (4 bytes).
    Removing tm_stm32f4_fonts.o(i.TM_FONTS_GetStringSize), (28 bytes).
    Removing tm_stm32f4_gpio.o(.rev16_text), (4 bytes).
    Removing tm_stm32f4_gpio.o(.revsh_text), (4 bytes).
    Removing tm_stm32f4_gpio.o(i.TM_GPIO_DeInit), (72 bytes).
    Removing tm_stm32f4_gpio.o(i.TM_GPIO_GetFreePins), (28 bytes).
    Removing tm_stm32f4_gpio.o(i.TM_GPIO_GetPinSource), (18 bytes).
    Removing tm_stm32f4_gpio.o(i.TM_GPIO_GetUsedPins), (24 bytes).
    Removing tm_stm32f4_gpio.o(i.TM_GPIO_INT_DisableClock), (32 bytes).
    Removing tm_stm32f4_gpio.o(i.TM_GPIO_Lock), (16 bytes).
    Removing tm_stm32f4_gpio.o(i.TM_GPIO_SetPinAsAlternate), (50 bytes).
    Removing tm_stm32f4_gpio.o(i.TM_GPIO_SetPinAsAnalog), (38 bytes).
    Removing tm_stm32f4_gpio.o(i.TM_GPIO_SetPinAsInput), (38 bytes).
    Removing tm_stm32f4_gpio.o(i.TM_GPIO_SetPinAsOutput), (46 bytes).
    Removing tm_stm32f4_gpio.o(i.TM_GPIO_SetPullResistor), (50 bytes).
    Removing tm_stm32f4_ili9341.o(.rev16_text), (4 bytes).
    Removing tm_stm32f4_ili9341.o(.revsh_text), (4 bytes).
    Removing tm_stm32f4_ili9341.o(i.TM_ILI9341_DisplayOff), (10 bytes).
    Removing tm_stm32f4_ili9341.o(i.TM_ILI9341_DisplayOn), (10 bytes).
    Removing tm_stm32f4_ili9341.o(i.TM_ILI9341_DrawFilledRectangle), (72 bytes).
    Removing tm_stm32f4_ili9341.o(i.TM_ILI9341_DrawRectangle), (74 bytes).
    Removing tm_stm32f4_ili9341.o(i.TM_ILI9341_GetStringSize), (28 bytes).
    Removing tm_stm32f4_spi.o(.rev16_text), (4 bytes).
    Removing tm_stm32f4_spi.o(.revsh_text), (4 bytes).
    Removing tm_stm32f4_spi.o(i.TM_SPI_GetPrescalerFromMaxFrequency), (104 bytes).
    Removing tm_stm32f4_spi.o(i.TM_SPI_InitFull), (164 bytes).
    Removing tm_stm32f4_spi.o(i.TM_SPI_InitWithMode), (204 bytes).
    Removing tm_stm32f4_spi.o(i.TM_SPI_ReadMulti), (78 bytes).
    Removing tm_stm32f4_spi.o(i.TM_SPI_ReadMulti16), (80 bytes).
    Removing tm_stm32f4_spi.o(i.TM_SPI_SendMulti), (80 bytes).
    Removing tm_stm32f4_spi.o(i.TM_SPI_SendMulti16), (84 bytes).
    Removing tm_stm32f4_spi.o(i.TM_SPI_WriteMulti), (78 bytes).
    Removing tm_stm32f4_spi.o(i.TM_SPI_WriteMulti16), (80 bytes).
    Removing tm_stm32f4_spi_dma.o(.rev16_text), (4 bytes).
    Removing tm_stm32f4_spi_dma.o(.revsh_text), (4 bytes).
    Removing tm_stm32f4_spi_dma.o(i.TM_SPI_DMA_Deinit), (26 bytes).
    Removing tm_stm32f4_spi_dma.o(i.TM_SPI_DMA_DisableInterrupts), (26 bytes).
    Removing tm_stm32f4_spi_dma.o(i.TM_SPI_DMA_EnableInterrupts), (26 bytes).
    Removing tm_stm32f4_spi_dma.o(i.TM_SPI_DMA_GetStreamRX), (14 bytes).
    Removing tm_stm32f4_spi_dma.o(i.TM_SPI_DMA_GetStreamTX), (14 bytes).
    Removing tm_stm32f4_spi_dma.o(i.TM_SPI_DMA_InitWithStreamAndChannel), (44 bytes).
    Removing tm_stm32f4_spi_dma.o(i.TM_SPI_DMA_SendByte), (108 bytes).
    Removing tm_stm32f4_spi_dma.o(i.TM_SPI_DMA_Transmit), (208 bytes).
    Removing misc.o(.rev16_text), (4 bytes).
    Removing misc.o(.revsh_text), (4 bytes).
    Removing misc.o(i.NVIC_Init), (184 bytes).
    Removing misc.o(i.NVIC_PriorityGroupConfig), (64 bytes).
    Removing misc.o(i.NVIC_SetVectorTable), (76 bytes).
    Removing misc.o(i.NVIC_SystemLPConfig), (80 bytes).
    Removing misc.o(i.SysTick_CLKSourceConfig), (64 bytes).
    Removing stm32f4xx_adc.o(.rev16_text), (4 bytes).
    Removing stm32f4xx_adc.o(.revsh_text), (4 bytes).
    Removing stm32f4xx_adc.o(i.ADC_AnalogWatchdogCmd), (128 bytes).
    Removing stm32f4xx_adc.o(i.ADC_AnalogWatchdogSingleChannelConfig), (148 bytes).
    Removing stm32f4xx_adc.o(i.ADC_AnalogWatchdogThresholdsConfig), (92 bytes).
    Removing stm32f4xx_adc.o(i.ADC_AutoInjectedConvCmd), (88 bytes).
    Removing stm32f4xx_adc.o(i.ADC_ClearFlag), (76 bytes).
    Removing stm32f4xx_adc.o(i.ADC_ClearITPendingBit), (100 bytes).
    Removing stm32f4xx_adc.o(i.ADC_Cmd), (88 bytes).
    Removing stm32f4xx_adc.o(i.ADC_CommonInit), (356 bytes).
    Removing stm32f4xx_adc.o(i.ADC_CommonStructInit), (12 bytes).
    Removing stm32f4xx_adc.o(i.ADC_ContinuousModeCmd), (88 bytes).
    Removing stm32f4xx_adc.o(i.ADC_DMACmd), (88 bytes).
    Removing stm32f4xx_adc.o(i.ADC_DMARequestAfterLastTransferCmd), (88 bytes).
    Removing stm32f4xx_adc.o(i.ADC_DeInit), (22 bytes).
    Removing stm32f4xx_adc.o(i.ADC_DiscModeChannelCountConfig), (92 bytes).
    Removing stm32f4xx_adc.o(i.ADC_DiscModeCmd), (88 bytes).
    Removing stm32f4xx_adc.o(i.ADC_EOCOnEachRegularChannelCmd), (88 bytes).
    Removing stm32f4xx_adc.o(i.ADC_ExternalTrigInjectedConvConfig), (168 bytes).
    Removing stm32f4xx_adc.o(i.ADC_ExternalTrigInjectedConvEdgeConfig), (96 bytes).
    Removing stm32f4xx_adc.o(i.ADC_GetConversionValue), (52 bytes).
    Removing stm32f4xx_adc.o(i.ADC_GetFlagStatus), (104 bytes).
    Removing stm32f4xx_adc.o(i.ADC_GetITStatus), (136 bytes).
    Removing stm32f4xx_adc.o(i.ADC_GetInjectedConversionValue), (100 bytes).
    Removing stm32f4xx_adc.o(i.ADC_GetMultiModeConversionValue), (12 bytes).
    Removing stm32f4xx_adc.o(i.ADC_GetSoftwareStartConvStatus), (68 bytes).
    Removing stm32f4xx_adc.o(i.ADC_GetSoftwareStartInjectedConvCmdStatus), (68 bytes).
    Removing stm32f4xx_adc.o(i.ADC_ITConfig), (144 bytes).
    Removing stm32f4xx_adc.o(i.ADC_Init), (440 bytes).
    Removing stm32f4xx_adc.o(i.ADC_InjectedChannelConfig), (344 bytes).
    Removing stm32f4xx_adc.o(i.ADC_InjectedDiscModeCmd), (88 bytes).
    Removing stm32f4xx_adc.o(i.ADC_InjectedSequencerLengthConfig), (92 bytes).
    Removing stm32f4xx_adc.o(i.ADC_MultiModeDMARequestAfterLastTransferCmd), (64 bytes).
    Removing stm32f4xx_adc.o(i.ADC_RegularChannelConfig), (420 bytes).
    Removing stm32f4xx_adc.o(i.ADC_SetInjectedOffset), (116 bytes).
    Removing stm32f4xx_adc.o(i.ADC_SoftwareStartConv), (56 bytes).
    Removing stm32f4xx_adc.o(i.ADC_SoftwareStartInjectedConv), (56 bytes).
    Removing stm32f4xx_adc.o(i.ADC_StructInit), (20 bytes).
    Removing stm32f4xx_adc.o(i.ADC_TempSensorVrefintCmd), (64 bytes).
    Removing stm32f4xx_adc.o(i.ADC_VBATCmd), (64 bytes).
    Removing stm32f4xx_can.o(.rev16_text), (4 bytes).
    Removing stm32f4xx_can.o(.revsh_text), (4 bytes).
    Removing stm32f4xx_can.o(i.CAN_CancelTransmit), (104 bytes).
    Removing stm32f4xx_can.o(i.CAN_ClearFlag), (196 bytes).
    Removing stm32f4xx_can.o(i.CAN_ClearITPendingBit), (280 bytes).
    Removing stm32f4xx_can.o(i.CAN_DBGFreeze), (80 bytes).
    Removing stm32f4xx_can.o(i.CAN_DeInit), (84 bytes).
    Removing stm32f4xx_can.o(i.CAN_FIFORelease), (80 bytes).
    Removing stm32f4xx_can.o(i.CAN_FilterInit), (372 bytes).
    Removing stm32f4xx_can.o(i.CAN_GetFlagStatus), (304 bytes).
    Removing stm32f4xx_can.o(i.CAN_GetITStatus), (404 bytes).
    Removing stm32f4xx_can.o(i.CAN_GetLSBTransmitErrorCounter), (48 bytes).
    Removing stm32f4xx_can.o(i.CAN_GetLastErrorCode), (48 bytes).
    Removing stm32f4xx_can.o(i.CAN_GetReceiveErrorCounter), (48 bytes).
    Removing stm32f4xx_can.o(i.CAN_ITConfig), (160 bytes).
    Removing stm32f4xx_can.o(i.CAN_Init), (580 bytes).
    Removing stm32f4xx_can.o(i.CAN_MessagePending), (88 bytes).
    Removing stm32f4xx_can.o(i.CAN_OperatingModeRequest), (224 bytes).
    Removing stm32f4xx_can.o(i.CAN_Receive), (296 bytes).
    Removing stm32f4xx_can.o(i.CAN_SlaveStartBank), (76 bytes).
    Removing stm32f4xx_can.o(i.CAN_Sleep), (68 bytes).
    Removing stm32f4xx_can.o(i.CAN_StructInit), (32 bytes).
    Removing stm32f4xx_can.o(i.CAN_TTComModeCmd), (160 bytes).
    Removing stm32f4xx_can.o(i.CAN_Transmit), (440 bytes).
    Removing stm32f4xx_can.o(i.CAN_TransmitStatus), (208 bytes).
    Removing stm32f4xx_can.o(i.CAN_WakeUp), (84 bytes).
    Removing stm32f4xx_can.o(i.CheckITStatus), (18 bytes).
    Removing stm32f4xx_crc.o(.rev16_text), (4 bytes).
    Removing stm32f4xx_crc.o(.revsh_text), (4 bytes).
    Removing stm32f4xx_crc.o(i.CRC_CalcBlockCRC), (36 bytes).
    Removing stm32f4xx_crc.o(i.CRC_CalcCRC), (16 bytes).
    Removing stm32f4xx_crc.o(i.CRC_GetCRC), (12 bytes).
    Removing stm32f4xx_crc.o(i.CRC_GetIDRegister), (12 bytes).
    Removing stm32f4xx_crc.o(i.CRC_ResetDR), (12 bytes).
    Removing stm32f4xx_crc.o(i.CRC_SetIDRegister), (12 bytes).
    Removing stm32f4xx_cryp.o(.rev16_text), (4 bytes).
    Removing stm32f4xx_cryp.o(.revsh_text), (4 bytes).
    Removing stm32f4xx_cryp.o(i.CRYP_Cmd), (56 bytes).
    Removing stm32f4xx_cryp.o(i.CRYP_DMACmd), (80 bytes).
    Removing stm32f4xx_cryp.o(i.CRYP_DataIn), (12 bytes).
    Removing stm32f4xx_cryp.o(i.CRYP_DataOut), (12 bytes).
    Removing stm32f4xx_cryp.o(i.CRYP_DeInit), (20 bytes).
    Removing stm32f4xx_cryp.o(i.CRYP_FIFOFlush), (20 bytes).
    Removing stm32f4xx_cryp.o(i.CRYP_GetCmdStatus), (24 bytes).
    Removing stm32f4xx_cryp.o(i.CRYP_GetFlagStatus), (84 bytes).
    Removing stm32f4xx_cryp.o(i.CRYP_GetITStatus), (48 bytes).
    Removing stm32f4xx_cryp.o(i.CRYP_ITConfig), (80 bytes).
    Removing stm32f4xx_cryp.o(i.CRYP_IVInit), (24 bytes).
    Removing stm32f4xx_cryp.o(i.CRYP_IVStructInit), (12 bytes).
    Removing stm32f4xx_cryp.o(i.CRYP_Init), (292 bytes).
    Removing stm32f4xx_cryp.o(i.CRYP_KeyInit), (40 bytes).
    Removing stm32f4xx_cryp.o(i.CRYP_KeyStructInit), (20 bytes).
    Removing stm32f4xx_cryp.o(i.CRYP_PhaseConfig), (56 bytes).
    Removing stm32f4xx_cryp.o(i.CRYP_RestoreContext), (148 bytes).
    Removing stm32f4xx_cryp.o(i.CRYP_SaveContext), (264 bytes).
    Removing stm32f4xx_cryp.o(i.CRYP_StructInit), (12 bytes).
    Removing stm32f4xx_cryp_aes.o(.rev16_text), (4 bytes).
    Removing stm32f4xx_cryp_aes.o(.revsh_text), (4 bytes).
    Removing stm32f4xx_cryp_aes.o(i.CRYP_AES_CBC), (540 bytes).
    Removing stm32f4xx_cryp_aes.o(i.CRYP_AES_CCM), (1778 bytes).
    Removing stm32f4xx_cryp_aes.o(i.CRYP_AES_CTR), (466 bytes).
    Removing stm32f4xx_cryp_aes.o(i.CRYP_AES_ECB), (494 bytes).
    Removing stm32f4xx_cryp_aes.o(i.CRYP_AES_GCM), (1308 bytes).
    Removing stm32f4xx_cryp_des.o(.rev16_text), (4 bytes).
    Removing stm32f4xx_cryp_des.o(.revsh_text), (4 bytes).
    Removing stm32f4xx_cryp_des.o(i.CRYP_DES_CBC), (248 bytes).
    Removing stm32f4xx_cryp_des.o(i.CRYP_DES_ECB), (224 bytes).
    Removing stm32f4xx_cryp_tdes.o(.rev16_text), (4 bytes).
    Removing stm32f4xx_cryp_tdes.o(.revsh_text), (4 bytes).
    Removing stm32f4xx_cryp_tdes.o(i.CRYP_TDES_CBC), (280 bytes).
    Removing stm32f4xx_cryp_tdes.o(i.CRYP_TDES_ECB), (256 bytes).
    Removing stm32f4xx_dac.o(.rev16_text), (4 bytes).
    Removing stm32f4xx_dac.o(.revsh_text), (4 bytes).
    Removing stm32f4xx_dac.o(i.DAC_ClearFlag), (56 bytes).
    Removing stm32f4xx_dac.o(i.DAC_ClearITPendingBit), (56 bytes).
    Removing stm32f4xx_dac.o(i.DAC_Cmd), (80 bytes).
    Removing stm32f4xx_dac.o(i.DAC_DMACmd), (84 bytes).
    Removing stm32f4xx_dac.o(i.DAC_DeInit), (22 bytes).
    Removing stm32f4xx_dac.o(i.DAC_DualSoftwareTriggerCmd), (56 bytes).
    Removing stm32f4xx_dac.o(i.DAC_GetDataOutputValue), (56 bytes).
    Removing stm32f4xx_dac.o(i.DAC_GetFlagStatus), (72 bytes).
    Removing stm32f4xx_dac.o(i.DAC_GetITStatus), (92 bytes).
    Removing stm32f4xx_dac.o(i.DAC_ITConfig), (100 bytes).
    Removing stm32f4xx_dac.o(i.DAC_Init), (372 bytes).
    Removing stm32f4xx_dac.o(i.DAC_SetChannel1Data), (76 bytes).
    Removing stm32f4xx_dac.o(i.DAC_SetChannel2Data), (76 bytes).
    Removing stm32f4xx_dac.o(i.DAC_SetDualChannelData), (112 bytes).
    Removing stm32f4xx_dac.o(i.DAC_SoftwareTriggerCmd), (84 bytes).
    Removing stm32f4xx_dac.o(i.DAC_StructInit), (12 bytes).
    Removing stm32f4xx_dac.o(i.DAC_WaveGenerationCmd), (104 bytes).
    Removing stm32f4xx_dbgmcu.o(.rev16_text), (4 bytes).
    Removing stm32f4xx_dbgmcu.o(.revsh_text), (4 bytes).
    Removing stm32f4xx_dbgmcu.o(i.DBGMCU_APB1PeriphConfig), (80 bytes).
    Removing stm32f4xx_dbgmcu.o(i.DBGMCU_APB2PeriphConfig), (80 bytes).
    Removing stm32f4xx_dbgmcu.o(i.DBGMCU_Config), (76 bytes).
    Removing stm32f4xx_dbgmcu.o(i.DBGMCU_GetDEVID), (16 bytes).
    Removing stm32f4xx_dbgmcu.o(i.DBGMCU_GetREVID), (12 bytes).
    Removing stm32f4xx_dcmi.o(.rev16_text), (4 bytes).
    Removing stm32f4xx_dcmi.o(.revsh_text), (4 bytes).
    Removing stm32f4xx_dcmi.o(i.DCMI_CROPCmd), (56 bytes).
    Removing stm32f4xx_dcmi.o(i.DCMI_CROPConfig), (32 bytes).
    Removing stm32f4xx_dcmi.o(i.DCMI_CaptureCmd), (56 bytes).
    Removing stm32f4xx_dcmi.o(i.DCMI_ClearFlag), (36 bytes).
    Removing stm32f4xx_dcmi.o(i.DCMI_ClearITPendingBit), (12 bytes).
    Removing stm32f4xx_dcmi.o(i.DCMI_Cmd), (56 bytes).
    Removing stm32f4xx_dcmi.o(i.DCMI_DeInit), (28 bytes).
    Removing stm32f4xx_dcmi.o(i.DCMI_GetFlagStatus), (144 bytes).
    Removing stm32f4xx_dcmi.o(i.DCMI_GetITStatus), (64 bytes).
    Removing stm32f4xx_dcmi.o(i.DCMI_ITConfig), (80 bytes).
    Removing stm32f4xx_dcmi.o(i.DCMI_Init), (252 bytes).
    Removing stm32f4xx_dcmi.o(i.DCMI_JPEGCmd), (56 bytes).
    Removing stm32f4xx_dcmi.o(i.DCMI_ReadData), (12 bytes).
    Removing stm32f4xx_dcmi.o(i.DCMI_SetEmbeddedSynchroCodes), (32 bytes).
    Removing stm32f4xx_dcmi.o(i.DCMI_StructInit), (18 bytes).
    Removing stm32f4xx_dma.o(.rev16_text), (4 bytes).
    Removing stm32f4xx_dma.o(.revsh_text), (4 bytes).
    Removing stm32f4xx_dma.o(i.DMA_ClearFlag), (232 bytes).
    Removing stm32f4xx_dma.o(i.DMA_ClearITPendingBit), (232 bytes).
    Removing stm32f4xx_dma.o(i.DMA_Cmd), (192 bytes).
    Removing stm32f4xx_dma.o(i.DMA_DeInit), (484 bytes).
    Removing stm32f4xx_dma.o(i.DMA_DoubleBufferModeCmd), (192 bytes).
    Removing stm32f4xx_dma.o(i.DMA_DoubleBufferModeConfig), (196 bytes).
    Removing stm32f4xx_dma.o(i.DMA_FlowControllerConfig), (192 bytes).
    Removing stm32f4xx_dma.o(i.DMA_GetCmdStatus), (168 bytes).
    Removing stm32f4xx_dma.o(i.DMA_GetCurrDataCounter), (156 bytes).
    Removing stm32f4xx_dma.o(i.DMA_GetCurrentMemoryTarget), (168 bytes).
    Removing stm32f4xx_dma.o(i.DMA_GetFIFOStatus), (160 bytes).
    Removing stm32f4xx_dma.o(i.DMA_GetFlagStatus), (556 bytes).
    Removing stm32f4xx_dma.o(i.DMA_GetITStatus), (660 bytes).
    Removing stm32f4xx_dma.o(i.DMA_ITConfig), (248 bytes).
    Removing stm32f4xx_dma.o(i.DMA_MemoryTargetConfig), (184 bytes).
    Removing stm32f4xx_dma.o(i.DMA_PeriphIncOffsetSizeConfig), (192 bytes).
    Removing stm32f4xx_dma.o(i.DMA_SetCurrDataCounter), (156 bytes).
    Removing stm32f4xx_dma.o(i.DMA_StructInit), (34 bytes).
    Removing stm32f4xx_dma2d.o(.rev16_text), (4 bytes).
    Removing stm32f4xx_dma2d.o(.revsh_text), (4 bytes).
    Removing stm32f4xx_dma2d.o(i.DMA2D_AbortTransfer), (20 bytes).
    Removing stm32f4xx_dma2d.o(i.DMA2D_BGConfig), (396 bytes).
    Removing stm32f4xx_dma2d.o(i.DMA2D_BGStart), (56 bytes).
    Removing stm32f4xx_dma2d.o(i.DMA2D_BG_StructInit), (26 bytes).
    Removing stm32f4xx_dma2d.o(i.DMA2D_ClearFlag), (52 bytes).
    Removing stm32f4xx_dma2d.o(i.DMA2D_ClearITPendingBit), (64 bytes).
    Removing stm32f4xx_dma2d.o(i.DMA2D_DeInit), (22 bytes).
    Removing stm32f4xx_dma2d.o(i.DMA2D_DeadTimeConfig), (92 bytes).
    Removing stm32f4xx_dma2d.o(i.DMA2D_FGConfig), (396 bytes).
    Removing stm32f4xx_dma2d.o(i.DMA2D_FGStart), (56 bytes).
    Removing stm32f4xx_dma2d.o(i.DMA2D_FG_StructInit), (26 bytes).
    Removing stm32f4xx_dma2d.o(i.DMA2D_GetFlagStatus), (64 bytes).
    Removing stm32f4xx_dma2d.o(i.DMA2D_GetITStatus), (96 bytes).
    Removing stm32f4xx_dma2d.o(i.DMA2D_ITConfig), (104 bytes).
    Removing stm32f4xx_dma2d.o(i.DMA2D_Init), (448 bytes).
    Removing stm32f4xx_dma2d.o(i.DMA2D_LineWatermarkConfig), (32 bytes).
    Removing stm32f4xx_dma2d.o(i.DMA2D_StartTransfer), (20 bytes).
    Removing stm32f4xx_dma2d.o(i.DMA2D_StructInit), (24 bytes).
    Removing stm32f4xx_dma2d.o(i.DMA2D_Suspend), (56 bytes).
    Removing stm32f4xx_exti.o(.rev16_text), (4 bytes).
    Removing stm32f4xx_exti.o(.revsh_text), (4 bytes).
    Removing stm32f4xx_exti.o(i.EXTI_ClearFlag), (36 bytes).
    Removing stm32f4xx_exti.o(i.EXTI_ClearITPendingBit), (36 bytes).
    Removing stm32f4xx_exti.o(i.EXTI_DeInit), (36 bytes).
    Removing stm32f4xx_exti.o(i.EXTI_GenerateSWInterrupt), (40 bytes).
    Removing stm32f4xx_exti.o(i.EXTI_GetFlagStatus), (164 bytes).
    Removing stm32f4xx_exti.o(i.EXTI_GetITStatus), (164 bytes).
    Removing stm32f4xx_exti.o(i.EXTI_Init), (248 bytes).
    Removing stm32f4xx_exti.o(i.EXTI_StructInit), (16 bytes).
    Removing stm32f4xx_flash.o(.rev16_text), (4 bytes).
    Removing stm32f4xx_flash.o(.revsh_text), (4 bytes).
    Removing stm32f4xx_flash.o(i.FLASH_ClearFlag), (40 bytes).
    Removing stm32f4xx_flash.o(i.FLASH_DataCacheCmd), (56 bytes).
    Removing stm32f4xx_flash.o(i.FLASH_DataCacheReset), (20 bytes).
    Removing stm32f4xx_flash.o(i.FLASH_EraseAllBank1Sectors), (136 bytes).
    Removing stm32f4xx_flash.o(i.FLASH_EraseAllBank2Sectors), (136 bytes).
    Removing stm32f4xx_flash.o(i.FLASH_EraseAllSectors), (136 bytes).
    Removing stm32f4xx_flash.o(i.FLASH_EraseSector), (272 bytes).
    Removing stm32f4xx_flash.o(i.FLASH_GetFlagStatus), (76 bytes).
    Removing stm32f4xx_flash.o(i.FLASH_GetStatus), (84 bytes).
    Removing stm32f4xx_flash.o(i.FLASH_ITConfig), (76 bytes).
    Removing stm32f4xx_flash.o(i.FLASH_InstructionCacheCmd), (56 bytes).
    Removing stm32f4xx_flash.o(i.FLASH_InstructionCacheReset), (20 bytes).
    Removing stm32f4xx_flash.o(i.FLASH_Lock), (20 bytes).
    Removing stm32f4xx_flash.o(i.FLASH_OB_BORConfig), (56 bytes).
    Removing stm32f4xx_flash.o(i.FLASH_OB_BootConfig), (48 bytes).
    Removing stm32f4xx_flash.o(i.FLASH_OB_GetBOR), (16 bytes).
    Removing stm32f4xx_flash.o(i.FLASH_OB_GetPCROP), (12 bytes).
    Removing stm32f4xx_flash.o(i.FLASH_OB_GetPCROP1), (12 bytes).
    Removing stm32f4xx_flash.o(i.FLASH_OB_GetRDP), (24 bytes).
    Removing stm32f4xx_flash.o(i.FLASH_OB_GetUser), (16 bytes).
    Removing stm32f4xx_flash.o(i.FLASH_OB_GetWRP), (12 bytes).
    Removing stm32f4xx_flash.o(i.FLASH_OB_GetWRP1), (12 bytes).
    Removing stm32f4xx_flash.o(i.FLASH_OB_Launch), (32 bytes).
    Removing stm32f4xx_flash.o(i.FLASH_OB_Lock), (20 bytes).
    Removing stm32f4xx_flash.o(i.FLASH_OB_PCROP1Config), (88 bytes).
    Removing stm32f4xx_flash.o(i.FLASH_OB_PCROPConfig), (88 bytes).
    Removing stm32f4xx_flash.o(i.FLASH_OB_PCROPSelectionConfig), (48 bytes).
    Removing stm32f4xx_flash.o(i.FLASH_OB_RDPConfig), (48 bytes).
    Removing stm32f4xx_flash.o(i.FLASH_OB_Unlock), (36 bytes).
    Removing stm32f4xx_flash.o(i.FLASH_OB_UserConfig), (112 bytes).
    Removing stm32f4xx_flash.o(i.FLASH_OB_WRP1Config), (88 bytes).
    Removing stm32f4xx_flash.o(i.FLASH_OB_WRPConfig), (88 bytes).
    Removing stm32f4xx_flash.o(i.FLASH_PrefetchBufferCmd), (56 bytes).
    Removing stm32f4xx_flash.o(i.FLASH_ProgramByte), (124 bytes).
    Removing stm32f4xx_flash.o(i.FLASH_ProgramDoubleWord), (136 bytes).
    Removing stm32f4xx_flash.o(i.FLASH_ProgramHalfWord), (128 bytes).
    Removing stm32f4xx_flash.o(i.FLASH_ProgramWord), (128 bytes).
    Removing stm32f4xx_flash.o(i.FLASH_SetLatency), (88 bytes).
    Removing stm32f4xx_flash.o(i.FLASH_Unlock), (36 bytes).
    Removing stm32f4xx_flash.o(i.FLASH_WaitForLastOperation), (34 bytes).
    Removing stm32f4xx_gpio.o(.rev16_text), (4 bytes).
    Removing stm32f4xx_gpio.o(.revsh_text), (4 bytes).
    Removing stm32f4xx_gpio.o(i.GPIO_DeInit), (392 bytes).
    Removing stm32f4xx_gpio.o(i.GPIO_Init), (412 bytes).
    Removing stm32f4xx_gpio.o(i.GPIO_PinAFConfig), (396 bytes).
    Removing stm32f4xx_gpio.o(i.GPIO_PinLockConfig), (180 bytes).
    Removing stm32f4xx_gpio.o(i.GPIO_ReadInputData), (132 bytes).
    Removing stm32f4xx_gpio.o(i.GPIO_ReadInputDataBit), (240 bytes).
    Removing stm32f4xx_gpio.o(i.GPIO_ReadOutputData), (132 bytes).
    Removing stm32f4xx_gpio.o(i.GPIO_ReadOutputDataBit), (240 bytes).
    Removing stm32f4xx_gpio.o(i.GPIO_StructInit), (18 bytes).
    Removing stm32f4xx_gpio.o(i.GPIO_ToggleBits), (136 bytes).
    Removing stm32f4xx_gpio.o(i.GPIO_Write), (132 bytes).
    Removing stm32f4xx_gpio.o(i.GPIO_WriteBit), (252 bytes).
    Removing stm32f4xx_hash.o(.rev16_text), (4 bytes).
    Removing stm32f4xx_hash.o(.revsh_text), (4 bytes).
    Removing stm32f4xx_hash.o(i.HASH_AutoStartDigest), (56 bytes).
    Removing stm32f4xx_hash.o(i.HASH_ClearFlag), (36 bytes).
    Removing stm32f4xx_hash.o(i.HASH_ClearITPendingBit), (36 bytes).
    Removing stm32f4xx_hash.o(i.HASH_DMACmd), (56 bytes).
    Removing stm32f4xx_hash.o(i.HASH_DataIn), (12 bytes).
    Removing stm32f4xx_hash.o(i.HASH_DeInit), (20 bytes).
    Removing stm32f4xx_hash.o(i.HASH_GetDigest), (72 bytes).
    Removing stm32f4xx_hash.o(i.HASH_GetFlagStatus), (80 bytes).
    Removing stm32f4xx_hash.o(i.HASH_GetITStatus), (56 bytes).
    Removing stm32f4xx_hash.o(i.HASH_GetInFIFOWordsNbr), (16 bytes).
    Removing stm32f4xx_hash.o(i.HASH_ITConfig), (76 bytes).
    Removing stm32f4xx_hash.o(i.HASH_Init), (212 bytes).
    Removing stm32f4xx_hash.o(i.HASH_Reset), (20 bytes).
    Removing stm32f4xx_hash.o(i.HASH_RestoreContext), (68 bytes).
    Removing stm32f4xx_hash.o(i.HASH_SaveContext), (60 bytes).
    Removing stm32f4xx_hash.o(i.HASH_SetLastWordValidBitsNbr), (48 bytes).
    Removing stm32f4xx_hash.o(i.HASH_StartDigest), (20 bytes).
    Removing stm32f4xx_hash.o(i.HASH_StructInit), (12 bytes).
    Removing stm32f4xx_hash_md5.o(.rev16_text), (4 bytes).
    Removing stm32f4xx_hash_md5.o(.revsh_text), (4 bytes).
    Removing stm32f4xx_hash_md5.o(i.HASH_MD5), (180 bytes).
    Removing stm32f4xx_hash_md5.o(i.HMAC_MD5), (354 bytes).
    Removing stm32f4xx_hash_sha1.o(.rev16_text), (4 bytes).
    Removing stm32f4xx_hash_sha1.o(.revsh_text), (4 bytes).
    Removing stm32f4xx_hash_sha1.o(i.HASH_SHA1), (186 bytes).
    Removing stm32f4xx_hash_sha1.o(i.HMAC_SHA1), (362 bytes).
    Removing stm32f4xx_i2c.o(.rev16_text), (4 bytes).
    Removing stm32f4xx_i2c.o(.revsh_text), (4 bytes).
    Removing stm32f4xx_i2c.o(i.I2C_ARPCmd), (92 bytes).
    Removing stm32f4xx_i2c.o(i.I2C_AcknowledgeConfig), (92 bytes).
    Removing stm32f4xx_i2c.o(i.I2C_AnalogFilterCmd), (92 bytes).
    Removing stm32f4xx_i2c.o(i.I2C_CalculatePEC), (92 bytes).
    Removing stm32f4xx_i2c.o(i.I2C_CheckEvent), (272 bytes).
    Removing stm32f4xx_i2c.o(i.I2C_ClearFlag), (84 bytes).
    Removing stm32f4xx_i2c.o(i.I2C_ClearITPendingBit), (84 bytes).
    Removing stm32f4xx_i2c.o(i.I2C_Cmd), (92 bytes).
    Removing stm32f4xx_i2c.o(i.I2C_DMACmd), (92 bytes).
    Removing stm32f4xx_i2c.o(i.I2C_DMALastTransferCmd), (92 bytes).
    Removing stm32f4xx_i2c.o(i.I2C_DeInit), (124 bytes).
    Removing stm32f4xx_i2c.o(i.I2C_DigitalFilterConfig), (84 bytes).
    Removing stm32f4xx_i2c.o(i.I2C_DualAddressCmd), (92 bytes).
    Removing stm32f4xx_i2c.o(i.I2C_FastModeDutyCycleConfig), (104 bytes).
    Removing stm32f4xx_i2c.o(i.I2C_GeneralCallCmd), (92 bytes).
    Removing stm32f4xx_i2c.o(i.I2C_GenerateSTART), (92 bytes).
    Removing stm32f4xx_i2c.o(i.I2C_GenerateSTOP), (92 bytes).
    Removing stm32f4xx_i2c.o(i.I2C_GetFlagStatus), (276 bytes).
    Removing stm32f4xx_i2c.o(i.I2C_GetITStatus), (220 bytes).
    Removing stm32f4xx_i2c.o(i.I2C_GetLastEvent), (76 bytes).
    Removing stm32f4xx_i2c.o(i.I2C_GetPEC), (52 bytes).
    Removing stm32f4xx_i2c.o(i.I2C_ITConfig), (108 bytes).
    Removing stm32f4xx_i2c.o(i.I2C_Init), (432 bytes).
    Removing stm32f4xx_i2c.o(i.I2C_NACKPositionConfig), (104 bytes).
    Removing stm32f4xx_i2c.o(i.I2C_OwnAddress2Config), (68 bytes).
    Removing stm32f4xx_i2c.o(i.I2C_PECPositionConfig), (104 bytes).
    Removing stm32f4xx_i2c.o(i.I2C_ReadRegister), (112 bytes).
    Removing stm32f4xx_i2c.o(i.I2C_ReceiveData), (52 bytes).
    Removing stm32f4xx_i2c.o(i.I2C_SMBusAlertConfig), (104 bytes).
    Removing stm32f4xx_i2c.o(i.I2C_Send7bitAddress), (84 bytes).
    Removing stm32f4xx_i2c.o(i.I2C_SendData), (52 bytes).
    Removing stm32f4xx_i2c.o(i.I2C_SoftwareResetCmd), (88 bytes).
    Removing stm32f4xx_i2c.o(i.I2C_StretchClockCmd), (92 bytes).
    Removing stm32f4xx_i2c.o(i.I2C_StructInit), (30 bytes).
    Removing stm32f4xx_i2c.o(i.I2C_TransmitPEC), (92 bytes).
    Removing stm32f4xx_iwdg.o(.rev16_text), (4 bytes).
    Removing stm32f4xx_iwdg.o(.revsh_text), (4 bytes).
    Removing stm32f4xx_iwdg.o(i.IWDG_Enable), (16 bytes).
    Removing stm32f4xx_iwdg.o(i.IWDG_GetFlagStatus), (48 bytes).
    Removing stm32f4xx_iwdg.o(i.IWDG_ReloadCounter), (16 bytes).
    Removing stm32f4xx_iwdg.o(i.IWDG_SetPrescaler), (52 bytes).
    Removing stm32f4xx_iwdg.o(i.IWDG_SetReload), (32 bytes).
    Removing stm32f4xx_iwdg.o(i.IWDG_WriteAccessCmd), (36 bytes).
    Removing stm32f4xx_ltdc.o(.rev16_text), (4 bytes).
    Removing stm32f4xx_ltdc.o(.revsh_text), (4 bytes).
    Removing stm32f4xx_ltdc.o(i.LTDC_CLUTCmd), (56 bytes).
    Removing stm32f4xx_ltdc.o(i.LTDC_CLUTInit), (116 bytes).
    Removing stm32f4xx_ltdc.o(i.LTDC_CLUTStructInit), (12 bytes).
    Removing stm32f4xx_ltdc.o(i.LTDC_ClearFlag), (44 bytes).
    Removing stm32f4xx_ltdc.o(i.LTDC_ClearITPendingBit), (36 bytes).
    Removing stm32f4xx_ltdc.o(i.LTDC_Cmd), (56 bytes).
    Removing stm32f4xx_ltdc.o(i.LTDC_ColorKeyingConfig), (152 bytes).
    Removing stm32f4xx_ltdc.o(i.LTDC_ColorKeyingStructInit), (10 bytes).
    Removing stm32f4xx_ltdc.o(i.LTDC_DeInit), (22 bytes).
    Removing stm32f4xx_ltdc.o(i.LTDC_DitherCmd), (56 bytes).
    Removing stm32f4xx_ltdc.o(i.LTDC_GetCDStatus), (56 bytes).
    Removing stm32f4xx_ltdc.o(i.LTDC_GetFlagStatus), (56 bytes).
    Removing stm32f4xx_ltdc.o(i.LTDC_GetITStatus), (68 bytes).
    Removing stm32f4xx_ltdc.o(i.LTDC_GetPosStatus), (44 bytes).
    Removing stm32f4xx_ltdc.o(i.LTDC_GetRGBWidth), (64 bytes).
    Removing stm32f4xx_ltdc.o(i.LTDC_ITConfig), (76 bytes).
    Removing stm32f4xx_ltdc.o(i.LTDC_Init), (572 bytes).
    Removing stm32f4xx_ltdc.o(i.LTDC_LIPConfig), (32 bytes).
    Removing stm32f4xx_ltdc.o(i.LTDC_LayerAddress), (4 bytes).
    Removing stm32f4xx_ltdc.o(i.LTDC_LayerAlpha), (4 bytes).
    Removing stm32f4xx_ltdc.o(i.LTDC_LayerCmd), (46 bytes).
    Removing stm32f4xx_ltdc.o(i.LTDC_LayerInit), (510 bytes).
    Removing stm32f4xx_ltdc.o(i.LTDC_LayerPixelFormat), (106 bytes).
    Removing stm32f4xx_ltdc.o(i.LTDC_LayerPosition), (160 bytes).
    Removing stm32f4xx_ltdc.o(i.LTDC_LayerSize), (116 bytes).
    Removing stm32f4xx_ltdc.o(i.LTDC_LayerStructInit), (48 bytes).
    Removing stm32f4xx_ltdc.o(i.LTDC_PosStructInit), (8 bytes).
    Removing stm32f4xx_ltdc.o(i.LTDC_RGBStructInit), (10 bytes).
    Removing stm32f4xx_ltdc.o(i.LTDC_ReloadConfig), (36 bytes).
    Removing stm32f4xx_ltdc.o(i.LTDC_StructInit), (34 bytes).
    Removing stm32f4xx_pwr.o(.rev16_text), (4 bytes).
    Removing stm32f4xx_pwr.o(.revsh_text), (4 bytes).
    Removing stm32f4xx_pwr.o(i.PWR_BackupAccessCmd), (32 bytes).
    Removing stm32f4xx_pwr.o(i.PWR_BackupRegulatorCmd), (32 bytes).
    Removing stm32f4xx_pwr.o(i.PWR_ClearFlag), (48 bytes).
    Removing stm32f4xx_pwr.o(i.PWR_DeInit), (22 bytes).
    Removing stm32f4xx_pwr.o(i.PWR_EnterSTANDBYMode), (52 bytes).
    Removing stm32f4xx_pwr.o(i.PWR_EnterSTOPMode), (108 bytes).
    Removing stm32f4xx_pwr.o(i.PWR_EnterUnderDriveSTOPMode), (116 bytes).
    Removing stm32f4xx_pwr.o(i.PWR_FlashPowerDownCmd), (32 bytes).
    Removing stm32f4xx_pwr.o(i.PWR_GetFlagStatus), (80 bytes).
    Removing stm32f4xx_pwr.o(i.PWR_MainRegulatorModeConfig), (56 bytes).
    Removing stm32f4xx_pwr.o(i.PWR_OverDriveCmd), (32 bytes).
    Removing stm32f4xx_pwr.o(i.PWR_OverDriveSWCmd), (32 bytes).
    Removing stm32f4xx_pwr.o(i.PWR_PVDCmd), (32 bytes).
    Removing stm32f4xx_pwr.o(i.PWR_PVDLevelConfig), (68 bytes).
    Removing stm32f4xx_pwr.o(i.PWR_UnderDriveCmd), (56 bytes).
    Removing stm32f4xx_pwr.o(i.PWR_WakeUpPinCmd), (32 bytes).
    Removing stm32f4xx_rcc.o(.rev16_text), (4 bytes).
    Removing stm32f4xx_rcc.o(.revsh_text), (4 bytes).
    Removing stm32f4xx_rcc.o(i.RCC_AHB1PeriphClockCmd), (80 bytes).
    Removing stm32f4xx_rcc.o(i.RCC_AHB1PeriphClockLPModeCmd), (80 bytes).
    Removing stm32f4xx_rcc.o(i.RCC_AHB1PeriphResetCmd), (80 bytes).
    Removing stm32f4xx_rcc.o(i.RCC_AHB2PeriphClockCmd), (76 bytes).
    Removing stm32f4xx_rcc.o(i.RCC_AHB2PeriphClockLPModeCmd), (76 bytes).
    Removing stm32f4xx_rcc.o(i.RCC_AHB2PeriphResetCmd), (76 bytes).
    Removing stm32f4xx_rcc.o(i.RCC_AHB3PeriphClockCmd), (76 bytes).
    Removing stm32f4xx_rcc.o(i.RCC_AHB3PeriphClockLPModeCmd), (76 bytes).
    Removing stm32f4xx_rcc.o(i.RCC_AHB3PeriphResetCmd), (76 bytes).
    Removing stm32f4xx_rcc.o(i.RCC_APB1PeriphClockCmd), (80 bytes).
    Removing stm32f4xx_rcc.o(i.RCC_APB1PeriphClockLPModeCmd), (80 bytes).
    Removing stm32f4xx_rcc.o(i.RCC_APB1PeriphResetCmd), (80 bytes).
    Removing stm32f4xx_rcc.o(i.RCC_APB2PeriphClockCmd), (80 bytes).
    Removing stm32f4xx_rcc.o(i.RCC_APB2PeriphClockLPModeCmd), (80 bytes).
    Removing stm32f4xx_rcc.o(i.RCC_APB2PeriphResetCmd), (80 bytes).
    Removing stm32f4xx_rcc.o(i.RCC_AdjustHSICalibrationValue), (44 bytes).
    Removing stm32f4xx_rcc.o(i.RCC_BackupResetCmd), (32 bytes).
    Removing stm32f4xx_rcc.o(i.RCC_ClearFlag), (20 bytes).
    Removing stm32f4xx_rcc.o(i.RCC_ClearITPendingBit), (28 bytes).
    Removing stm32f4xx_rcc.o(i.RCC_ClockSecuritySystemCmd), (32 bytes).
    Removing stm32f4xx_rcc.o(i.RCC_DeInit), (100 bytes).
    Removing stm32f4xx_rcc.o(i.RCC_GetClocksFreq), (232 bytes).
    Removing stm32f4xx_rcc.o(i.RCC_GetFlagStatus), (140 bytes).
    Removing stm32f4xx_rcc.o(i.RCC_GetITStatus), (72 bytes).
    Removing stm32f4xx_rcc.o(i.RCC_GetSYSCLKSource), (16 bytes).
    Removing stm32f4xx_rcc.o(i.RCC_HCLKConfig), (72 bytes).
    Removing stm32f4xx_rcc.o(i.RCC_HSEConfig), (44 bytes).
    Removing stm32f4xx_rcc.o(i.RCC_HSICmd), (32 bytes).
    Removing stm32f4xx_rcc.o(i.RCC_I2SCLKConfig), (32 bytes).
    Removing stm32f4xx_rcc.o(i.RCC_ITConfig), (76 bytes).
    Removing stm32f4xx_rcc.o(i.RCC_LSEConfig), (72 bytes).
    Removing stm32f4xx_rcc.o(i.RCC_LSICmd), (32 bytes).
    Removing stm32f4xx_rcc.o(i.RCC_LTDCCLKDivConfig), (56 bytes).
    Removing stm32f4xx_rcc.o(i.RCC_MCO1Config), (104 bytes).
    Removing stm32f4xx_rcc.o(i.RCC_MCO2Config), (104 bytes).
    Removing stm32f4xx_rcc.o(i.RCC_PCLK1Config), (64 bytes).
    Removing stm32f4xx_rcc.o(i.RCC_PCLK2Config), (64 bytes).
    Removing stm32f4xx_rcc.o(i.RCC_PLLCmd), (32 bytes).
    Removing stm32f4xx_rcc.o(i.RCC_PLLConfig), (160 bytes).
    Removing stm32f4xx_rcc.o(i.RCC_PLLI2SCmd), (32 bytes).
    Removing stm32f4xx_rcc.o(i.RCC_PLLI2SConfig), (64 bytes).
    Removing stm32f4xx_rcc.o(i.RCC_PLLSAICmd), (32 bytes).
    Removing stm32f4xx_rcc.o(i.RCC_PLLSAIConfig), (72 bytes).
    Removing stm32f4xx_rcc.o(i.RCC_RTCCLKCmd), (32 bytes).
    Removing stm32f4xx_rcc.o(i.RCC_RTCCLKConfig), (388 bytes).
    Removing stm32f4xx_rcc.o(i.RCC_SAIBlockACLKConfig), (52 bytes).
    Removing stm32f4xx_rcc.o(i.RCC_SAIBlockBCLKConfig), (52 bytes).
    Removing stm32f4xx_rcc.o(i.RCC_SAIPLLI2SClkDivConfig), (48 bytes).
    Removing stm32f4xx_rcc.o(i.RCC_SAIPLLSAIClkDivConfig), (52 bytes).
    Removing stm32f4xx_rcc.o(i.RCC_SYSCLKConfig), (48 bytes).
    Removing stm32f4xx_rcc.o(i.RCC_TIMCLKPresConfig), (32 bytes).
    Removing stm32f4xx_rcc.o(i.RCC_WaitForHSEStartUp), (56 bytes).
    Removing stm32f4xx_rcc.o(.data), (16 bytes).
    Removing stm32f4xx_rng.o(.rev16_text), (4 bytes).
    Removing stm32f4xx_rng.o(.revsh_text), (4 bytes).
    Removing stm32f4xx_rng.o(i.RNG_ClearFlag), (40 bytes).
    Removing stm32f4xx_rng.o(i.RNG_ClearITPendingBit), (40 bytes).
    Removing stm32f4xx_rng.o(i.RNG_Cmd), (56 bytes).
    Removing stm32f4xx_rng.o(i.RNG_DeInit), (20 bytes).
    Removing stm32f4xx_rng.o(i.RNG_GetFlagStatus), (52 bytes).
    Removing stm32f4xx_rng.o(i.RNG_GetITStatus), (48 bytes).
    Removing stm32f4xx_rng.o(i.RNG_GetRandomNumber), (12 bytes).
    Removing stm32f4xx_rng.o(i.RNG_ITConfig), (56 bytes).
    Removing stm32f4xx_rtc.o(.rev16_text), (4 bytes).
    Removing stm32f4xx_rtc.o(.revsh_text), (4 bytes).
    Removing stm32f4xx_rtc.o(i.RTC_AlarmCmd), (156 bytes).
    Removing stm32f4xx_rtc.o(i.RTC_AlarmStructInit), (22 bytes).
    Removing stm32f4xx_rtc.o(i.RTC_AlarmSubSecondConfig), (208 bytes).
    Removing stm32f4xx_rtc.o(i.RTC_Bcd2ToByte), (22 bytes).
    Removing stm32f4xx_rtc.o(i.RTC_BypassShadowCmd), (80 bytes).
    Removing stm32f4xx_rtc.o(i.RTC_ByteToBcd2), (28 bytes).
    Removing stm32f4xx_rtc.o(i.RTC_CalibOutputCmd), (80 bytes).
    Removing stm32f4xx_rtc.o(i.RTC_CalibOutputConfig), (72 bytes).
    Removing stm32f4xx_rtc.o(i.RTC_ClearFlag), (56 bytes).
    Removing stm32f4xx_rtc.o(i.RTC_ClearITPendingBit), (56 bytes).
    Removing stm32f4xx_rtc.o(i.RTC_CoarseCalibCmd), (100 bytes).
    Removing stm32f4xx_rtc.o(i.RTC_CoarseCalibConfig), (92 bytes).
    Removing stm32f4xx_rtc.o(i.RTC_DateStructInit), (14 bytes).
    Removing stm32f4xx_rtc.o(i.RTC_DayLightSavingConfig), (104 bytes).
    Removing stm32f4xx_rtc.o(i.RTC_DeInit), (212 bytes).
    Removing stm32f4xx_rtc.o(i.RTC_EnterInitMode), (80 bytes).
    Removing stm32f4xx_rtc.o(i.RTC_ExitInitMode), (20 bytes).
    Removing stm32f4xx_rtc.o(i.RTC_GetAlarm), (160 bytes).
    Removing stm32f4xx_rtc.o(i.RTC_GetAlarmSubSecond), (36 bytes).
    Removing stm32f4xx_rtc.o(i.RTC_GetDate), (96 bytes).
    Removing stm32f4xx_rtc.o(i.RTC_GetFlagStatus), (120 bytes).
    Removing stm32f4xx_rtc.o(i.RTC_GetITStatus), (112 bytes).
    Removing stm32f4xx_rtc.o(i.RTC_GetStoreOperation), (16 bytes).
    Removing stm32f4xx_rtc.o(i.RTC_GetSubSecond), (20 bytes).
    Removing stm32f4xx_rtc.o(i.RTC_GetTime), (100 bytes).
    Removing stm32f4xx_rtc.o(i.RTC_GetTimeStamp), (168 bytes).
    Removing stm32f4xx_rtc.o(i.RTC_GetTimeStampSubSecond), (12 bytes).
    Removing stm32f4xx_rtc.o(i.RTC_GetWakeUpCounter), (12 bytes).
    Removing stm32f4xx_rtc.o(i.RTC_ITConfig), (148 bytes).
    Removing stm32f4xx_rtc.o(i.RTC_Init), (160 bytes).
    Removing stm32f4xx_rtc.o(i.RTC_OutputConfig), (112 bytes).
    Removing stm32f4xx_rtc.o(i.RTC_OutputTypeConfig), (52 bytes).
    Removing stm32f4xx_rtc.o(i.RTC_ReadBackupRegister), (120 bytes).
    Removing stm32f4xx_rtc.o(i.RTC_RefClockCmd), (100 bytes).
    Removing stm32f4xx_rtc.o(i.RTC_SetAlarm), (660 bytes).
    Removing stm32f4xx_rtc.o(i.RTC_SetDate), (392 bytes).
    Removing stm32f4xx_rtc.o(i.RTC_SetTime), (428 bytes).
    Removing stm32f4xx_rtc.o(i.RTC_SetWakeUpCounter), (48 bytes).
    Removing stm32f4xx_rtc.o(i.RTC_SmoothCalibConfig), (176 bytes).
    Removing stm32f4xx_rtc.o(i.RTC_StructInit), (14 bytes).
    Removing stm32f4xx_rtc.o(i.RTC_SynchroShiftConfig), (164 bytes).
    Removing stm32f4xx_rtc.o(i.RTC_TamperCmd), (72 bytes).
    Removing stm32f4xx_rtc.o(i.RTC_TamperFilterConfig), (64 bytes).
    Removing stm32f4xx_rtc.o(i.RTC_TamperPinSelection), (52 bytes).
    Removing stm32f4xx_rtc.o(i.RTC_TamperPinsPrechargeDuration), (64 bytes).
    Removing stm32f4xx_rtc.o(i.RTC_TamperPullUpCmd), (56 bytes).
    Removing stm32f4xx_rtc.o(i.RTC_TamperSamplingFreqConfig), (88 bytes).
    Removing stm32f4xx_rtc.o(i.RTC_TamperTriggerConfig), (80 bytes).
    Removing stm32f4xx_rtc.o(i.RTC_TimeStampCmd), (96 bytes).
    Removing stm32f4xx_rtc.o(i.RTC_TimeStampOnTamperDetectionCmd), (56 bytes).
    Removing stm32f4xx_rtc.o(i.RTC_TimeStampPinSelection), (52 bytes).
    Removing stm32f4xx_rtc.o(i.RTC_TimeStructInit), (12 bytes).
    Removing stm32f4xx_rtc.o(i.RTC_WaitForSynchro), (96 bytes).
    Removing stm32f4xx_rtc.o(i.RTC_WakeUpClockConfig), (84 bytes).
    Removing stm32f4xx_rtc.o(i.RTC_WakeUpCmd), (140 bytes).
    Removing stm32f4xx_rtc.o(i.RTC_WriteBackupRegister), (124 bytes).
    Removing stm32f4xx_rtc.o(i.RTC_WriteProtectionCmd), (48 bytes).
    Removing stm32f4xx_sai.o(.rev16_text), (4 bytes).
    Removing stm32f4xx_sai.o(.revsh_text), (4 bytes).
    Removing stm32f4xx_sai.o(i.SAI_ClearFlag), (84 bytes).
    Removing stm32f4xx_sai.o(i.SAI_ClearITPendingBit), (84 bytes).
    Removing stm32f4xx_sai.o(i.SAI_Cmd), (76 bytes).
    Removing stm32f4xx_sai.o(i.SAI_CompandingModeConfig), (92 bytes).
    Removing stm32f4xx_sai.o(i.SAI_DMACmd), (76 bytes).
    Removing stm32f4xx_sai.o(i.SAI_DeInit), (48 bytes).
    Removing stm32f4xx_sai.o(i.SAI_FlushFIFO), (44 bytes).
    Removing stm32f4xx_sai.o(i.SAI_FrameInit), (200 bytes).
    Removing stm32f4xx_sai.o(i.SAI_FrameStructInit), (18 bytes).
    Removing stm32f4xx_sai.o(i.SAI_GetCmdStatus), (56 bytes).
    Removing stm32f4xx_sai.o(i.SAI_GetFIFOStatus), (48 bytes).
    Removing stm32f4xx_sai.o(i.SAI_GetFlagStatus), (96 bytes).
    Removing stm32f4xx_sai.o(i.SAI_GetITStatus), (108 bytes).
    Removing stm32f4xx_sai.o(i.SAI_ITConfig), (116 bytes).
    Removing stm32f4xx_sai.o(i.SAI_Init), (392 bytes).
    Removing stm32f4xx_sai.o(i.SAI_MonoModeConfig), (60 bytes).
    Removing stm32f4xx_sai.o(i.SAI_MuteFrameCounterConfig), (72 bytes).
    Removing stm32f4xx_sai.o(i.SAI_MuteModeCmd), (76 bytes).
    Removing stm32f4xx_sai.o(i.SAI_MuteValueConfig), (72 bytes).
    Removing stm32f4xx_sai.o(i.SAI_ReceiveData), (40 bytes).
    Removing stm32f4xx_sai.o(i.SAI_SendData), (40 bytes).
    Removing stm32f4xx_sai.o(i.SAI_SlotInit), (156 bytes).
    Removing stm32f4xx_sai.o(i.SAI_SlotStructInit), (16 bytes).
    Removing stm32f4xx_sai.o(i.SAI_StructInit), (28 bytes).
    Removing stm32f4xx_sai.o(i.SAI_TRIStateConfig), (72 bytes).
    Removing stm32f4xx_sdio.o(.rev16_text), (4 bytes).
    Removing stm32f4xx_sdio.o(.revsh_text), (4 bytes).
    Removing stm32f4xx_sdio.o(i.SDIO_CEATAITCmd), (36 bytes).
    Removing stm32f4xx_sdio.o(i.SDIO_ClearFlag), (40 bytes).
    Removing stm32f4xx_sdio.o(i.SDIO_ClearITPendingBit), (40 bytes).
    Removing stm32f4xx_sdio.o(i.SDIO_ClockCmd), (32 bytes).
    Removing stm32f4xx_sdio.o(i.SDIO_CmdStructInit), (14 bytes).
    Removing stm32f4xx_sdio.o(i.SDIO_CommandCompletionCmd), (32 bytes).
    Removing stm32f4xx_sdio.o(i.SDIO_DMACmd), (32 bytes).
    Removing stm32f4xx_sdio.o(i.SDIO_DataConfig), (240 bytes).
    Removing stm32f4xx_sdio.o(i.SDIO_DataStructInit), (20 bytes).
    Removing stm32f4xx_sdio.o(i.SDIO_DeInit), (22 bytes).
    Removing stm32f4xx_sdio.o(i.SDIO_GetCommandResponse), (12 bytes).
    Removing stm32f4xx_sdio.o(i.SDIO_GetDataCounter), (12 bytes).
    Removing stm32f4xx_sdio.o(i.SDIO_GetFIFOCount), (12 bytes).
    Removing stm32f4xx_sdio.o(i.SDIO_GetFlagStatus), (168 bytes).
    Removing stm32f4xx_sdio.o(i.SDIO_GetITStatus), (168 bytes).
    Removing stm32f4xx_sdio.o(i.SDIO_GetPowerState), (16 bytes).
    Removing stm32f4xx_sdio.o(i.SDIO_GetResponse), (52 bytes).
    Removing stm32f4xx_sdio.o(i.SDIO_ITConfig), (76 bytes).
    Removing stm32f4xx_sdio.o(i.SDIO_Init), (180 bytes).
    Removing stm32f4xx_sdio.o(i.SDIO_ReadData), (12 bytes).
    Removing stm32f4xx_sdio.o(i.SDIO_SendCEATACmd), (32 bytes).
    Removing stm32f4xx_sdio.o(i.SDIO_SendCommand), (152 bytes).
    Removing stm32f4xx_sdio.o(i.SDIO_SendSDIOSuspendCmd), (32 bytes).
    Removing stm32f4xx_sdio.o(i.SDIO_SetPowerState), (32 bytes).
    Removing stm32f4xx_sdio.o(i.SDIO_SetSDIOOperation), (32 bytes).
    Removing stm32f4xx_sdio.o(i.SDIO_SetSDIOReadWaitMode), (32 bytes).
    Removing stm32f4xx_sdio.o(i.SDIO_StartSDIOReadWait), (32 bytes).
    Removing stm32f4xx_sdio.o(i.SDIO_StopSDIOReadWait), (32 bytes).
    Removing stm32f4xx_sdio.o(i.SDIO_StructInit), (16 bytes).
    Removing stm32f4xx_sdio.o(i.SDIO_WriteData), (12 bytes).
    Removing stm32f4xx_spi.o(.rev16_text), (4 bytes).
    Removing stm32f4xx_spi.o(.revsh_text), (4 bytes).
    Removing stm32f4xx_spi.o(i.I2S_Cmd), (96 bytes).
    Removing stm32f4xx_spi.o(i.I2S_FullDuplexConfig), (252 bytes).
    Removing stm32f4xx_spi.o(i.I2S_Init), (528 bytes).
    Removing stm32f4xx_spi.o(i.I2S_StructInit), (20 bytes).
    Removing stm32f4xx_spi.o(i.SPI_BiDirectionalLineConfig), (132 bytes).
    Removing stm32f4xx_spi.o(i.SPI_CalculateCRC), (120 bytes).
    Removing stm32f4xx_spi.o(i.SPI_Cmd), (120 bytes).
    Removing stm32f4xx_spi.o(i.SPI_DataSizeConfig), (116 bytes).
    Removing stm32f4xx_spi.o(i.SPI_GetCRC), (112 bytes).
    Removing stm32f4xx_spi.o(i.SPI_GetCRCPolynomial), (80 bytes).
    Removing stm32f4xx_spi.o(i.SPI_I2S_ClearFlag), (116 bytes).
    Removing stm32f4xx_spi.o(i.SPI_I2S_ClearITPendingBit), (128 bytes).
    Removing stm32f4xx_spi.o(i.SPI_I2S_DMACmd), (156 bytes).
    Removing stm32f4xx_spi.o(i.SPI_I2S_DeInit), (224 bytes).
    Removing stm32f4xx_spi.o(i.SPI_I2S_GetFlagStatus), (164 bytes).
    Removing stm32f4xx_spi.o(i.SPI_I2S_GetITStatus), (196 bytes).
    Removing stm32f4xx_spi.o(i.SPI_I2S_ITConfig), (180 bytes).
    Removing stm32f4xx_spi.o(i.SPI_I2S_ReceiveData), (96 bytes).
    Removing stm32f4xx_spi.o(i.SPI_I2S_SendData), (100 bytes).
    Removing stm32f4xx_spi.o(i.SPI_NSSInternalSoftwareConfig), (136 bytes).
    Removing stm32f4xx_spi.o(i.SPI_SSOutputCmd), (120 bytes).
    Removing stm32f4xx_spi.o(i.SPI_TIModeCmd), (120 bytes).
    Removing stm32f4xx_spi.o(i.SPI_TransmitCRC), (88 bytes).
    Removing stm32f4xx_syscfg.o(.rev16_text), (4 bytes).
    Removing stm32f4xx_syscfg.o(.revsh_text), (4 bytes).
    Removing stm32f4xx_syscfg.o(i.SYSCFG_CompensationCellCmd), (32 bytes).
    Removing stm32f4xx_syscfg.o(i.SYSCFG_DeInit), (22 bytes).
    Removing stm32f4xx_syscfg.o(i.SYSCFG_ETH_MediaInterfaceConfig), (32 bytes).
    Removing stm32f4xx_syscfg.o(i.SYSCFG_EXTILineConfig), (196 bytes).
    Removing stm32f4xx_syscfg.o(i.SYSCFG_GetCompensationCellStatus), (24 bytes).
    Removing stm32f4xx_syscfg.o(i.SYSCFG_MemoryRemapConfig), (40 bytes).
    Removing stm32f4xx_syscfg.o(i.SYSCFG_MemorySwappingBank), (32 bytes).
    Removing stm32f4xx_tim.o(.rev16_text), (4 bytes).
    Removing stm32f4xx_tim.o(.revsh_text), (4 bytes).
    Removing stm32f4xx_tim.o(i.TI1_Config), (58 bytes).
    Removing stm32f4xx_tim.o(i.TI2_Config), (80 bytes).
    Removing stm32f4xx_tim.o(i.TI3_Config), (72 bytes).
    Removing stm32f4xx_tim.o(i.TI4_Config), (80 bytes).
    Removing stm32f4xx_tim.o(i.TIM_ARRPreloadConfig), (196 bytes).
    Removing stm32f4xx_tim.o(i.TIM_BDTRConfig), (232 bytes).
    Removing stm32f4xx_tim.o(i.TIM_BDTRStructInit), (18 bytes).
    Removing stm32f4xx_tim.o(i.TIM_CCPreloadControl), (80 bytes).
    Removing stm32f4xx_tim.o(i.TIM_CCxCmd), (212 bytes).
    Removing stm32f4xx_tim.o(i.TIM_CCxNCmd), (112 bytes).
    Removing stm32f4xx_tim.o(i.TIM_ClearFlag), (160 bytes).
    Removing stm32f4xx_tim.o(i.TIM_ClearITPendingBit), (160 bytes).
    Removing stm32f4xx_tim.o(i.TIM_ClearOC1Ref), (168 bytes).
    Removing stm32f4xx_tim.o(i.TIM_ClearOC2Ref), (136 bytes).
    Removing stm32f4xx_tim.o(i.TIM_ClearOC3Ref), (108 bytes).
    Removing stm32f4xx_tim.o(i.TIM_ClearOC4Ref), (116 bytes).
    Removing stm32f4xx_tim.o(i.TIM_Cmd), (196 bytes).
    Removing stm32f4xx_tim.o(i.TIM_CounterModeConfig), (120 bytes).
    Removing stm32f4xx_tim.o(i.TIM_CtrlPWMOutputs), (88 bytes).
    Removing stm32f4xx_tim.o(i.TIM_DMACmd), (156 bytes).
    Removing stm32f4xx_tim.o(i.TIM_DMAConfig), (292 bytes).
    Removing stm32f4xx_tim.o(i.TIM_DeInit), (496 bytes).
    Removing stm32f4xx_tim.o(i.TIM_ETRClockMode1Config), (192 bytes).
    Removing stm32f4xx_tim.o(i.TIM_ETRClockMode2Config), (172 bytes).
    Removing stm32f4xx_tim.o(i.TIM_ETRConfig), (184 bytes).
    Removing stm32f4xx_tim.o(i.TIM_EncoderInterfaceConfig), (256 bytes).
    Removing stm32f4xx_tim.o(i.TIM_ForcedOC1Config), (172 bytes).
    Removing stm32f4xx_tim.o(i.TIM_ForcedOC2Config), (140 bytes).
    Removing stm32f4xx_tim.o(i.TIM_ForcedOC3Config), (112 bytes).
    Removing stm32f4xx_tim.o(i.TIM_ForcedOC4Config), (120 bytes).
    Removing stm32f4xx_tim.o(i.TIM_GenerateEvent), (180 bytes).
    Removing stm32f4xx_tim.o(i.TIM_GetCapture1), (136 bytes).
    Removing stm32f4xx_tim.o(i.TIM_GetCapture2), (96 bytes).
    Removing stm32f4xx_tim.o(i.TIM_GetCapture3), (76 bytes).
    Removing stm32f4xx_tim.o(i.TIM_GetCapture4), (76 bytes).
    Removing stm32f4xx_tim.o(i.TIM_GetCounter), (156 bytes).
    Removing stm32f4xx_tim.o(i.TIM_GetFlagStatus), (240 bytes).
    Removing stm32f4xx_tim.o(i.TIM_GetITStatus), (240 bytes).
    Removing stm32f4xx_tim.o(i.TIM_GetPrescaler), (156 bytes).
    Removing stm32f4xx_tim.o(i.TIM_ICInit), (504 bytes).
    Removing stm32f4xx_tim.o(i.TIM_ICStructInit), (18 bytes).
    Removing stm32f4xx_tim.o(i.TIM_ITConfig), (212 bytes).
    Removing stm32f4xx_tim.o(i.TIM_ITRxExternalClockConfig), (140 bytes).
    Removing stm32f4xx_tim.o(i.TIM_InternalClockConfig), (104 bytes).
    Removing stm32f4xx_tim.o(i.TIM_OC1FastConfig), (168 bytes).
    Removing stm32f4xx_tim.o(i.TIM_OC1Init), (444 bytes).
    Removing stm32f4xx_tim.o(i.TIM_OC1NPolarityConfig), (72 bytes).
    Removing stm32f4xx_tim.o(i.TIM_OC1PolarityConfig), (168 bytes).
    Removing stm32f4xx_tim.o(i.TIM_OC1PreloadConfig), (168 bytes).
    Removing stm32f4xx_tim.o(i.TIM_OC2FastConfig), (136 bytes).
    Removing stm32f4xx_tim.o(i.TIM_OC2Init), (444 bytes).
    Removing stm32f4xx_tim.o(i.TIM_OC2NPolarityConfig), (80 bytes).
    Removing stm32f4xx_tim.o(i.TIM_OC2PolarityConfig), (136 bytes).
    Removing stm32f4xx_tim.o(i.TIM_OC2PreloadConfig), (136 bytes).
    Removing stm32f4xx_tim.o(i.TIM_OC3FastConfig), (108 bytes).
    Removing stm32f4xx_tim.o(i.TIM_OC3Init), (420 bytes).
    Removing stm32f4xx_tim.o(i.TIM_OC3NPolarityConfig), (80 bytes).
    Removing stm32f4xx_tim.o(i.TIM_OC3PolarityConfig), (116 bytes).
    Removing stm32f4xx_tim.o(i.TIM_OC3PreloadConfig), (108 bytes).
    Removing stm32f4xx_tim.o(i.TIM_OC4FastConfig), (116 bytes).
    Removing stm32f4xx_tim.o(i.TIM_OC4Init), (312 bytes).
    Removing stm32f4xx_tim.o(i.TIM_OC4PolarityConfig), (116 bytes).
    Removing stm32f4xx_tim.o(i.TIM_OC4PreloadConfig), (116 bytes).
    Removing stm32f4xx_tim.o(i.TIM_OCStructInit), (20 bytes).
    Removing stm32f4xx_tim.o(i.TIM_PWMIConfig), (212 bytes).
    Removing stm32f4xx_tim.o(i.TIM_PrescalerConfig), (180 bytes).
    Removing stm32f4xx_tim.o(i.TIM_RemapConfig), (104 bytes).
    Removing stm32f4xx_tim.o(i.TIM_SelectCCDMA), (116 bytes).
    Removing stm32f4xx_tim.o(i.TIM_SelectCOM), (80 bytes).
    Removing stm32f4xx_tim.o(i.TIM_SelectHallSensor), (136 bytes).
    Removing stm32f4xx_tim.o(i.TIM_SelectInputTrigger), (192 bytes).
    Removing stm32f4xx_tim.o(i.TIM_SelectMasterSlaveMode), (132 bytes).
    Removing stm32f4xx_tim.o(i.TIM_SelectOCxM), (296 bytes).
    Removing stm32f4xx_tim.o(i.TIM_SelectOnePulseMode), (192 bytes).
    Removing stm32f4xx_tim.o(i.TIM_SelectOutputTrigger), (156 bytes).
    Removing stm32f4xx_tim.o(i.TIM_SelectSlaveMode), (140 bytes).
    Removing stm32f4xx_tim.o(i.TIM_SetAutoreload), (160 bytes).
    Removing stm32f4xx_tim.o(i.TIM_SetClockDivision), (180 bytes).
    Removing stm32f4xx_tim.o(i.TIM_SetCompare1), (140 bytes).
    Removing stm32f4xx_tim.o(i.TIM_SetCompare2), (100 bytes).
    Removing stm32f4xx_tim.o(i.TIM_SetCompare3), (80 bytes).
    Removing stm32f4xx_tim.o(i.TIM_SetCompare4), (80 bytes).
    Removing stm32f4xx_tim.o(i.TIM_SetCounter), (160 bytes).
    Removing stm32f4xx_tim.o(i.TIM_SetIC1Prescaler), (180 bytes).
    Removing stm32f4xx_tim.o(i.TIM_SetIC2Prescaler), (148 bytes).
    Removing stm32f4xx_tim.o(i.TIM_SetIC3Prescaler), (120 bytes).
    Removing stm32f4xx_tim.o(i.TIM_SetIC4Prescaler), (128 bytes).
    Removing stm32f4xx_tim.o(i.TIM_TIxExternalClockConfig), (228 bytes).
    Removing stm32f4xx_tim.o(i.TIM_TimeBaseInit), (332 bytes).
    Removing stm32f4xx_tim.o(i.TIM_TimeBaseStructInit), (18 bytes).
    Removing stm32f4xx_tim.o(i.TIM_UpdateDisableConfig), (196 bytes).
    Removing stm32f4xx_tim.o(i.TIM_UpdateRequestConfig), (196 bytes).
    Removing stm32f4xx_usart.o(.rev16_text), (4 bytes).
    Removing stm32f4xx_usart.o(.revsh_text), (4 bytes).
    Removing stm32f4xx_usart.o(i.USART_ClearFlag), (172 bytes).
    Removing stm32f4xx_usart.o(i.USART_ClearITPendingBit), (208 bytes).
    Removing stm32f4xx_usart.o(i.USART_ClockInit), (184 bytes).
    Removing stm32f4xx_usart.o(i.USART_ClockStructInit), (12 bytes).
    Removing stm32f4xx_usart.o(i.USART_Cmd), (140 bytes).
    Removing stm32f4xx_usart.o(i.USART_DMACmd), (160 bytes).
    Removing stm32f4xx_usart.o(i.USART_DeInit), (300 bytes).
    Removing stm32f4xx_usart.o(i.USART_GetFlagStatus), (216 bytes).
    Removing stm32f4xx_usart.o(i.USART_GetITStatus), (324 bytes).
    Removing stm32f4xx_usart.o(i.USART_HalfDuplexCmd), (140 bytes).
    Removing stm32f4xx_usart.o(i.USART_ITConfig), (304 bytes).
    Removing stm32f4xx_usart.o(i.USART_Init), (520 bytes).
    Removing stm32f4xx_usart.o(i.USART_IrDACmd), (140 bytes).
    Removing stm32f4xx_usart.o(i.USART_IrDAConfig), (136 bytes).
    Removing stm32f4xx_usart.o(i.USART_LINBreakDetectLengthConfig), (136 bytes).
    Removing stm32f4xx_usart.o(i.USART_LINCmd), (140 bytes).
    Removing stm32f4xx_usart.o(i.USART_OneBitMethodCmd), (140 bytes).
    Removing stm32f4xx_usart.o(i.USART_OverSampling8Cmd), (140 bytes).
    Removing stm32f4xx_usart.o(i.USART_ReceiveData), (104 bytes).
    Removing stm32f4xx_usart.o(i.USART_ReceiverWakeUpCmd), (140 bytes).
    Removing stm32f4xx_usart.o(i.USART_SendBreak), (108 bytes).
    Removing stm32f4xx_usart.o(i.USART_SendData), (124 bytes).
    Removing stm32f4xx_usart.o(i.USART_SetAddress), (132 bytes).
    Removing stm32f4xx_usart.o(i.USART_SetGuardTime), (76 bytes).
    Removing stm32f4xx_usart.o(i.USART_SetPrescaler), (116 bytes).
    Removing stm32f4xx_usart.o(i.USART_SmartCardCmd), (100 bytes).
    Removing stm32f4xx_usart.o(i.USART_SmartCardNACKCmd), (100 bytes).
    Removing stm32f4xx_usart.o(i.USART_StructInit), (24 bytes).
    Removing stm32f4xx_usart.o(i.USART_WakeUpConfig), (136 bytes).
    Removing stm32f4xx_wwdg.o(.rev16_text), (4 bytes).
    Removing stm32f4xx_wwdg.o(.revsh_text), (4 bytes).
    Removing stm32f4xx_wwdg.o(i.WWDG_ClearFlag), (12 bytes).
    Removing stm32f4xx_wwdg.o(i.WWDG_DeInit), (22 bytes).
    Removing stm32f4xx_wwdg.o(i.WWDG_Enable), (40 bytes).
    Removing stm32f4xx_wwdg.o(i.WWDG_EnableIT), (12 bytes).
    Removing stm32f4xx_wwdg.o(i.WWDG_GetFlagStatus), (20 bytes).
    Removing stm32f4xx_wwdg.o(i.WWDG_SetCounter), (40 bytes).
    Removing stm32f4xx_wwdg.o(i.WWDG_SetPrescaler), (56 bytes).
    Removing stm32f4xx_wwdg.o(i.WWDG_SetWindowValue), (56 bytes).

821 unused section(s) (total 82040 bytes) removed from the image.

==============================================================================

Memory Map of the image

  Image Entry point : 0x00000000

  Load Region LR_1 (Base: 0x08000000, Size: 0x00004b08, Max: 0xffffffff, ABSOLUTE)

    Execution Region ER_RO (Base: 0x08000000, Size: 0x00004a2c, Max: 0xffffffff, ABSOLUTE)

    Base Addr    Size         Type   Attr      Idx    E Section Name        Object

    0x08000000   0x000000c0   Data   RO          173    RESET               startup_armcm4.o
    0x080000c0   0x00000008   Code   RO         5509  * !!!main             c_w.l(__main.o)
    0x080000c8   0x00000002   Code   RO         5536    .ARM.Collect$$libinit$$00000000  c_w.l(libinit.o)
    0x080000ca   0x00000004   Code   RO         5542    .ARM.Collect$$libinit$$00000001  c_w.l(libinit2.o)
    0x080000ce   0x00000000   Code   RO         5545    .ARM.Collect$$libinit$$00000004  c_w.l(libinit2.o)
    0x080000ce   0x00000000   Code   RO         5548    .ARM.Collect$$libinit$$0000000A  c_w.l(libinit2.o)
    0x080000ce   0x00000000   Code   RO         5550    .ARM.Collect$$libinit$$0000000C  c_w.l(libinit2.o)
    0x080000ce   0x00000000   Code   RO         5552    .ARM.Collect$$libinit$$0000000E  c_w.l(libinit2.o)
    0x080000ce   0x00000000   Code   RO         5555    .ARM.Collect$$libinit$$00000011  c_w.l(libinit2.o)
    0x080000ce   0x00000000   Code   RO         5557    .ARM.Collect$$libinit$$00000013  c_w.l(libinit2.o)
    0x080000ce   0x00000000   Code   RO         5559    .ARM.Collect$$libinit$$00000015  c_w.l(libinit2.o)
    0x080000ce   0x00000000   Code   RO         5561    .ARM.Collect$$libinit$$00000017  c_w.l(libinit2.o)
    0x080000ce   0x00000000   Code   RO         5563    .ARM.Collect$$libinit$$00000019  c_w.l(libinit2.o)
    0x080000ce   0x00000000   Code   RO         5565    .ARM.Collect$$libinit$$0000001B  c_w.l(libinit2.o)
    0x080000ce   0x00000000   Code   RO         5567    .ARM.Collect$$libinit$$0000001D  c_w.l(libinit2.o)
    0x080000ce   0x00000000   Code   RO         5569    .ARM.Collect$$libinit$$0000001F  c_w.l(libinit2.o)
    0x080000ce   0x00000000   Code   RO         5571    .ARM.Collect$$libinit$$00000021  c_w.l(libinit2.o)
    0x080000ce   0x00000000   Code   RO         5573    .ARM.Collect$$libinit$$00000023  c_w.l(libinit2.o)
    0x080000ce   0x00000000   Code   RO         5575    .ARM.Collect$$libinit$$00000025  c_w.l(libinit2.o)
    0x080000ce   0x00000000   Code   RO         5579    .ARM.Collect$$libinit$$0000002C  c_w.l(libinit2.o)
    0x080000ce   0x00000000   Code   RO         5581    .ARM.Collect$$libinit$$0000002E  c_w.l(libinit2.o)
    0x080000ce   0x00000000   Code   RO         5583    .ARM.Collect$$libinit$$00000030  c_w.l(libinit2.o)
    0x080000ce   0x00000000   Code   RO         5585    .ARM.Collect$$libinit$$00000032  c_w.l(libinit2.o)
    0x080000ce   0x00000002   Code   RO         5586    .ARM.Collect$$libinit$$00000033  c_w.l(libinit2.o)
    0x080000d0   0x00000002   Code   RO         5606    .ARM.Collect$$libshutdown$$00000000  c_w.l(libshutdown.o)
    0x080000d2   0x00000000   Code   RO         5619    .ARM.Collect$$libshutdown$$00000002  c_w.l(libshutdown2.o)
    0x080000d2   0x00000000   Code   RO         5621    .ARM.Collect$$libshutdown$$00000004  c_w.l(libshutdown2.o)
    0x080000d2   0x00000000   Code   RO         5624    .ARM.Collect$$libshutdown$$00000007  c_w.l(libshutdown2.o)
    0x080000d2   0x00000000   Code   RO         5627    .ARM.Collect$$libshutdown$$0000000A  c_w.l(libshutdown2.o)
    0x080000d2   0x00000000   Code   RO         5629    .ARM.Collect$$libshutdown$$0000000C  c_w.l(libshutdown2.o)
    0x080000d2   0x00000000   Code   RO         5632    .ARM.Collect$$libshutdown$$0000000F  c_w.l(libshutdown2.o)
    0x080000d2   0x00000002   Code   RO         5633    .ARM.Collect$$libshutdown$$00000010  c_w.l(libshutdown2.o)
    0x080000d4   0x00000000   Code   RO         5511    .ARM.Collect$$rtentry$$00000000  c_w.l(__rtentry.o)
    0x080000d4   0x00000000   Code   RO         5513    .ARM.Collect$$rtentry$$00000002  c_w.l(__rtentry2.o)
    0x080000d4   0x00000006   Code   RO         5525    .ARM.Collect$$rtentry$$00000004  c_w.l(__rtentry4.o)
    0x080000da   0x00000000   Code   RO         5515    .ARM.Collect$$rtentry$$00000009  c_w.l(__rtentry2.o)
    0x080000da   0x00000004   Code   RO         5516    .ARM.Collect$$rtentry$$0000000A  c_w.l(__rtentry2.o)
    0x080000de   0x00000000   Code   RO         5518    .ARM.Collect$$rtentry$$0000000C  c_w.l(__rtentry2.o)
    0x080000de   0x00000008   Code   RO         5519    .ARM.Collect$$rtentry$$0000000D  c_w.l(__rtentry2.o)
    0x080000e6   0x00000002   Code   RO         5540    .ARM.Collect$$rtexit$$00000000  c_w.l(rtexit.o)
    0x080000e8   0x00000000   Code   RO         5588    .ARM.Collect$$rtexit$$00000002  c_w.l(rtexit2.o)
    0x080000e8   0x00000004   Code   RO         5589    .ARM.Collect$$rtexit$$00000003  c_w.l(rtexit2.o)
    0x080000ec   0x00000006   Code   RO         5590    .ARM.Collect$$rtexit$$00000004  c_w.l(rtexit2.o)
    0x080000f2   0x00000002   PAD
    0x080000f4   0x00000040   Code   RO          174  * .text               startup_armcm4.o
    0x08000134   0x00000006   Code   RO         5507    .text               c_w.l(heapauxi.o)
    0x0800013a   0x0000004a   Code   RO         5527    .text               c_w.l(sys_stackheap_outer.o)
    0x08000184   0x00000012   Code   RO         5529    .text               c_w.l(exit.o)
    0x08000196   0x00000002   PAD
    0x08000198   0x00000008   Code   RO         5537    .text               c_w.l(libspace.o)
    0x080001a0   0x0000000c   Code   RO         5598    .text               c_w.l(sys_exit.o)
    0x080001ac   0x00000002   Code   RO         5609    .text               c_w.l(use_no_semi.o)
    0x080001ae   0x00000000   Code   RO         5611    .text               c_w.l(indicate_semi.o)
    0x080001ae   0x00000002   PAD
    0x080001b0   0x000002a0   Code   RO         1915    i.DMA_Init          stm32f4xx_dma.o
    0x08000450   0x00000098   Code   RO         2490    i.GPIO_ResetBits    stm32f4xx_gpio.o
    0x080004e8   0x00000098   Code   RO         2491    i.GPIO_SetBits      stm32f4xx_gpio.o
    0x08000580   0x00000188   Code   RO         4480    i.SPI_Init          stm32f4xx_spi.o
    0x08000708   0x00000018   Code   RO         4483    i.SPI_StructInit    stm32f4xx_spi.o
    0x08000720   0x000000ec   Code   RO          136    i.SetSysClock       system_stm32f4xx.o
    0x0800080c   0x00000068   Code   RO          138    i.SystemInit        system_stm32f4xx.o
    0x08000874   0x0000004c   Code   RO          196    i.TM_DMA_ClearFlag  tm_stm32f4_dma.o
    0x080008c0   0x0000000e   Code   RO          391    i.TM_GPIO_GetPortSource  tm_stm32f4_gpio.o
    0x080008ce   0x00000002   PAD
    0x080008d0   0x00000020   Code   RO          394    i.TM_GPIO_INT_EnableClock  tm_stm32f4_gpio.o
    0x080008f0   0x000000b0   Code   RO          395    i.TM_GPIO_INT_Init  tm_stm32f4_gpio.o
    0x080009a0   0x00000030   Code   RO          396    i.TM_GPIO_Init      tm_stm32f4_gpio.o
    0x080009d0   0x0000006e   Code   RO          397    i.TM_GPIO_InitAlternate  tm_stm32f4_gpio.o
    0x08000a3e   0x00000012   Code   RO          500    i.TM_ILI9341_Delay  tm_stm32f4_ili9341.o
    0x08000a50   0x00000104   Code   RO          503    i.TM_ILI9341_DrawCircle  tm_stm32f4_ili9341.o
    0x08000b54   0x0000014e   Code   RO          504    i.TM_ILI9341_DrawFilledCircle  tm_stm32f4_ili9341.o
    0x08000ca2   0x00000002   PAD
    0x08000ca4   0x00000110   Code   RO          506    i.TM_ILI9341_DrawLine  tm_stm32f4_ili9341.o
    0x08000db4   0x0000002a   Code   RO          507    i.TM_ILI9341_DrawPixel  tm_stm32f4_ili9341.o
    0x08000dde   0x00000002   PAD
    0x08000de0   0x000000cc   Code   RO          509    i.TM_ILI9341_Draw_Bluetooth  tm_stm32f4_ili9341.o
    0x08000eac   0x000000d0   Code   RO          510    i.TM_ILI9341_Draw_Fuel  tm_stm32f4_ili9341.o
    0x08000f7c   0x000000c8   Code   RO          511    i.TM_ILI9341_Draw_Headlight  tm_stm32f4_ili9341.o
    0x08001044   0x000000c8   Code   RO          512    i.TM_ILI9341_Draw_LeftArrow  tm_stm32f4_ili9341.o
    0x0800110c   0x000000c8   Code   RO          513    i.TM_ILI9341_Draw_RightArrow  tm_stm32f4_ili9341.o
    0x080011d4   0x00000020   Code   RO          514    i.TM_ILI9341_Fill   tm_stm32f4_ili9341.o
    0x080011f4   0x000000ac   Code   RO          516    i.TM_ILI9341_INT_Fill  tm_stm32f4_ili9341.o
    0x080012a0   0x00000094   Code   RO          517    i.TM_ILI9341_Init   tm_stm32f4_ili9341.o
    0x08001334   0x00000274   Code   RO          518    i.TM_ILI9341_InitLCD  tm_stm32f4_ili9341.o
    0x080015a8   0x000000c8   Code   RO          519    i.TM_ILI9341_Putc   tm_stm32f4_ili9341.o
    0x08001670   0x00000080   Code   RO          520    i.TM_ILI9341_Puts   tm_stm32f4_ili9341.o
    0x080016f0   0x00000064   Code   RO          521    i.TM_ILI9341_Rotate  tm_stm32f4_ili9341.o
    0x08001754   0x00000034   Code   RO          522    i.TM_ILI9341_SendCommand  tm_stm32f4_ili9341.o
    0x08001788   0x00000034   Code   RO          523    i.TM_ILI9341_SendData  tm_stm32f4_ili9341.o
    0x080017bc   0x0000004c   Code   RO          524    i.TM_ILI9341_SetCursorPosition  tm_stm32f4_ili9341.o
    0x08001808   0x0000004c   Code   RO          675    i.TM_SPI1_INT_InitPins  tm_stm32f4_spi.o
    0x08001854   0x00000080   Code   RO          676    i.TM_SPI2_INT_InitPins  tm_stm32f4_spi.o
    0x080018d4   0x00000050   Code   RO          677    i.TM_SPI3_INT_InitPins  tm_stm32f4_spi.o
    0x08001924   0x0000004c   Code   RO          678    i.TM_SPI4_INT_InitPins  tm_stm32f4_spi.o
    0x08001970   0x00000064   Code   RO          679    i.TM_SPI5_INT_InitPins  tm_stm32f4_spi.o
    0x080019d4   0x00000034   Code   RO          680    i.TM_SPI6_INT_InitPins  tm_stm32f4_spi.o
    0x08001a08   0x00000064   Code   RO          807    i.TM_SPI_DMA_INT_GetSettings  tm_stm32f4_spi_dma.o
    0x08001a6c   0x00000074   Code   RO          808    i.TM_SPI_DMA_Init   tm_stm32f4_spi_dma.o
    0x08001ae0   0x00000074   Code   RO          811    i.TM_SPI_DMA_SendHalfWord  tm_stm32f4_spi_dma.o
    0x08001b54   0x00000030   Code   RO          813    i.TM_SPI_DMA_Working  tm_stm32f4_spi_dma.o
    0x08001b84   0x000000c8   Code   RO          682    i.TM_SPI_Init       tm_stm32f4_spi.o
    0x08001c4c   0x00000002   Code   RO          683    i.TM_SPI_InitCustomPinsCallback  tm_stm32f4_spi.o
    0x08001c4e   0x00000042   Code   RO          525    i.TM_SPI_Send       tm_stm32f4_ili9341.o
    0x08001c90   0x00000030   Code   RO          690    i.TM_SPI_SetDataSize  tm_stm32f4_spi.o
    0x08001cc0   0x0000016c   Code   RO          693    i.TM_SPIx_Init      tm_stm32f4_spi.o
    0x08001e2c   0x00000044   Code   RO            3    i.Toggle_BT_Indicator  main.o
    0x08001e70   0x00000044   Code   RO            4    i.Toggle_Fuel_Indicator  main.o
    0x08001eb4   0x0000003c   Code   RO            5    i.Toggle_Headlight_Indicator  main.o
    0x08001ef0   0x0000003c   Code   RO            6    i.Toggle_Left_Indicator  main.o
    0x08001f2c   0x0000003c   Code   RO            7    i.Toggle_Right_Indicator  main.o
    0x08001f68   0x000000f4   Code   RO            8    i.main              main.o
    0x0800205c   0x0000000a   Code   RO         5596    x$fpl$fpinit        fz_wm.l(fpinit.o)
    0x08002066   0x00000014   Data   RO          207    .constdata          tm_stm32f4_dma.o
    0x0800207a   0x000029b0   Data   RO          362    .constdata          tm_stm32f4_fonts.o
    0x08004a2a   0x00000002   PAD
    0x08004a2c   0x00000000   Data   RO         5664    Region$$Table       anon$$obj.o


    Execution Region ER_RW (Base: 0x20000000, Size: 0x000000dc, Max: 0xffffffff, ABSOLUTE)

    Base Addr    Size         Type   Attr      Idx    E Section Name        Object

    0x20000000   0x00000005   Data   RW            9    .data               main.o
    0x20000005   0x00000003   PAD
    0x20000008   0x00000038   Data   RW          363    .data               tm_stm32f4_fonts.o
    0x20000040   0x0000000b   Data   RW          526    .data               tm_stm32f4_ili9341.o
    0x2000004b   0x00000001   PAD
    0x2000004c   0x00000090   Data   RW          815    .data               tm_stm32f4_spi_dma.o


    Execution Region ER_ZI (Base: 0x200000dc, Size: 0x000010b4, Max: 0xffffffff, ABSOLUTE)

    Base Addr    Size         Type   Attr      Idx    E Section Name        Object

    0x200000dc   0x00000016   Zero   RW          404    .bss                tm_stm32f4_gpio.o
    0x200000f2   0x00000002   PAD
    0x200000f4   0x0000003c   Zero   RW          814    .bss                tm_stm32f4_spi_dma.o
    0x20000130   0x00000060   Zero   RW         5538    .bss                c_w.l(libspace.o)
    0x20000190   0x00000c00   Zero   RW          172    HEAP                startup_armcm4.o
    0x20000d90   0x00000400   Zero   RW          171    STACK               startup_armcm4.o

