Component: ARM Compiler 5.06 update 1 (build 61) Tool: armlink [4d35a8]

==============================================================================

Section Cross References

    main.o(.text) refers to init.o(.text) for init_Reed
    main.o(.text) refers to tm_stm32f4_ili9341.o(.text) for TM_ILI9341_Init
    main.o(.text) refers to meter.o(.text) for draw_Meter
    main.o(.text) refers to strtok.o(.text) for strtok
    main.o(.text) refers to tm_stm32f4_fonts.o(.data) for TM_Font_7x10
    main.o(.text) refers to main.o(.data) for SpeedCounter
    main.o(.text) refers to meter.o(.data) for flags_meter
    main.o(.text) refers to init.o(.bss) for received_string
    system_stm32f4xx.o(.text) refers to system_stm32f4xx.o(.data) for SystemCoreClock
    meter.o(.text) refers to _printf_percent.o(.ARM.Collect$$_printf_percent$$00000000) for _printf_percent
    meter.o(.text) refers to _printf_d.o(.ARM.Collect$$_printf_percent$$00000009) for _printf_d
    meter.o(.text) refers to _printf_dec.o(.text) for _printf_int_dec
    meter.o(.text) refers to tm_stm32f4_ili9341.o(.text) for TM_ILI9341_DrawCircle
    meter.o(.text) refers to noretval__2sprintf.o(.text) for __2sprintf
    meter.o(.text) refers to tm_stm32f4_fonts.o(.data) for TM_Font_11x18
    meter.o(.text) refers to meter.o(.data) for left_Indicator_flag
    init.o(.text) refers to stm32f4xx_rcc.o(.text) for RCC_APB2PeriphClockCmd
    init.o(.text) refers to stm32f4xx_gpio.o(.text) for GPIO_Init
    init.o(.text) refers to stm32f4xx_usart.o(.text) for USART_ClockStructInit
    init.o(.text) refers to misc.o(.text) for NVIC_Init
    init.o(.text) refers to meter.o(.data) for flags_meter
    init.o(.text) refers to init.o(.data) for cnt
    init.o(.text) refers to init.o(.bss) for received_string
    startup_stm32f4xx.o(STACK) refers (Special) to heapauxi.o(.text) for __use_two_region_memory
    startup_stm32f4xx.o(HEAP) refers (Special) to heapauxi.o(.text) for __use_two_region_memory
    startup_stm32f4xx.o(RESET) refers (Special) to heapauxi.o(.text) for __use_two_region_memory
    startup_stm32f4xx.o(RESET) refers to startup_stm32f4xx.o(STACK) for __initial_sp
    startup_stm32f4xx.o(RESET) refers to startup_stm32f4xx.o(.text) for Reset_Handler
    startup_stm32f4xx.o(RESET) refers to stm32f4xx_it_1.o(.text) for NMI_Handler
    startup_stm32f4xx.o(RESET) refers to tm_stm32f4_dma.o(.text) for DMA1_Stream0_IRQHandler
    startup_stm32f4xx.o(RESET) refers to init.o(.text) for USART1_IRQHandler
    startup_stm32f4xx.o(.text) refers (Special) to heapauxi.o(.text) for __use_two_region_memory
    startup_stm32f4xx.o(.text) refers to system_stm32f4xx.o(.text) for SystemInit
    startup_stm32f4xx.o(.text) refers to __main.o(!!!main) for __main
    startup_stm32f4xx.o(.text) refers to startup_stm32f4xx.o(HEAP) for Heap_Mem
    startup_stm32f4xx.o(.text) refers to startup_stm32f4xx.o(STACK) for Stack_Mem
    tm_stm32f4_dma.o(.text) refers to misc.o(.text) for NVIC_Init
    tm_stm32f4_dma.o(.text) refers to tm_stm32f4_dma.o(.constdata) for DMA_Flags_Bit_Pos
    tm_stm32f4_fonts.o(.text) refers to strlen.o(.text) for strlen
    tm_stm32f4_fonts.o(.data) refers to tm_stm32f4_fonts.o(.constdata) for TM_Font7x10
    tm_stm32f4_gpio.o(.text) refers to tm_stm32f4_gpio.o(.bss) for GPIO_UsedPins
    tm_stm32f4_ili9341.o(.text) refers to stm32f4xx_gpio.o(.text) for GPIO_ResetBits
    tm_stm32f4_ili9341.o(.text) refers to tm_stm32f4_spi.o(.text) for TM_SPI_SetDataSize
    tm_stm32f4_ili9341.o(.text) refers to tm_stm32f4_spi_dma.o(.text) for TM_SPI_DMA_SendHalfWord
    tm_stm32f4_ili9341.o(.text) refers to tm_stm32f4_gpio.o(.text) for TM_GPIO_Init
    tm_stm32f4_ili9341.o(.text) refers to tm_stm32f4_ili9341.o(.data) for ILI9341_Opts
    tm_stm32f4_ili9341.o(.text) refers to tm_stm32f4_fonts.o(.data) for RightArrow_Font_16x14
    tm_stm32f4_spi.o(.text) refers to tm_stm32f4_gpio.o(.text) for TM_GPIO_InitAlternate
    tm_stm32f4_spi.o(.text) refers to stm32f4xx_spi.o(.text) for SPI_StructInit
    tm_stm32f4_spi.o(.text) refers to stm32f4xx_rcc.o(.text) for RCC_GetClocksFreq
    tm_stm32f4_spi_dma.o(.text) refers to stm32f4xx_dma.o(.text) for DMA_DeInit
    tm_stm32f4_spi_dma.o(.text) refers to tm_stm32f4_dma.o(.text) for TM_DMA_ClearFlag
    tm_stm32f4_spi_dma.o(.text) refers to tm_stm32f4_spi_dma.o(.data) for SPI1_DMA_INT
    tm_stm32f4_spi_dma.o(.text) refers to tm_stm32f4_spi_dma.o(.bss) for DMA_InitStruct
    stm32f4xx_adc.o(.text) refers to stm32f4xx_rcc.o(.text) for RCC_APB2PeriphResetCmd
    stm32f4xx_can.o(.text) refers to stm32f4xx_rcc.o(.text) for RCC_APB1PeriphResetCmd
    stm32f4xx_cryp.o(.text) refers to stm32f4xx_rcc.o(.text) for RCC_AHB2PeriphResetCmd
    stm32f4xx_cryp_aes.o(.text) refers to stm32f4xx_cryp.o(.text) for CRYP_KeyStructInit
    stm32f4xx_cryp_des.o(.text) refers to stm32f4xx_cryp.o(.text) for CRYP_KeyStructInit
    stm32f4xx_cryp_tdes.o(.text) refers to stm32f4xx_cryp.o(.text) for CRYP_KeyStructInit
[...]
    ../clib/angel/sys.s                      0x00000000   Number         0  indicate_semi.o ABSOLUTE
    ../clib/angel/sys.s                      0x00000000   Number         0  libspace.o ABSOLUTE
    ../clib/angel/sysapp.c                   0x00000000   Number         0  sys_command.o ABSOLUTE
    ../clib/angel/sysapp.c                   0x00000000   Number         0  sys_wrch.o ABSOLUTE
    ../clib/angel/sysapp.c                   0x00000000   Number         0  sys_exit.o ABSOLUTE
    ../clib/armsys.c                         0x00000000   Number         0  argv_veneer.o ABSOLUTE
    ../clib/armsys.c                         0x00000000   Number         0  argv_veneer.o ABSOLUTE
    ../clib/armsys.c                         0x00000000   Number         0  no_argv.o ABSOLUTE
    ../clib/armsys.c                         0x00000000   Number         0  _get_argv_nomalloc.o ABSOLUTE
    ../clib/heapalloc.c                      0x00000000   Number         0  hrguard.o ABSOLUTE
    ../clib/heapaux.c                        0x00000000   Number         0  heapauxi.o ABSOLUTE
    ../clib/libinit.s                        0x00000000   Number         0  libinit.o ABSOLUTE
    ../clib/libinit.s                        0x00000000   Number         0  libshutdown2.o ABSOLUTE
    ../clib/libinit.s                        0x00000000   Number         0  libinit2.o ABSOLUTE
    ../clib/libinit.s                        0x00000000   Number         0  libshutdown.o ABSOLUTE
    ../clib/printf.c                         0x00000000   Number         0  __printf_ss_wp.o ABSOLUTE
    ../clib/printf.c                         0x00000000   Number         0  __printf_flags_ss_wp.o ABSOLUTE
    ../clib/printf.c                         0x00000000   Number         0  __printf_flags_wp.o ABSOLUTE
    ../clib/printf.c                         0x00000000   Number         0  __printf_wp.o ABSOLUTE
    ../clib/printf.c                         0x00000000   Number         0  __printf_flags_ss.o ABSOLUTE
    ../clib/printf.c                         0x00000000   Number         0  __2sprintf.o ABSOLUTE
    ../clib/printf.c                         0x00000000   Number         0  _sputc.o ABSOLUTE
    ../clib/printf.c                         0x00000000   Number         0  _printf_char_common.o ABSOLUTE
    ../clib/printf.c                         0x00000000   Number         0  __printf.o ABSOLUTE
    ../clib/printf.c                         0x00000000   Number         0  _printf_intcommon.o ABSOLUTE
    ../clib/printf.c                         0x00000000   Number         0  noretval__2sprintf.o ABSOLUTE
    ../clib/printf.c                         0x00000000   Number         0  __printf_flags.o ABSOLUTE
    ../clib/printf.c                         0x00000000   Number         0  _printf_dec.o ABSOLUTE
    ../clib/printf.c                         0x00000000   Number         0  __printf_ss.o ABSOLUTE
    ../clib/printf.c                         0x00000000   Number         0  __printf_nopercent.o ABSOLUTE
    ../clib/printf_percent.s                 0x00000000   Number         0  _printf_percent_end.o ABSOLUTE
    ../clib/printf_percent.s                 0x00000000   Number         0  _printf_d.o ABSOLUTE
    ../clib/printf_percent.s                 0x00000000   Number         0  _printf_percent.o ABSOLUTE
    ../clib/signal.c                         0x00000000   Number         0  defsig_rtmem_formal.o ABSOLUTE
    ../clib/signal.c                         0x00000000   Number         0  defsig_rtmem_inner.o ABSOLUTE
    ../clib/signal.c                         0x00000000   Number         0  defsig_rtmem_outer.o ABSOLUTE
    ../clib/signal.c                         0x00000000   Number         0  defsig_exit.o ABSOLUTE
    ../clib/signal.c                         0x00000000   Number         0  defsig_abrt_inner.o ABSOLUTE
    ../clib/signal.c                         0x00000000   Number         0  defsig_stak_inner.o ABSOLUTE
    ../clib/signal.c                         0x00000000   Number         0  defsig_general.o ABSOLUTE
    ../clib/signal.c                         0x00000000   Number         0  __raise.o ABSOLUTE
    ../clib/signal.c                         0x00000000   Number         0  defsig_other.o ABSOLUTE
    ../clib/signal.c                         0x00000000   Number         0  defsig_segv_inner.o ABSOLUTE
    ../clib/signal.c                         0x00000000   Number         0  defsig_cppl_inner.o ABSOLUTE
    ../clib/signal.c                         0x00000000   Number         0  defsig_pvfn_inner.o ABSOLUTE
    ../clib/signal.c                         0x00000000   Number         0  defsig_rtred_inner.o ABSOLUTE
    ../clib/signal.c                         0x00000000   Number         0  defsig_fpe_inner.o ABSOLUTE
    ../clib/signal.s                         0x00000000   Number         0  defsig.o ABSOLUTE
    ../clib/stdlib.c                         0x00000000   Number         0  exit.o ABSOLUTE
    ../clib/string.c                         0x00000000   Number         0  strtok.o ABSOLUTE
    ../clib/string.c                         0x00000000   Number         0  strtok_int.o ABSOLUTE
    ../clib/string.c                         0x00000000   Number         0  strlen.o ABSOLUTE
    ../clib/string.c                         0x00000000   Number         0  strspn.o ABSOLUTE
    ../clib/string.c                         0x00000000   Number         0  strcspn.o ABSOLUTE
    ../fplib/fpinit.s                        0x00000000   Number         0  fpinit.o ABSOLUTE
    ..\Device\Source\system_stm32f4xx.c      0x00000000   Number         0  system_stm32f4xx.o ABSOLUTE
    ..\Device\StdPeriph_Driver\src\misc.c    0x00000000   Number         0  misc.o ABSOLUTE
    ..\Device\StdPeriph_Driver\src\stm32f4xx_adc.c 0x00000000   Number         0  stm32f4xx_adc.o ABSOLUTE
    ..\Device\StdPeriph_Driver\src\stm32f4xx_can.c 0x00000000   Number         0  stm32f4xx_can.o ABSOLUTE
    ..\Device\StdPeriph_Driver\src\stm32f4xx_crc.c 0x00000000   Number         0  stm32f4xx_crc.o ABSOLUTE
    ..\Device\StdPeriph_Driver\src\stm32f4xx_cryp.c 0x00000000   Number         0  stm32f4xx_cryp.o ABSOLUTE
    ..\Device\StdPeriph_Driver\src\stm32f4xx_cryp_aes.c 0x00000000   Number         0  stm32f4xx_cryp_aes.o ABSOLUTE
    ..\Device\StdPeriph_Driver\src\stm32f4xx_cryp_des.c 0x00000000   Number         0  stm32f4xx_cryp_des.o ABSOLUTE
    ..\Device\StdPeriph_Driver\src\stm32f4xx_cryp_tdes.c 0x00000000   Number         0  stm32f4xx_cryp_tdes.o ABSOLUTE
    ..\Device\StdPeriph_Driver\src\stm32f4xx_dac.c 0x00000000   Number         0  stm32f4xx_dac.o ABSOLUTE
    ..\Device\StdPeriph_Driver\src\stm32f4xx_dbgmcu.c 0x00000000   Number         0  stm32f4xx_dbgmcu.o ABSOLUTE
    ..\Device\StdPeriph_Driver\src\stm32f4xx_dcmi.c 0x00000000   Number         0  stm32f4xx_dcmi.o ABSOLUTE
    ..\Device\StdPeriph_Driver\src\stm32f4xx_dma.c 0x00000000   Number         0  stm32f4xx_dma.o ABSOLUTE
    ..\Device\StdPeriph_Driver\src\stm32f4xx_dma2d.c 0x00000000   Number         0  stm32f4xx_dma2d.o ABSOLUTE
    ..\Device\StdPeriph_Driver\src\stm32f4xx_exti.c 0x00000000   Number         0  stm32f4xx_exti.o ABSOLUTE
    ..\Device\StdPeriph_Driver\src\stm32f4xx_flash.c 0x00000000   Number         0  stm32f4xx_flash.o ABSOLUTE
    ..\Device\StdPeriph_Driver\src\stm32f4xx_gpio.c 0x00000000   Number         0  stm32f4xx_gpio.o ABSOLUTE
    ..\Device\StdPeriph_Driver\src\stm32f4xx_hash.c 0x00000000   Number         0  stm32f4xx_hash.o ABSOLUTE
    ..\Device\StdPeriph_Driver\src\stm32f4xx_hash_md5.c 0x00000000   Number         0  stm32f4xx_hash_md5.o ABSOLUTE
    ..\Device\StdPeriph_Driver\src\stm32f4xx_hash_sha1.c 0x00000000   Number         0  stm32f4xx_hash_sha1.o ABSOLUTE
    ..\Device\StdPeriph_Driver\src\stm32f4xx_i2c.c 0x00000000   Number         0  stm32f4xx_i2c.o ABSOLUTE
    ..\Device\StdPeriph_Driver\src\stm32f4xx_iwdg.c 0x00000000   Number         0  stm32f4xx_iwdg.o ABSOLUTE
    ..\Device\StdPeriph_Driver\src\stm32f4xx_ltdc.c 0x00000000   Number         0  stm32f4xx_ltdc.o ABSOLUTE
    ..\Device\StdPeriph_Driver\src\stm32f4xx_pwr.c 0x00000000   Number         0  stm32f4xx_pwr.o ABSOLUTE
    ..\Device\StdPeriph_Driver\src\stm32f4xx_rcc.c 0x00000000   Number         0  stm32f4xx_rcc.o ABSOLUTE
    ..\Device\StdPeriph_Driver\src\stm32f4xx_rng.c 0x00000000   Number         0  stm32f4xx_rng.o ABSOLUTE
    ..\Device\StdPeriph_Driver\src\stm32f4xx_rtc.c 0x00000000   Number         0  stm32f4xx_rtc.o ABSOLUTE
    ..\Device\StdPeriph_Driver\src\stm32f4xx_sai.c 0x00000000   Number         0  stm32f4xx_sai.o ABSOLUTE
    ..\Device\StdPeriph_Driver\src\stm32f4xx_sdio.c 0x00000000   Number         0  stm32f4xx_sdio.o ABSOLUTE
    ..\Device\StdPeriph_Driver\src\stm32f4xx_spi.c 0x00000000   Number         0  stm32f4xx_spi.o ABSOLUTE
    ..\Device\StdPeriph_Driver\src\stm32f4xx_syscfg.c 0x00000000   Number         0  stm32f4xx_syscfg.o ABSOLUTE
    ..\Device\StdPeriph_Driver\src\stm32f4xx_tim.c 0x00000000   Number         0  stm32f4xx_tim.o ABSOLUTE
    ..\Device\StdPeriph_Driver\src\stm32f4xx_usart.c 0x00000000   Number         0  stm32f4xx_usart.o ABSOLUTE
    ..\Device\StdPeriph_Driver\src\stm32f4xx_wwdg.c 0x00000000   Number         0  stm32f4xx_wwdg.o ABSOLUTE
    ..\Device\StdPeriph_Driver\templates\stm32f4xx_it.c 0x00000000   Number         0  stm32f4xx_it_1.o ABSOLUTE
    ..\Device\startup_stm32f4xx.s            0x00000000   Number         0  startup_stm32f4xx.o ABSOLUTE
    ..\Main\init.c                           0x00000000   Number         0  init.o ABSOLUTE
    ..\Main\main.c                           0x00000000   Number         0  main.o ABSOLUTE
    ..\Main\meter.c                          0x00000000   Number         0  meter.o ABSOLUTE
    ..\\Device\\Source\\system_stm32f4xx.c   0x00000000   Number         0  system_stm32f4xx.o ABSOLUTE
    ..\\Device\\StdPeriph_Driver\\src\\misc.c 0x00000000   Number         0  misc.o ABSOLUTE
    ..\\Device\\StdPeriph_Driver\\src\\stm32f4xx_adc.c 0x00000000   Number         0  stm32f4xx_adc.o ABSOLUTE
    ..\\Device\\StdPeriph_Driver\\src\\stm32f4xx_can.c 0x00000000   Number         0  stm32f4xx_can.o ABSOLUTE
    ..\\Device\\StdPeriph_Driver\\src\\stm32f4xx_crc.c 0x00000000   Number         0  stm32f4xx_crc.o ABSOLUTE
    ..\\Device\\StdPeriph_Driver\\src\\stm32f4xx_cryp.c 0x00000000   Number         0  stm32f4xx_cryp.o ABSOLUTE
    ..\\Device\\StdPeriph_Driver\\src\\stm32f4xx_cryp_aes.c 0x00000000   Number         0  stm32f4xx_cryp_aes.o ABSOLUTE
    ..\\Device\\StdPeriph_Driver\\src\\stm32f4xx_cryp_des.c 0x00000000   Number         0  stm32f4xx_cryp_des.o ABSOLUTE
    ..\\Device\\StdPeriph_Driver\\src\\stm32f4xx_cryp_tdes.c 0x00000000   Number         0  stm32f4xx_cryp_tdes.o ABSOLUTE
    ..\\Device\\StdPeriph_Driver\\src\\stm32f4xx_dac.c 0x00000000   Number         0  stm32f4xx_dac.o ABSOLUTE
    ..\\Device\\StdPeriph_Driver\\src\\stm32f4xx_dbgmcu.c 0x00000000   Number         0  stm32f4xx_dbgmcu.o ABSOLUTE
    ..\\Device\\StdPeriph_Driver\\src\\stm32f4xx_dcmi.c 0x00000000   Number         0  stm32f4xx_dcmi.o ABSOLUTE
    ..\\Device\\StdPeriph_Driver\\src\\stm32f4xx_dma.c 0x00000000   Number         0  stm32f4xx_dma.o ABSOLUTE
    ..\\Device\\StdPeriph_Driver\\src\\stm32f4xx_dma2d.c 0x00000000   Number         0  stm32f4xx_dma2d.o ABSOLUTE
    ..\\Device\\StdPeriph_Driver\\src\\stm32f4xx_exti.c 0x00000000   Number         0  stm32f4xx_exti.o ABSOLUTE
    ..\\Device\\StdPeriph_Driver\\src\\stm32f4xx_flash.c 0x00000000   Number         0  stm32f4xx_flash.o ABSOLUTE
    ..\\Device\\StdPeriph_Driver\\src\\stm32f4xx_gpio.c 0x00000000   Number         0  stm32f4xx_gpio.o ABSOLUTE
    ..\\Device\\StdPeriph_Driver\\src\\stm32f4xx_hash.c 0x00000000   Number         0  stm32f4xx_hash.o ABSOLUTE
    ..\\Device\\StdPeriph_Driver\\src\\stm32f4xx_hash_md5.c 0x00000000   Number         0  stm32f4xx_hash_md5.o ABSOLUTE
    ..\\Device\\StdPeriph_Driver\\src\\stm32f4xx_hash_sha1.c 0x00000000   Number         0  stm32f4xx_hash_sha1.o ABSOLUTE
    ..\\Device\\StdPeriph_Driver\\src\\stm32f4xx_i2c.c 0x00000000   Number         0  stm32f4xx_i2c.o ABSOLUTE
    ..\\Device\\StdPeriph_Driver\\src\\stm32f4xx_iwdg.c 0x00000000   Number         0  stm32f4xx_iwdg.o ABSOLUTE
    ..\\Device\\StdPeriph_Driver\\src\\stm32f4xx_ltdc.c 0x00000000   Number         0  stm32f4xx_ltdc.o ABSOLUTE
    ..\\Device\\StdPeriph_Driver\\src\\stm32f4xx_pwr.c 0x00000000   Number         0  stm32f4xx_pwr.o ABSOLUTE
    ..\\Device\\StdPeriph_Driver\\src\\stm32f4xx_rcc.c 0x00000000   Number         0  stm32f4xx_rcc.o ABSOLUTE
    ..\\Device\\StdPeriph_Driver\\src\\stm32f4xx_rng.c 0x00000000   Number         0  stm32f4xx_rng.o ABSOLUTE
    ..\\Device\\StdPeriph_Driver\\src\\stm32f4xx_rtc.c 0x00000000   Number         0  stm32f4xx_rtc.o ABSOLUTE
    ..\\Device\\StdPeriph_Driver\\src\\stm32f4xx_sai.c 0x00000000   Number         0  stm32f4xx_sai.o ABSOLUTE
    ..\\Device\\StdPeriph_Driver\\src\\stm32f4xx_sdio.c 0x00000000   Number         0  stm32f4xx_sdio.o ABSOLUTE
    ..\\Device\\StdPeriph_Driver\\src\\stm32f4xx_spi.c 0x00000000   Number         0  stm32f4xx_spi.o ABSOLUTE
    ..\\Device\\StdPeriph_Driver\\src\\stm32f4xx_syscfg.c 0x00000000   Number         0  stm32f4xx_syscfg.o ABSOLUTE
    ..\\Device\\StdPeriph_Driver\\src\\stm32f4xx_tim.c 0x00000000   Number         0  stm32f4xx_tim.o ABSOLUTE
    ..\\Device\\StdPeriph_Driver\\src\\stm32f4xx_usart.c 0x00000000   Number         0  stm32f4xx_usart.o ABSOLUTE
    ..\\Device\\StdPeriph_Driver\\src\\stm32f4xx_wwdg.c 0x00000000   Number         0  stm32f4xx_wwdg.o ABSOLUTE
    ..\\Device\\StdPeriph_Driver\\templates\\stm32f4xx_it.c 0x00000000   Number         0  stm32f4xx_it_1.o ABSOLUTE
    ..\\Main\\init.c                         0x00000000   Number         0  init.o ABSOLUTE
    ..\\Main\\main.c                         0x00000000   Number         0  main.o ABSOLUTE
    ..\\Main\\meter.c                        0x00000000   Number         0  meter.o ABSOLUTE
    ..\\tm_stm32f4_dma\\tm_stm32f4_dma.c     0x00000000   Number         0  tm_stm32f4_dma.o ABSOLUTE
    ..\\tm_stm32f4_fonts\\tm_stm32f4_fonts.c 0x00000000   Number         0  tm_stm32f4_fonts.o ABSOLUTE
    ..\\tm_stm32f4_gpio_2\\tm_stm32f4_gpio.c 0x00000000   Number         0  tm_stm32f4_gpio.o ABSOLUTE
    ..\\tm_stm32f4_ili9341\\tm_stm32f4_ili9341.c 0x00000000   Number         0  tm_stm32f4_ili9341.o ABSOLUTE
    ..\\tm_stm32f4_spi_2\\tm_stm32f4_spi.c   0x00000000   Number         0  tm_stm32f4_spi.o ABSOLUTE
    ..\\tm_stm32f4_spi_dma\\tm_stm32f4_spi_dma.c 0x00000000   Number         0  tm_stm32f4_spi_dma.o ABSOLUTE
    ..\tm_stm32f4_dma\tm_stm32f4_dma.c       0x00000000   Number         0  tm_stm32f4_dma.o ABSOLUTE
    ..\tm_stm32f4_fonts\tm_stm32f4_fonts.c   0x00000000   Number         0  tm_stm32f4_fonts.o ABSOLUTE
    ..\tm_stm32f4_gpio_2\tm_stm32f4_gpio.c   0x00000000   Number         0  tm_stm32f4_gpio.o ABSOLUTE
    ..\tm_stm32f4_ili9341\tm_stm32f4_ili9341.c 0x00000000   Number         0  tm_stm32f4_ili9341.o ABSOLUTE
    ..\tm_stm32f4_spi_2\tm_stm32f4_spi.c     0x00000000   Number         0  tm_stm32f4_spi.o ABSOLUTE
    ..\tm_stm32f4_spi_dma\tm_stm32f4_spi_dma.c 0x00000000   Number         0  tm_stm32f4_spi_dma.o ABSOLUTE
    dc.s                                     0x00000000   Number         0  dc.o ABSOLUTE
    RESET                                    0x08000000   Section      392  startup_stm32f4xx.o(RESET)
    !!!main                                  0x08000188   Section        8  __main.o(!!!main)
    !!!scatter                               0x08000190   Section       52  __scatter.o(!!!scatter)
    !!handler_copy                           0x080001c4   Section       26  __scatter_copy.o(!!handler_copy)
    !!handler_zi                             0x080001e0   Section       28  __scatter_zi.o(!!handler_zi)
    .ARM.Collect$$_printf_percent$$00000000  0x080001fc   Section        0  _printf_percent.o(.ARM.Collect$$_printf_percent$$00000000)
    .ARM.Collect$$_printf_percent$$00000009  0x080001fc   Section        6  _printf_d.o(.ARM.Collect$$_printf_percent$$00000009)
    .ARM.Collect$$_printf_percent$$00000017  0x08000202   Section        4  _printf_percent_end.o(.ARM.Collect$$_printf_percent$$00000017)
    .ARM.Collect$$libinit$$00000000          0x08000206   Section        2  libinit.o(.ARM.Collect$$libinit$$00000000)
    .ARM.Collect$$libinit$$00000001          0x08000208   Section        4  libinit2.o(.ARM.Collect$$libinit$$00000001)
    .ARM.Collect$$libinit$$00000004          0x0800020c   Section        0  libinit2.o(.ARM.Collect$$libinit$$00000004)
    .ARM.Collect$$libinit$$0000000A          0x0800020c   Section        0  libinit2.o(.ARM.Collect$$libinit$$0000000A)
    .ARM.Collect$$libinit$$0000000C          0x0800020c   Section        0  libinit2.o(.ARM.Collect$$libinit$$0000000C)
    .ARM.Collect$$libinit$$0000000E          0x0800020c   Section        0  libinit2.o(.ARM.Collect$$libinit$$0000000E)
    .ARM.Collect$$libinit$$00000011          0x0800020c   Section        0  libinit2.o(.ARM.Collect$$libinit$$00000011)
    .ARM.Collect$$libinit$$00000013          0x0800020c   Section        0  libinit2.o(.ARM.Collect$$libinit$$00000013)
    .ARM.Collect$$libinit$$00000015          0x0800020c   Section        0  libinit2.o(.ARM.Collect$$libinit$$00000015)
    .ARM.Collect$$libinit$$00000017          0x0800020c   Section        0  libinit2.o(.ARM.Collect$$libinit$$00000017)
    .ARM.Collect$$libinit$$00000019          0x0800020c   Section        0  libinit2.o(.ARM.Collect$$libinit$$00000019)
    .ARM.Collect$$libinit$$0000001B          0x0800020c   Section        0  libinit2.o(.ARM.Collect$$libinit$$0000001B)
    .ARM.Collect$$libinit$$0000001D          0x0800020c   Section        0  libinit2.o(.ARM.Collect$$libinit$$0000001D)
    .ARM.Collect$$libinit$$0000001F          0x0800020c   Section        0  libinit2.o(.ARM.Collect$$libinit$$0000001F)
    .ARM.Collect$$libinit$$00000021          0x0800020c   Section        0  libinit2.o(.ARM.Collect$$libinit$$00000021)
    .ARM.Collect$$libinit$$00000023          0x0800020c   Section        0  libinit2.o(.ARM.Collect$$libinit$$00000023)
    .ARM.Collect$$libinit$$00000025          0x0800020c   Section        0  libinit2.o(.ARM.Collect$$libinit$$00000025)
    .ARM.Collect$$libinit$$0000002C          0x0800020c   Section        0  libinit2.o(.ARM.Collect$$libinit$$0000002C)
    .ARM.Collect$$libinit$$0000002E          0x0800020c   Section        0  libinit2.o(.ARM.Collect$$libinit$$0000002E)
    .ARM.Collect$$libinit$$00000030          0x0800020c   Section        0  libinit2.o(.ARM.Collect$$libinit$$00000030)
    .ARM.Collect$$libinit$$00000032          0x0800020c   Section        0  libinit2.o(.ARM.Collect$$libinit$$00000032)
    .ARM.Collect$$libinit$$00000033          0x0800020c   Section        2  libinit2.o(.ARM.Collect$$libinit$$00000033)
    .ARM.Collect$$libshutdown$$00000000      0x0800020e   Section        2  libshutdown.o(.ARM.Collect$$libshutdown$$00000000)
    .ARM.Collect$$libshutdown$$00000002      0x08000210   Section        0  libshutdown2.o(.ARM.Collect$$libshutdown$$00000002)
    .ARM.Collect$$libshutdown$$00000004      0x08000210   Section        0  libshutdown2.o(.ARM.Collect$$libshutdown$$00000004)
    .ARM.Collect$$libshutdown$$00000007      0x08000210   Section        0  libshutdown2.o(.ARM.Collect$$libshutdown$$00000007)
    .ARM.Collect$$libshutdown$$0000000A      0x08000210   Section        0  libshutdown2.o(.ARM.Collect$$libshutdown$$0000000A)
    .ARM.Collect$$libshutdown$$0000000C      0x08000210   Section        0  libshutdown2.o(.ARM.Collect$$libshutdown$$0000000C)
    .ARM.Collect$$libshutdown$$0000000F      0x08000210   Section        0  libshutdown2.o(.ARM.Collect$$libshutdown$$0000000F)
    .ARM.Collect$$libshutdown$$00000010      0x08000210   Section        2  libshutdown2.o(.ARM.Collect$$libshutdown$$00000010)
    .ARM.Collect$$rtentry$$00000000          0x08000212   Section        0  __rtentry.o(.ARM.Collect$$rtentry$$00000000)
    .ARM.Collect$$rtentry$$00000002          0x08000212   Section        0  __rtentry2.o(.ARM.Collect$$rtentry$$00000002)
    .ARM.Collect$$rtentry$$00000004          0x08000212   Section        6  __rtentry4.o(.ARM.Collect$$rtentry$$00000004)
    .ARM.Collect$$rtentry$$00000009          0x08000218   Section        0  __rtentry2.o(.ARM.Collect$$rtentry$$00000009)
    .ARM.Collect$$rtentry$$0000000A          0x08000218   Section        4  __rtentry2.o(.ARM.Collect$$rtentry$$0000000A)
    .ARM.Collect$$rtentry$$0000000C          0x0800021c   Section        0  __rtentry2.o(.ARM.Collect$$rtentry$$0000000C)
    .ARM.Collect$$rtentry$$0000000D          0x0800021c   Section        8  __rtentry2.o(.ARM.Collect$$rtentry$$0000000D)
    .ARM.Collect$$rtexit$$00000000           0x08000224   Section        2  rtexit.o(.ARM.Collect$$rtexit$$00000000)
    .ARM.Collect$$rtexit$$00000002           0x08000226   Section        0  rtexit2.o(.ARM.Collect$$rtexit$$00000002)
    .ARM.Collect$$rtexit$$00000003           0x08000226   Section        4  rtexit2.o(.ARM.Collect$$rtexit$$00000003)
    .ARM.Collect$$rtexit$$00000004           0x0800022a   Section        6  rtexit2.o(.ARM.Collect$$rtexit$$00000004)
    .text                                    0x08000230   Section        0  main.o(.text)
    .text                                    0x0800033c   Section        0  system_stm32f4xx.o(.text)
    SetSysClock                              0x0800033d   Thumb Code   220  system_stm32f4xx.o(.text)
    .text                                    0x0800054c   Section        0  stm32f4xx_it_1.o(.text)
    .text                                    0x08000568   Section        0  meter.o(.text)
    .text                                    0x080007f4   Section        0  init.o(.text)
    .text                                    0x08000990   Section       64  startup_stm32f4xx.o(.text)
    $v0                                      0x08000990   Number         0  startup_stm32f4xx.o(.text)
    .text                                    0x080009d0   Section        0  tm_stm32f4_dma.o(.text)
    TM_DMA_INT_ProcessInterrupt              0x08000b35   Thumb Code   124  tm_stm32f4_dma.o(.text)
    .text                                    0x08000c84   Section        0  tm_stm32f4_gpio.o(.text)
    .text                                    0x08000f84   Section        0  tm_stm32f4_ili9341.o(.text)
    TM_SPI_Send                              0x08000f85   Thumb Code    66  tm_stm32f4_ili9341.o(.text)
    .text                                    0x08001dd8   Section        0  tm_stm32f4_spi.o(.text)
    TM_SPIx_Init                             0x08001f8f   Thumb Code   334  tm_stm32f4_spi.o(.text)
    .text                                    0x08002588   Section        0  tm_stm32f4_spi_dma.o(.text)
    TM_SPI_DMA_INT_GetSettings               0x08002589   Thumb Code    52  tm_stm32f4_spi_dma.o(.text)
    .text                                    0x080028c4   Section        0  misc.o(.text)
    .text                                    0x080029a4   Section        0  stm32f4xx_dma.o(.text)
    .text                                    0x08002d4c   Section        0  stm32f4xx_gpio.o(.text)
    .text                                    0x08002fe0   Section        0  stm32f4xx_rcc.o(.text)
    .text                                    0x08003614   Section        0  stm32f4xx_spi.o(.text)
    .text                                    0x08003a64   Section        0  stm32f4xx_usart.o(.text)
    .text                                    0x08003eb8   Section        0  noretval__2sprintf.o(.text)
    .text                                    0x08003ee0   Section        0  __printf.o(.text)
    .text                                    0x08003f48   Section        0  _printf_dec.o(.text)
    .text                                    0x08003fc0   Section        0  strtok.o(.text)
    .text                                    0x08003fcc   Section        0  heapauxi.o(.text)
    .text                                    0x08003fd2   Section        0  _printf_intcommon.o(.text)
    .text                                    0x08004084   Section        0  _printf_char_common.o(.text)
    _printf_input_char                       0x08004085   Thumb Code    10  _printf_char_common.o(.text)
    .text                                    0x080040b4   Section        0  _sputc.o(.text)
    .text                                    0x080040c0   Section        0  strtok_int.o(.text)
    .text                                    0x08004104   Section        0  strcspn.o(.text)
    .text                                    0x08004124   Section        0  strspn.o(.text)
    .text                                    0x08004140   Section       74  sys_stackheap_outer.o(.text)
    .text                                    0x0800418a   Section        0  exit.o(.text)
    .text                                    0x0800419c   Section        8  libspace.o(.text)
    .text                                    0x080041a4   Section        0  sys_exit.o(.text)
    .text                                    0x080041b0   Section        2  use_no_semi.o(.text)
    .text                                    0x080041b2   Section        0  indicate_semi.o(.text)
    x$fpl$fpinit                             0x080041b2   Section       10  fpinit.o(x$fpl$fpinit)
    $v0                                      0x080041b2   Number         0  fpinit.o(x$fpl$fpinit)
    .constdata                               0x080041bc   Section       20  tm_stm32f4_dma.o(.constdata)
    DMA_Flags_Bit_Pos                        0x080041bc   Data           4  tm_stm32f4_dma.o(.constdata)
    DMA_IRQs                                 0x080041c0   Data          16  tm_stm32f4_dma.o(.constdata)
    .constdata                               0x080041d0   Section    10672  tm_stm32f4_fonts.o(.constdata)
    .data                                    0x20000000   Section       20  main.o(.data)
    .data                                    0x20000014   Section       20  system_stm32f4xx.o(.data)
    .data                                    0x20000028   Section        6  meter.o(.data)
    left_Indicator_flag                      0x20000029   Data           1  meter.o(.data)
    right_Indicator_flag                     0x2000002a   Data           1  meter.o(.data)
    bt_Indicator_flag                        0x2000002b   Data           1  meter.o(.data)
    headlight_Indicator_flag                 0x2000002c   Data           1  meter.o(.data)
    fuel_Indicator_flag                      0x2000002d   Data           1  meter.o(.data)
    .data                                    0x2000002e   Section        1  init.o(.data)
    cnt                                      0x2000002e   Data           1  init.o(.data)
    .data                                    0x20000030   Section       56  tm_stm32f4_fonts.o(.data)
    .data                                    0x20000068   Section       11  tm_stm32f4_ili9341.o(.data)
    .data                                    0x20000074   Section      144  tm_stm32f4_spi_dma.o(.data)
    SPI1_DMA_INT                             0x20000074   Data          24  tm_stm32f4_spi_dma.o(.data)
    SPI2_DMA_INT                             0x2000008c   Data          24  tm_stm32f4_spi_dma.o(.data)
    SPI3_DMA_INT                             0x200000a4   Data          24  tm_stm32f4_spi_dma.o(.data)
    SPI4_DMA_INT                             0x200000bc   Data          24  tm_stm32f4_spi_dma.o(.data)
    SPI5_DMA_INT                             0x200000d4   Data          24  tm_stm32f4_spi_dma.o(.data)
    SPI6_DMA_INT                             0x200000ec   Data          24  tm_stm32f4_spi_dma.o(.data)
    .data                                    0x20000104   Section       16  stm32f4xx_rcc.o(.data)
    APBAHBPrescTable                         0x20000104   Data          16  stm32f4xx_rcc.o(.data)
    .data                                    0x20000114   Section        4  strtok.o(.data)
    _strtok_saves1                           0x20000114   Data           4  strtok.o(.data)
    .bss                                     0x20000118   Section       51  init.o(.bss)
    .bss                                     0x2000014c   Section       22  tm_stm32f4_gpio.o(.bss)
    GPIO_UsedPins                            0x2000014c   Data          22  tm_stm32f4_gpio.o(.bss)
    .bss                                     0x20000164   Section       60  tm_stm32f4_spi_dma.o(.bss)
    DMA_InitStruct                           0x20000164   Data          60  tm_stm32f4_spi_dma.o(.bss)
    .bss                                     0x200001a0   Section       96  libspace.o(.bss)
    HEAP                                     0x20000200   Section      512  startup_stm32f4xx.o(HEAP)
    Heap_Mem                                 0x20000200   Data         512  startup_stm32f4xx.o(HEAP)
    STACK                                    0x20000400   Section     1024  startup_stm32f4xx.o(STACK)
    Stack_Mem                                0x20000400   Data        1024  startup_stm32f4xx.o(STACK)
    __initial_sp                             0x20000800   Data           0  startup_stm32f4xx.o(STACK)

    Global Symbols

    Symbol Name                              Value     Ov Type        Size  Object(Section)

    BuildAttributes$$THM_ISAv4$E$P$D$K$B$S$7EM$VFPi3$EXTD16$VFPS$VFMA$PE$A:L22UL41UL21$X:L11$S22US41US21$IEEE1$IW$USESV6$~STKCKD$USESV7$~SHL$OSPACE$ROPI$EBA8$UX$STANDARDLIB$REQ8$PRES8$EABIv2 0x00000000   Number         0  anon$$obj.o ABSOLUTE
    __ARM_use_no_argv                        0x00000000   Number         0  main.o ABSOLUTE
    __ARM_exceptions_init                     - Undefined Weak Reference
    __alloca_initialize                       - Undefined Weak Reference
    __arm_preinit_                            - Undefined Weak Reference
    __cpp_initialize__aeabi_                  - Undefined Weak Reference
    __cxa_finalize                            - Undefined Weak Reference
    __rt_locale                               - Undefined Weak Reference
    __sigvec_lookup                           - Undefined Weak Reference
    _atexit_init                              - Undefined Weak Reference
    _call_atexit_fns                          - Undefined Weak Reference
    _clock_init                               - Undefined Weak Reference
    _fp_trap_init                             - Undefined Weak Reference
    _fp_trap_shutdown                         - Undefined Weak Reference
    _get_lc_collate                           - Undefined Weak Reference
    _get_lc_ctype                             - Undefined Weak Reference
    _get_lc_monetary                          - Undefined Weak Reference
    _get_lc_numeric                           - Undefined Weak Reference
    _get_lc_time                              - Undefined Weak Reference
    _getenv_init                              - Undefined Weak Reference
    _handle_redirection                       - Undefined Weak Reference
    _init_alloc                               - Undefined Weak Reference
    _init_user_alloc                          - Undefined Weak Reference
    _initio                                   - Undefined Weak Reference
    _printf_post_padding                      - Undefined Weak Reference
    _printf_pre_padding                       - Undefined Weak Reference
    _printf_truncate_signed                   - Undefined Weak Reference
    _printf_truncate_unsigned                 - Undefined Weak Reference
    _rand_init                                - Undefined Weak Reference
    _signal_finish                            - Undefined Weak Reference
    _signal_init                              - Undefined Weak Reference
    _terminate_alloc                          - Undefined Weak Reference
    _terminate_user_alloc                     - Undefined Weak Reference
    _terminateio                              - Undefined Weak Reference
    __Vectors_Size                           0x00000188   Number         0  startup_stm32f4xx.o ABSOLUTE
    __Vectors                                0x08000000   Data           4  startup_stm32f4xx.o(RESET)
    __Vectors_End                            0x08000188   Data           0  startup_stm32f4xx.o(RESET)
    __main                                   0x08000189   Thumb Code     8  __main.o(!!!main)
    __scatterload                            0x08000191   Thumb Code     0  __scatter.o(!!!scatter)
    __scatterload_rt2                        0x08000191   Thumb Code    44  __scatter.o(!!!scatter)
    __scatterload_rt2_thumb_only             0x08000191   Thumb Code     0  __scatter.o(!!!scatter)
    __scatterload_null                       0x0800019f   Thumb Code     0  __scatter.o(!!!scatter)
    __scatterload_copy                       0x080001c5   Thumb Code    26  __scatter_copy.o(!!handler_copy)
    __scatterload_zeroinit                   0x080001e1   Thumb Code    28  __scatter_zi.o(!!handler_zi)
    _printf_d                                0x080001fd   Thumb Code     0  _printf_d.o(.ARM.Collect$$_printf_percent$$00000009)
    _printf_percent                          0x080001fd   Thumb Code     0  _printf_percent.o(.ARM.Collect$$_printf_percent$$00000000)
    _printf_percent_end                      0x08000203   Thumb Code     0  _printf_percent_end.o(.ARM.Collect$$_printf_percent$$00000017)
    __rt_lib_init                            0x08000207   Thumb Code     0  libinit.o(.ARM.Collect$$libinit$$00000000)
    __rt_lib_init_fp_1                       0x08000209   Thumb Code     0  libinit2.o(.ARM.Collect$$libinit$$00000001)
    __rt_lib_init_alloca_1                   0x0800020d   Thumb Code     0  libinit2.o(.ARM.Collect$$libinit$$0000002E)
    __rt_lib_init_argv_1                     0x0800020d   Thumb Code     0  libinit2.o(.ARM.Collect$$libinit$$0000002C)
    __rt_lib_init_atexit_1                   0x0800020d   Thumb Code     0  libinit2.o(.ARM.Collect$$libinit$$0000001B)
    __rt_lib_init_clock_1                    0x0800020d   Thumb Code     0  libinit2.o(.ARM.Collect$$libinit$$00000021)
    __rt_lib_init_cpp_1                      0x0800020d   Thumb Code     0  libinit2.o(.ARM.Collect$$libinit$$00000032)
    __rt_lib_init_exceptions_1               0x0800020d   Thumb Code     0  libinit2.o(.ARM.Collect$$libinit$$00000030)
    __rt_lib_init_fp_trap_1                  0x0800020d   Thumb Code     0  libinit2.o(.ARM.Collect$$libinit$$0000001F)
    __rt_lib_init_getenv_1                   0x0800020d   Thumb Code     0  libinit2.o(.ARM.Collect$$libinit$$00000023)
    __rt_lib_init_heap_1                     0x0800020d   Thumb Code     0  libinit2.o(.ARM.Collect$$libinit$$0000000A)
    __rt_lib_init_lc_collate_1               0x0800020d   Thumb Code     0  libinit2.o(.ARM.Collect$$libinit$$00000011)
    __rt_lib_init_lc_ctype_1                 0x0800020d   Thumb Code     0  libinit2.o(.ARM.Collect$$libinit$$00000013)
    __rt_lib_init_lc_monetary_1              0x0800020d   Thumb Code     0  libinit2.o(.ARM.Collect$$libinit$$00000015)
    __rt_lib_init_lc_numeric_1               0x0800020d   Thumb Code     0  libinit2.o(.ARM.Collect$$libinit$$00000017)
    __rt_lib_init_lc_time_1                  0x0800020d   Thumb Code     0  libinit2.o(.ARM.Collect$$libinit$$00000019)
    __rt_lib_init_preinit_1                  0x0800020d   Thumb Code     0  libinit2.o(.ARM.Collect$$libinit$$00000004)
    __rt_lib_init_rand_1                     0x0800020d   Thumb Code     0  libinit2.o(.ARM.Collect$$libinit$$0000000E)
    __rt_lib_init_return                     0x0800020d   Thumb Code     0  libinit2.o(.ARM.Collect$$libinit$$00000033)
    __rt_lib_init_signal_1                   0x0800020d   Thumb Code     0  libinit2.o(.ARM.Collect$$libinit$$0000001D)
    __rt_lib_init_stdio_1                    0x0800020d   Thumb Code     0  libinit2.o(.ARM.Collect$$libinit$$00000025)
    __rt_lib_init_user_alloc_1               0x0800020d   Thumb Code     0  libinit2.o(.ARM.Collect$$libinit$$0000000C)
    __rt_lib_shutdown                        0x0800020f   Thumb Code     0  libshutdown.o(.ARM.Collect$$libshutdown$$00000000)
    __rt_lib_shutdown_cpp_1                  0x08000211   Thumb Code     0  libshutdown2.o(.ARM.Collect$$libshutdown$$00000002)
    __rt_lib_shutdown_fp_trap_1              0x08000211   Thumb Code     0  libshutdown2.o(.ARM.Collect$$libshutdown$$00000007)
    __rt_lib_shutdown_heap_1                 0x08000211   Thumb Code     0  libshutdown2.o(.ARM.Collect$$libshutdown$$0000000F)
    __rt_lib_shutdown_return                 0x08000211   Thumb Code     0  libshutdown2.o(.ARM.Collect$$libshutdown$$00000010)
    __rt_lib_shutdown_signal_1               0x08000211   Thumb Code     0  libshutdown2.o(.ARM.Collect$$libshutdown$$0000000A)
    __rt_lib_shutdown_stdio_1                0x08000211   Thumb Code     0  libshutdown2.o(.ARM.Collect$$libshutdown$$00000004)
    __rt_lib_shutdown_user_alloc_1           0x08000211   Thumb Code     0  libshutdown2.o(.ARM.Collect$$libshutdown$$0000000C)
    __rt_entry                               0x08000213   Thumb Code     0  __rtentry.o(.ARM.Collect$$rtentry$$00000000)
    __rt_entry_presh_1                       0x08000213   Thumb Code     0  __rtentry2.o(.ARM.Collect$$rtentry$$00000002)
    __rt_entry_sh                            0x08000213   Thumb Code     0  __rtentry4.o(.ARM.Collect$$rtentry$$00000004)
    __rt_entry_li                            0x08000219   Thumb Code     0  __rtentry2.o(.ARM.Collect$$rtentry$$0000000A)
    __rt_entry_postsh_1                      0x08000219   Thumb Code     0  __rtentry2.o(.ARM.Collect$$rtentry$$00000009)
    __rt_entry_main                          0x0800021d   Thumb Code     0  __rtentry2.o(.ARM.Collect$$rtentry$$0000000D)
    __rt_entry_postli_1                      0x0800021d   Thumb Code     0  __rtentry2.o(.ARM.Collect$$rtentry$$0000000C)
    __rt_exit                                0x08000225   Thumb Code     0  rtexit.o(.ARM.Collect$$rtexit$$00000000)
    __rt_exit_ls                             0x08000227   Thumb Code     0  rtexit2.o(.ARM.Collect$$rtexit$$00000003)
    __rt_exit_prels_1                        0x08000227   Thumb Code     0  rtexit2.o(.ARM.Collect$$rtexit$$00000002)
    __rt_exit_exit                           0x0800022b   Thumb Code     0  rtexit2.o(.ARM.Collect$$rtexit$$00000004)
    main                                     0x08000231   Thumb Code   214  main.o(.text)
    SystemInit                               0x08000419   Thumb Code    88  system_stm32f4xx.o(.text)
    SystemCoreClockUpdate                    0x08000471   Thumb Code   174  system_stm32f4xx.o(.text)
    NMI_Handler                              0x0800054d   Thumb Code     2  stm32f4xx_it_1.o(.text)
    HardFault_Handler                        0x0800054f   Thumb Code     4  stm32f4xx_it_1.o(.text)
    MemManage_Handler                        0x08000553   Thumb Code     4  stm32f4xx_it_1.o(.text)
    BusFault_Handler                         0x08000557   Thumb Code     4  stm32f4xx_it_1.o(.text)
    UsageFault_Handler                       0x0800055b   Thumb Code     4  stm32f4xx_it_1.o(.text)
    SVC_Handler                              0x0800055f   Thumb Code     2  stm32f4xx_it_1.o(.text)
    DebugMon_Handler                         0x08000561   Thumb Code     2  stm32f4xx_it_1.o(.text)
    PendSV_Handler                           0x08000563   Thumb Code     2  stm32f4xx_it_1.o(.text)
    SysTick_Handler                          0x08000565   Thumb Code     2  stm32f4xx_it_1.o(.text)
    draw_Meter                               0x08000569   Thumb Code    98  meter.o(.text)
    update_RPM                               0x080005cb   Thumb Code    42  meter.o(.text)
    update_Distance                          0x080005f5   Thumb Code    42  meter.o(.text)
    update_Speed                             0x0800061f   Thumb Code    42  meter.o(.text)
    update_Meter                             0x08000649   Thumb Code    28  meter.o(.text)
    Toggle_Left_Indicator                    0x08000665   Thumb Code    54  meter.o(.text)
    Toggle_Right_Indicator                   0x0800069b   Thumb Code    54  meter.o(.text)
    Toggle_BT_Indicator                      0x080006d1   Thumb Code    60  meter.o(.text)
    Toggle_Headlight_Indicator               0x0800070d   Thumb Code    54  meter.o(.text)
    Toggle_Fuel_Indicator                    0x08000743   Thumb Code    72  meter.o(.text)
    init_UART                                0x080007f5   Thumb Code   190  init.o(.text)
    init_Reed                                0x080008b3   Thumb Code    50  init.o(.text)
    update_Reed                              0x080008e5   Thumb Code    26  init.o(.text)
    USART_puts                               0x080008ff   Thumb Code    40  init.o(.text)
    USART1_IRQHandler                        0x08000927   Thumb Code    82  init.o(.text)
    Reset_Handler                            0x08000991   Thumb Code     8  startup_stm32f4xx.o(.text)
    ADC_IRQHandler                           0x080009ab   Thumb Code     0  startup_stm32f4xx.o(.text)
    CAN1_RX0_IRQHandler                      0x080009ab   Thumb Code     0  startup_stm32f4xx.o(.text)
    CAN1_RX1_IRQHandler                      0x080009ab   Thumb Code     0  startup_stm32f4xx.o(.text)
    CAN1_SCE_IRQHandler                      0x080009ab   Thumb Code     0  startup_stm32f4xx.o(.text)
    CAN1_TX_IRQHandler                       0x080009ab   Thumb Code     0  startup_stm32f4xx.o(.text)
    CAN2_RX0_IRQHandler                      0x080009ab   Thumb Code     0  startup_stm32f4xx.o(.text)
    CAN2_RX1_IRQHandler                      0x080009ab   Thumb Code     0  startup_stm32f4xx.o(.text)
    CAN2_SCE_IRQHandler                      0x080009ab   Thumb Code     0  startup_stm32f4xx.o(.text)
    CAN2_TX_IRQHandler                       0x080009ab   Thumb Code     0  startup_stm32f4xx.o(.text)
    CRYP_IRQHandler                          0x080009ab   Thumb Code     0  startup_stm32f4xx.o(.text)
    DCMI_IRQHandler                          0x080009ab   Thumb Code     0  startup_stm32f4xx.o(.text)
    ETH_IRQHandler                           0x080009ab   Thumb Code     0  startup_stm32f4xx.o(.text)
    ETH_WKUP_IRQHandler                      0x080009ab   Thumb Code     0  startup_stm32f4xx.o(.text)
    EXTI0_IRQHandler                         0x080009ab   Thumb Code     0  startup_stm32f4xx.o(.text)
    EXTI15_10_IRQHandler                     0x080009ab   Thumb Code     0  startup_stm32f4xx.o(.text)
    EXTI1_IRQHandler                         0x080009ab   Thumb Code     0  startup_stm32f4xx.o(.text)
    EXTI2_IRQHandler                         0x080009ab   Thumb Code     0  startup_stm32f4xx.o(.text)
    EXTI3_IRQHandler                         0x080009ab   Thumb Code     0  startup_stm32f4xx.o(.text)
    EXTI4_IRQHandler                         0x080009ab   Thumb Code     0  startup_stm32f4xx.o(.text)
    EXTI9_5_IRQHandler                       0x080009ab   Thumb Code     0  startup_stm32f4xx.o(.text)
    FLASH_IRQHandler                         0x080009ab   Thumb Code     0  startup_stm32f4xx.o(.text)
    FPU_IRQHandler                           0x080009ab   Thumb Code     0  startup_stm32f4xx.o(.text)
    FSMC_IRQHandler                          0x080009ab   Thumb Code     0  startup_stm32f4xx.o(.text)
    HASH_RNG_IRQHandler                      0x080009ab   Thumb Code     0  startup_stm32f4xx.o(.text)
    I2C1_ER_IRQHandler                       0x080009ab   Thumb Code     0  startup_stm32f4xx.o(.text)
    I2C1_EV_IRQHandler                       0x080009ab   Thumb Code     0  startup_stm32f4xx.o(.text)
    I2C2_ER_IRQHandler                       0x080009ab   Thumb Code     0  startup_stm32f4xx.o(.text)
    I2C2_EV_IRQHandler                       0x080009ab   Thumb Code     0  startup_stm32f4xx.o(.text)
    I2C3_ER_IRQHandler                       0x080009ab   Thumb Code     0  startup_stm32f4xx.o(.text)
    I2C3_EV_IRQHandler                       0x080009ab   Thumb Code     0  startup_stm32f4xx.o(.text)
    OTG_FS_IRQHandler                        0x080009ab   Thumb Code     0  startup_stm32f4xx.o(.text)
    OTG_FS_WKUP_IRQHandler                   0x080009ab   Thumb Code     0  startup_stm32f4xx.o(.text)
    OTG_HS_EP1_IN_IRQHandler                 0x080009ab   Thumb Code     0  startup_stm32f4xx.o(.text)
    OTG_HS_EP1_OUT_IRQHandler                0x080009ab   Thumb Code     0  startup_stm32f4xx.o(.text)
    OTG_HS_IRQHandler                        0x080009ab   Thumb Code     0  startup_stm32f4xx.o(.text)
    OTG_HS_WKUP_IRQHandler                   0x080009ab   Thumb Code     0  startup_stm32f4xx.o(.text)
    PVD_IRQHandler                           0x080009ab   Thumb Code     0  startup_stm32f4xx.o(.text)
    RCC_IRQHandler                           0x080009ab   Thumb Code     0  startup_stm32f4xx.o(.text)
    RTC_Alarm_IRQHandler                     0x080009ab   Thumb Code     0  startup_stm32f4xx.o(.text)
    RTC_WKUP_IRQHandler                      0x080009ab   Thumb Code     0  startup_stm32f4xx.o(.text)
    SDIO_IRQHandler                          0x080009ab   Thumb Code     0  startup_stm32f4xx.o(.text)
    SPI1_IRQHandler                          0x080009ab   Thumb Code     0  startup_stm32f4xx.o(.text)
    SPI2_IRQHandler                          0x080009ab   Thumb Code     0  startup_stm32f4xx.o(.text)
    SPI3_IRQHandler                          0x080009ab   Thumb Code     0  startup_stm32f4xx.o(.text)
    TAMP_STAMP_IRQHandler                    0x080009ab   Thumb Code     0  startup_stm32f4xx.o(.text)
    TIM1_BRK_TIM9_IRQHandler                 0x080009ab   Thumb Code     0  startup_stm32f4xx.o(.text)
    TIM1_CC_IRQHandler                       0x080009ab   Thumb Code     0  startup_stm32f4xx.o(.text)
    TIM1_TRG_COM_TIM11_IRQHandler            0x080009ab   Thumb Code     0  startup_stm32f4xx.o(.text)
    TIM1_UP_TIM10_IRQHandler                 0x080009ab   Thumb Code     0  startup_stm32f4xx.o(.text)
    TIM2_IRQHandler                          0x080009ab   Thumb Code     0  startup_stm32f4xx.o(.text)
    TIM3_IRQHandler                          0x080009ab   Thumb Code     0  startup_stm32f4xx.o(.text)
    TIM4_IRQHandler                          0x080009ab   Thumb Code     0  startup_stm32f4xx.o(.text)
    TIM5_IRQHandler                          0x080009ab   Thumb Code     0  startup_stm32f4xx.o(.text)
    TIM6_DAC_IRQHandler                      0x080009ab   Thumb Code     0  startup_stm32f4xx.o(.text)
    TIM7_IRQHandler                          0x080009ab   Thumb Code     0  startup_stm32f4xx.o(.text)
    TIM8_BRK_TIM12_IRQHandler                0x080009ab   Thumb Code     0  startup_stm32f4xx.o(.text)
    TIM8_CC_IRQHandler                       0x080009ab   Thumb Code     0  startup_stm32f4xx.o(.text)
    TIM8_TRG_COM_TIM14_IRQHandler            0x080009ab   Thumb Code     0  startup_stm32f4xx.o(.text)
    TIM8_UP_TIM13_IRQHandler                 0x080009ab   Thumb Code     0  startup_stm32f4xx.o(.text)
    UART4_IRQHandler                         0x080009ab   Thumb Code     0  startup_stm32f4xx.o(.text)
    UART5_IRQHandler                         0x080009ab   Thumb Code     0  startup_stm32f4xx.o(.text)
    USART2_IRQHandler                        0x080009ab   Thumb Code     0  startup_stm32f4xx.o(.text)
    USART3_IRQHandler                        0x080009ab   Thumb Code     0  startup_stm32f4xx.o(.text)
    USART6_IRQHandler                        0x080009ab   Thumb Code     0  startup_stm32f4xx.o(.text)
    WWDG_IRQHandler                          0x080009ab   Thumb Code     0  startup_stm32f4xx.o(.text)
    __user_initial_stackheap                 0x080009ad   Thumb Code     0  startup_stm32f4xx.o(.text)
    TM_DMA_ClearFlag                         0x080009d1   Thumb Code    64  tm_stm32f4_dma.o(.text)
    TM_DMA_ClearFlags                        0x08000a11   Thumb Code    14  tm_stm32f4_dma.o(.text)
    TM_DMA_GetFlags                          0x08000a1f   Thumb Code    72  tm_stm32f4_dma.o(.text)
    TM_DMA_EnableInterrupts                  0x08000a67   Thumb Code   108  tm_stm32f4_dma.o(.text)
    TM_DMA_DisableInterrupts                 0x08000ad3   Thumb Code    88  tm_stm32f4_dma.o(.text)
    TM_DMA_TransferCompleteHandler           0x08000b2b   Thumb Code     2  tm_stm32f4_dma.o(.text)
    TM_DMA_HalfTransferCompleteHandler       0x08000b2d   Thumb Code     2  tm_stm32f4_dma.o(.text)
    TM_DMA_TransferErrorHandler              0x08000b2f   Thumb Code     2  tm_stm32f4_dma.o(.text)
    TM_DMA_DirectModeErrorHandler            0x08000b31   Thumb Code     2  tm_stm32f4_dma.o(.text)
    TM_DMA_FIFOErrorHandler                  0x08000b33   Thumb Code     2  tm_stm32f4_dma.o(.text)
    DMA1_Stream0_IRQHandler                  0x08000bb1   Thumb Code    12  tm_stm32f4_dma.o(.text)
    DMA1_Stream1_IRQHandler                  0x08000bbd   Thumb Code    12  tm_stm32f4_dma.o(.text)
    DMA1_Stream2_IRQHandler                  0x08000bc9   Thumb Code    12  tm_stm32f4_dma.o(.text)
    DMA1_Stream3_IRQHandler                  0x08000bd5   Thumb Code    12  tm_stm32f4_dma.o(.text)
    DMA1_Stream4_IRQHandler                  0x08000be1   Thumb Code    12  tm_stm32f4_dma.o(.text)
    DMA1_Stream5_IRQHandler                  0x08000bed   Thumb Code    12  tm_stm32f4_dma.o(.text)
    DMA1_Stream6_IRQHandler                  0x08000bf9   Thumb Code    12  tm_stm32f4_dma.o(.text)
    DMA1_Stream7_IRQHandler                  0x08000c05   Thumb Code    12  tm_stm32f4_dma.o(.text)
    DMA2_Stream0_IRQHandler                  0x08000c11   Thumb Code    10  tm_stm32f4_dma.o(.text)
    DMA2_Stream1_IRQHandler                  0x08000c1b   Thumb Code    12  tm_stm32f4_dma.o(.text)
    DMA2_Stream2_IRQHandler                  0x08000c27   Thumb Code    12  tm_stm32f4_dma.o(.text)
    DMA2_Stream3_IRQHandler                  0x08000c33   Thumb Code    12  tm_stm32f4_dma.o(.text)
    DMA2_Stream4_IRQHandler                  0x08000c3f   Thumb Code    12  tm_stm32f4_dma.o(.text)
    DMA2_Stream5_IRQHandler                  0x08000c4b   Thumb Code    12  tm_stm32f4_dma.o(.text)
    DMA2_Stream6_IRQHandler                  0x08000c57   Thumb Code    12  tm_stm32f4_dma.o(.text)
    DMA2_Stream7_IRQHandler                  0x08000c63   Thumb Code    12  tm_stm32f4_dma.o(.text)
    TM_GPIO_GetPortSource                    0x08000c85   Thumb Code    14  tm_stm32f4_gpio.o(.text)
    TM_GPIO_INT_Init                         0x08000c93   Thumb Code   170  tm_stm32f4_gpio.o(.text)
    TM_GPIO_INT_EnableClock                  0x08000d3d   Thumb Code    28  tm_stm32f4_gpio.o(.text)
    TM_GPIO_Init                             0x08000d59   Thumb Code    48  tm_stm32f4_gpio.o(.text)
    TM_GPIO_InitAlternate                    0x08000d89   Thumb Code   110  tm_stm32f4_gpio.o(.text)
    TM_GPIO_DeInit                           0x08000df7   Thumb Code    66  tm_stm32f4_gpio.o(.text)
    TM_GPIO_SetPinAsInput                    0x08000e39   Thumb Code    38  tm_stm32f4_gpio.o(.text)
    TM_GPIO_SetPinAsOutput                   0x08000e5f   Thumb Code    46  tm_stm32f4_gpio.o(.text)
    TM_GPIO_SetPinAsAnalog                   0x08000e8d   Thumb Code    38  tm_stm32f4_gpio.o(.text)
    TM_GPIO_SetPinAsAlternate                0x08000eb3   Thumb Code    50  tm_stm32f4_gpio.o(.text)
    TM_GPIO_SetPullResistor                  0x08000ee5   Thumb Code    50  tm_stm32f4_gpio.o(.text)
    TM_GPIO_Lock                             0x08000f17   Thumb Code    16  tm_stm32f4_gpio.o(.text)
    TM_GPIO_GetPinSource                     0x08000f27   Thumb Code    18  tm_stm32f4_gpio.o(.text)
    TM_GPIO_INT_DisableClock                 0x08000f39   Thumb Code    26  tm_stm32f4_gpio.o(.text)
    TM_GPIO_GetUsedPins                      0x08000f53   Thumb Code    18  tm_stm32f4_gpio.o(.text)
    TM_GPIO_GetFreePins                      0x08000f65   Thumb Code    22  tm_stm32f4_gpio.o(.text)
    TM_ILI9341_SendCommand                   0x08000fc7   Thumb Code    40  tm_stm32f4_ili9341.o(.text)
    TM_ILI9341_SendData                      0x08000fef   Thumb Code    40  tm_stm32f4_ili9341.o(.text)
    TM_ILI9341_SetCursorPosition             0x08001017   Thumb Code    76  tm_stm32f4_ili9341.o(.text)
    TM_ILI9341_INT_Fill                      0x08001063   Thumb Code   160  tm_stm32f4_ili9341.o(.text)
    TM_ILI9341_Fill                          0x08001103   Thumb Code    28  tm_stm32f4_ili9341.o(.text)
    TM_ILI9341_Delay                         0x0800111f   Thumb Code    18  tm_stm32f4_ili9341.o(.text)
    TM_ILI9341_InitLCD                       0x08001131   Thumb Code   618  tm_stm32f4_ili9341.o(.text)
    TM_ILI9341_Init                          0x0800139b   Thumb Code   146  tm_stm32f4_ili9341.o(.text)
    TM_ILI9341_DisplayOn                     0x0800142d   Thumb Code    10  tm_stm32f4_ili9341.o(.text)
    TM_ILI9341_DisplayOff                    0x08001437   Thumb Code    10  tm_stm32f4_ili9341.o(.text)
    TM_ILI9341_DrawPixel                     0x08001441   Thumb Code    42  tm_stm32f4_ili9341.o(.text)
    TM_ILI9341_Rotate                        0x0800146b   Thumb Code    96  tm_stm32f4_ili9341.o(.text)
    TM_ILI9341_Putc                          0x080014cb   Thumb Code   186  tm_stm32f4_ili9341.o(.text)
    TM_ILI9341_Puts                          0x08001585   Thumb Code   118  tm_stm32f4_ili9341.o(.text)
    TM_ILI9341_GetStringSize                 0x080015fb   Thumb Code    28  tm_stm32f4_ili9341.o(.text)
    TM_ILI9341_DrawLine                      0x08001617   Thumb Code   268  tm_stm32f4_ili9341.o(.text)
    TM_ILI9341_DrawRectangle                 0x08001723   Thumb Code    74  tm_stm32f4_ili9341.o(.text)
    TM_ILI9341_DrawFilledRectangle           0x0800176d   Thumb Code    66  tm_stm32f4_ili9341.o(.text)
    TM_ILI9341_DrawCircle                    0x080017af   Thumb Code   288  tm_stm32f4_ili9341.o(.text)
    TM_ILI9341_DrawFilledCircle              0x080018cf   Thumb Code   334  tm_stm32f4_ili9341.o(.text)
    TM_ILI9341_Draw_Bluetooth                0x08001a1d   Thumb Code   190  tm_stm32f4_ili9341.o(.text)
    TM_ILI9341_Draw_RightArrow               0x08001adb   Thumb Code   182  tm_stm32f4_ili9341.o(.text)
    TM_ILI9341_Draw_LeftArrow                0x08001b91   Thumb Code   182  tm_stm32f4_ili9341.o(.text)
    TM_ILI9341_Draw_Headlight                0x08001c47   Thumb Code   182  tm_stm32f4_ili9341.o(.text)
    TM_ILI9341_Draw_Fuel                     0x08001cfd   Thumb Code   192  tm_stm32f4_ili9341.o(.text)
    TM_SPI_InitCustomPinsCallback            0x08001dd9   Thumb Code     2  tm_stm32f4_spi.o(.text)
    TM_SPI6_INT_InitPins                     0x08001ddb   Thumb Code    42  tm_stm32f4_spi.o(.text)
    TM_SPI5_INT_InitPins                     0x08001e05   Thumb Code    86  tm_stm32f4_spi.o(.text)
    TM_SPI4_INT_InitPins                     0x08001e5b   Thumb Code    66  tm_stm32f4_spi.o(.text)
    TM_SPI3_INT_InitPins                     0x08001e9d   Thumb Code    66  tm_stm32f4_spi.o(.text)
    TM_SPI2_INT_InitPins                     0x08001edf   Thumb Code   112  tm_stm32f4_spi.o(.text)
    TM_SPI1_INT_InitPins                     0x08001f4f   Thumb Code    64  tm_stm32f4_spi.o(.text)
    TM_SPI_Init                              0x080020dd   Thumb Code   176  tm_stm32f4_spi.o(.text)
    TM_SPI_InitWithMode                      0x0800218d   Thumb Code   240  tm_stm32f4_spi.o(.text)
    TM_SPI_InitFull                          0x0800227d   Thumb Code   140  tm_stm32f4_spi.o(.text)
    TM_SPI_GetPrescalerFromMaxFrequency      0x08002309   Thumb Code    88  tm_stm32f4_spi.o(.text)
    TM_SPI_SetDataSize                       0x08002361   Thumb Code    48  tm_stm32f4_spi.o(.text)
    TM_SPI_SendMulti                         0x08002391   Thumb Code    80  tm_stm32f4_spi.o(.text)
    TM_SPI_WriteMulti                        0x080023e1   Thumb Code    78  tm_stm32f4_spi.o(.text)
    TM_SPI_ReadMulti                         0x0800242f   Thumb Code    78  tm_stm32f4_spi.o(.text)
    TM_SPI_SendMulti16                       0x0800247d   Thumb Code    84  tm_stm32f4_spi.o(.text)
    TM_SPI_WriteMulti16                      0x080024d1   Thumb Code    80  tm_stm32f4_spi.o(.text)
    TM_SPI_ReadMulti16                       0x08002521   Thumb Code    80  tm_stm32f4_spi.o(.text)
    TM_SPI_DMA_Init                          0x080025bd   Thumb Code   104  tm_stm32f4_spi_dma.o(.text)
    TM_SPI_DMA_InitWithStreamAndChannel      0x08002625   Thumb Code    44  tm_stm32f4_spi_dma.o(.text)
    TM_SPI_DMA_Deinit                        0x08002651   Thumb Code    26  tm_stm32f4_spi_dma.o(.text)
    TM_SPI_DMA_Transmit                      0x0800266b   Thumb Code   202  tm_stm32f4_spi_dma.o(.text)
    TM_SPI_DMA_SendByte                      0x08002735   Thumb Code   102  tm_stm32f4_spi_dma.o(.text)
    TM_SPI_DMA_SendHalfWord                  0x0800279b   Thumb Code   110  tm_stm32f4_spi_dma.o(.text)
    TM_SPI_DMA_Working                       0x08002809   Thumb Code    48  tm_stm32f4_spi_dma.o(.text)
    TM_SPI_DMA_GetStreamTX                   0x08002839   Thumb Code    14  tm_stm32f4_spi_dma.o(.text)
    TM_SPI_DMA_GetStreamRX                   0x08002847   Thumb Code    14  tm_stm32f4_spi_dma.o(.text)
    TM_SPI_DMA_EnableInterrupts              0x08002855   Thumb Code    26  tm_stm32f4_spi_dma.o(.text)
    TM_SPI_DMA_DisableInterrupts             0x0800286f   Thumb Code    26  tm_stm32f4_spi_dma.o(.text)
    NVIC_PriorityGroupConfig                 0x080028c5   Thumb Code    10  misc.o(.text)
    NVIC_Init                                0x080028cf   Thumb Code   106  misc.o(.text)
    NVIC_SetVectorTable                      0x08002939   Thumb Code    14  misc.o(.text)
    NVIC_SystemLPConfig                      0x08002947   Thumb Code    34  misc.o(.text)
    SysTick_CLKSourceConfig                  0x08002969   Thumb Code    40  misc.o(.text)
    DMA_DeInit                               0x080029a5   Thumb Code   324  stm32f4xx_dma.o(.text)
    DMA_Init                                 0x08002ae9   Thumb Code    82  stm32f4xx_dma.o(.text)
    DMA_StructInit                           0x08002b3b   Thumb Code    34  stm32f4xx_dma.o(.text)
    DMA_Cmd                                  0x08002b5d   Thumb Code    22  stm32f4xx_dma.o(.text)
    DMA_PeriphIncOffsetSizeConfig            0x08002b73   Thumb Code    22  stm32f4xx_dma.o(.text)
    DMA_FlowControllerConfig                 0x08002b89   Thumb Code    22  stm32f4xx_dma.o(.text)
    DMA_SetCurrDataCounter                   0x08002b9f   Thumb Code     4  stm32f4xx_dma.o(.text)
    DMA_GetCurrDataCounter                   0x08002ba3   Thumb Code     8  stm32f4xx_dma.o(.text)
    DMA_DoubleBufferModeConfig               0x08002bab   Thumb Code    24  stm32f4xx_dma.o(.text)
    DMA_DoubleBufferModeCmd                  0x08002bc3   Thumb Code    22  stm32f4xx_dma.o(.text)
    DMA_MemoryTargetConfig                   0x08002bd9   Thumb Code    10  stm32f4xx_dma.o(.text)
    DMA_GetCurrentMemoryTarget               0x08002be3   Thumb Code    20  stm32f4xx_dma.o(.text)
    DMA_GetCmdStatus                         0x08002bf7   Thumb Code    20  stm32f4xx_dma.o(.text)
    DMA_GetFIFOStatus                        0x08002c0b   Thumb Code    12  stm32f4xx_dma.o(.text)
    DMA_GetFlagStatus                        0x08002c17   Thumb Code    56  stm32f4xx_dma.o(.text)
    DMA_ClearFlag                            0x08002c4f   Thumb Code    40  stm32f4xx_dma.o(.text)
    DMA_ITConfig                             0x08002c77   Thumb Code    58  stm32f4xx_dma.o(.text)
    DMA_GetITStatus                          0x08002cb1   Thumb Code    84  stm32f4xx_dma.o(.text)
    DMA_ClearITPendingBit                    0x08002d05   Thumb Code    40  stm32f4xx_dma.o(.text)
    GPIO_DeInit                              0x08002d4d   Thumb Code   268  stm32f4xx_gpio.o(.text)
    GPIO_Init                                0x08002e59   Thumb Code   144  stm32f4xx_gpio.o(.text)
    GPIO_StructInit                          0x08002ee9   Thumb Code    18  stm32f4xx_gpio.o(.text)
    GPIO_PinLockConfig                       0x08002efb   Thumb Code    34  stm32f4xx_gpio.o(.text)
    GPIO_ReadInputDataBit                    0x08002f1d   Thumb Code    18  stm32f4xx_gpio.o(.text)
    GPIO_ReadInputData                       0x08002f2f   Thumb Code     8  stm32f4xx_gpio.o(.text)
    GPIO_ReadOutputDataBit                   0x08002f37   Thumb Code    18  stm32f4xx_gpio.o(.text)
    GPIO_ReadOutputData                      0x08002f49   Thumb Code     8  stm32f4xx_gpio.o(.text)
    GPIO_SetBits                             0x08002f51   Thumb Code     4  stm32f4xx_gpio.o(.text)
    GPIO_ResetBits                           0x08002f55   Thumb Code     4  stm32f4xx_gpio.o(.text)
    GPIO_WriteBit                            0x08002f59   Thumb Code    10  stm32f4xx_gpio.o(.text)
    GPIO_Write                               0x08002f63   Thumb Code     4  stm32f4xx_gpio.o(.text)
    GPIO_ToggleBits                          0x08002f67   Thumb Code     8  stm32f4xx_gpio.o(.text)
    GPIO_PinAFConfig                         0x08002f6f   Thumb Code    70  stm32f4xx_gpio.o(.text)
    RCC_DeInit                               0x08002fe1   Thumb Code    82  stm32f4xx_rcc.o(.text)
    RCC_HSEConfig                            0x08003033   Thumb Code    14  stm32f4xx_rcc.o(.text)
    RCC_GetFlagStatus                        0x08003041   Thumb Code    60  stm32f4xx_rcc.o(.text)
    RCC_WaitForHSEStartUp                    0x0800307d   Thumb Code    56  stm32f4xx_rcc.o(.text)
    RCC_AdjustHSICalibrationValue            0x080030b5   Thumb Code    20  stm32f4xx_rcc.o(.text)
    RCC_HSICmd                               0x080030c9   Thumb Code     6  stm32f4xx_rcc.o(.text)
    RCC_LSEConfig                            0x080030cf   Thumb Code    46  stm32f4xx_rcc.o(.text)
    RCC_LSICmd                               0x080030fd   Thumb Code     6  stm32f4xx_rcc.o(.text)
    RCC_PLLConfig                            0x08003103   Thumb Code    32  stm32f4xx_rcc.o(.text)
    RCC_PLLCmd                               0x08003123   Thumb Code     6  stm32f4xx_rcc.o(.text)
    RCC_PLLI2SConfig                         0x08003129   Thumb Code    14  stm32f4xx_rcc.o(.text)
    RCC_PLLI2SCmd                            0x08003137   Thumb Code     6  stm32f4xx_rcc.o(.text)
    RCC_PLLSAIConfig                         0x0800313d   Thumb Code    20  stm32f4xx_rcc.o(.text)
    RCC_PLLSAICmd                            0x08003151   Thumb Code     6  stm32f4xx_rcc.o(.text)
    RCC_ClockSecuritySystemCmd               0x08003157   Thumb Code     6  stm32f4xx_rcc.o(.text)
    RCC_MCO1Config                           0x0800315d   Thumb Code    28  stm32f4xx_rcc.o(.text)
    RCC_MCO2Config                           0x08003179   Thumb Code    28  stm32f4xx_rcc.o(.text)
    RCC_SYSCLKConfig                         0x08003195   Thumb Code    20  stm32f4xx_rcc.o(.text)
    RCC_GetSYSCLKSource                      0x080031a9   Thumb Code    12  stm32f4xx_rcc.o(.text)
    RCC_HCLKConfig                           0x080031b5   Thumb Code    20  stm32f4xx_rcc.o(.text)
    RCC_PCLK1Config                          0x080031c9   Thumb Code    20  stm32f4xx_rcc.o(.text)
    RCC_PCLK2Config                          0x080031dd   Thumb Code    22  stm32f4xx_rcc.o(.text)
    RCC_GetClocksFreq                        0x080031f3   Thumb Code   222  stm32f4xx_rcc.o(.text)
    RCC_RTCCLKConfig                         0x080032d1   Thumb Code    54  stm32f4xx_rcc.o(.text)
    RCC_RTCCLKCmd                            0x08003307   Thumb Code     8  stm32f4xx_rcc.o(.text)
    RCC_BackupResetCmd                       0x0800330f   Thumb Code     8  stm32f4xx_rcc.o(.text)
    RCC_I2SCLKConfig                         0x08003317   Thumb Code     6  stm32f4xx_rcc.o(.text)
    RCC_SAIPLLI2SClkDivConfig                0x0800331d   Thumb Code    26  stm32f4xx_rcc.o(.text)
    RCC_SAIPLLSAIClkDivConfig                0x08003337   Thumb Code    28  stm32f4xx_rcc.o(.text)
    RCC_SAIBlockACLKConfig                   0x08003353   Thumb Code    20  stm32f4xx_rcc.o(.text)
    RCC_SAIBlockBCLKConfig                   0x08003367   Thumb Code    20  stm32f4xx_rcc.o(.text)
    RCC_LTDCCLKDivConfig                     0x0800337b   Thumb Code    20  stm32f4xx_rcc.o(.text)
    RCC_TIMCLKPresConfig                     0x0800338f   Thumb Code     6  stm32f4xx_rcc.o(.text)
    RCC_AHB1PeriphClockCmd                   0x08003395   Thumb Code    34  stm32f4xx_rcc.o(.text)
    RCC_AHB2PeriphClockCmd                   0x080033b7   Thumb Code    78  stm32f4xx_rcc.o(.text)
    RCC_AHB3PeriphClockCmd                   0x08003405   Thumb Code    34  stm32f4xx_rcc.o(.text)
    RCC_APB1PeriphClockCmd                   0x08003427   Thumb Code    34  stm32f4xx_rcc.o(.text)
    RCC_APB2PeriphClockCmd                   0x08003449   Thumb Code    34  stm32f4xx_rcc.o(.text)
    RCC_AHB1PeriphResetCmd                   0x0800346b   Thumb Code    34  stm32f4xx_rcc.o(.text)
    RCC_AHB2PeriphResetCmd                   0x0800348d   Thumb Code    34  stm32f4xx_rcc.o(.text)
    RCC_AHB3PeriphResetCmd                   0x080034af   Thumb Code    34  stm32f4xx_rcc.o(.text)
    RCC_APB1PeriphResetCmd                   0x080034d1   Thumb Code    34  stm32f4xx_rcc.o(.text)
    RCC_APB2PeriphResetCmd                   0x080034f3   Thumb Code    34  stm32f4xx_rcc.o(.text)
    RCC_AHB1PeriphClockLPModeCmd             0x08003515   Thumb Code    34  stm32f4xx_rcc.o(.text)
    RCC_AHB2PeriphClockLPModeCmd             0x08003537   Thumb Code    34  stm32f4xx_rcc.o(.text)
    RCC_AHB3PeriphClockLPModeCmd             0x08003559   Thumb Code    34  stm32f4xx_rcc.o(.text)
    RCC_APB1PeriphClockLPModeCmd             0x0800357b   Thumb Code    34  stm32f4xx_rcc.o(.text)
    RCC_APB2PeriphClockLPModeCmd             0x0800359d   Thumb Code    34  stm32f4xx_rcc.o(.text)
    RCC_ITConfig                             0x080035bf   Thumb Code    34  stm32f4xx_rcc.o(.text)
    RCC_ClearFlag                            0x080035e1   Thumb Code    18  stm32f4xx_rcc.o(.text)
    RCC_GetITStatus                          0x080035f3   Thumb Code    22  stm32f4xx_rcc.o(.text)
    RCC_ClearITPendingBit                    0x08003609   Thumb Code     8  stm32f4xx_rcc.o(.text)
    SPI_I2S_DeInit                           0x08003615   Thumb Code   152  stm32f4xx_spi.o(.text)
    SPI_Init                                 0x080036ad   Thumb Code    60  stm32f4xx_spi.o(.text)
    I2S_Init                                 0x080036e9   Thumb Code   350  stm32f4xx_spi.o(.text)
    SPI_StructInit                           0x08003847   Thumb Code    24  stm32f4xx_spi.o(.text)
    I2S_StructInit                           0x0800385f   Thumb Code    20  stm32f4xx_spi.o(.text)
    SPI_Cmd                                  0x08003873   Thumb Code    24  stm32f4xx_spi.o(.text)
    I2S_Cmd                                  0x0800388b   Thumb Code    24  stm32f4xx_spi.o(.text)
    SPI_DataSizeConfig                       0x080038a3   Thumb Code    18  stm32f4xx_spi.o(.text)
    SPI_BiDirectionalLineConfig              0x080038b5   Thumb Code    28  stm32f4xx_spi.o(.text)
    SPI_NSSInternalSoftwareConfig            0x080038d1   Thumb Code    30  stm32f4xx_spi.o(.text)
    SPI_SSOutputCmd                          0x080038ef   Thumb Code    24  stm32f4xx_spi.o(.text)
    SPI_TIModeCmd                            0x08003907   Thumb Code    24  stm32f4xx_spi.o(.text)
    I2S_FullDuplexConfig                     0x0800391f   Thumb Code    80  stm32f4xx_spi.o(.text)
    SPI_I2S_ReceiveData                      0x0800396f   Thumb Code     6  stm32f4xx_spi.o(.text)
    SPI_I2S_SendData                         0x08003975   Thumb Code     4  stm32f4xx_spi.o(.text)
    SPI_CalculateCRC                         0x08003979   Thumb Code    24  stm32f4xx_spi.o(.text)
    SPI_TransmitCRC                          0x08003991   Thumb Code    10  stm32f4xx_spi.o(.text)
    SPI_GetCRC                               0x0800399b   Thumb Code    16  stm32f4xx_spi.o(.text)
    SPI_GetCRCPolynomial                     0x080039ab   Thumb Code     6  stm32f4xx_spi.o(.text)
    SPI_I2S_DMACmd                           0x080039b1   Thumb Code    18  stm32f4xx_spi.o(.text)
    SPI_I2S_ITConfig                         0x080039c3   Thumb Code    32  stm32f4xx_spi.o(.text)
    SPI_I2S_GetFlagStatus                    0x080039e3   Thumb Code    50  stm32f4xx_spi.o(.text)
    SPI_I2S_ClearFlag                        0x08003a15   Thumb Code     6  stm32f4xx_spi.o(.text)
    SPI_I2S_GetITStatus                      0x08003a1b   Thumb Code    52  stm32f4xx_spi.o(.text)
    SPI_I2S_ClearITPendingBit                0x08003a4f   Thumb Code    20  stm32f4xx_spi.o(.text)
    USART_DeInit                             0x08003a65   Thumb Code   206  stm32f4xx_usart.o(.text)
    USART_Init                               0x08003b33   Thumb Code   204  stm32f4xx_usart.o(.text)
    USART_StructInit                         0x08003bff   Thumb Code    24  stm32f4xx_usart.o(.text)
    USART_ClockInit                          0x08003c17   Thumb Code    32  stm32f4xx_usart.o(.text)
    USART_ClockStructInit                    0x08003c37   Thumb Code    12  stm32f4xx_usart.o(.text)
    USART_Cmd                                0x08003c43   Thumb Code    24  stm32f4xx_usart.o(.text)
    USART_SetPrescaler                       0x08003c5b   Thumb Code    16  stm32f4xx_usart.o(.text)
    USART_OverSampling8Cmd                   0x08003c6b   Thumb Code    22  stm32f4xx_usart.o(.text)
    USART_OneBitMethodCmd                    0x08003c81   Thumb Code    24  stm32f4xx_usart.o(.text)
    USART_SendData                           0x08003c99   Thumb Code     8  stm32f4xx_usart.o(.text)
    USART_ReceiveData                        0x08003ca1   Thumb Code    10  stm32f4xx_usart.o(.text)
    USART_SetAddress                         0x08003cab   Thumb Code    18  stm32f4xx_usart.o(.text)
    USART_ReceiverWakeUpCmd                  0x08003cbd   Thumb Code    24  stm32f4xx_usart.o(.text)
    USART_WakeUpConfig                       0x08003cd5   Thumb Code    18  stm32f4xx_usart.o(.text)
    USART_LINBreakDetectLengthConfig         0x08003ce7   Thumb Code    18  stm32f4xx_usart.o(.text)
    USART_LINCmd                             0x08003cf9   Thumb Code    24  stm32f4xx_usart.o(.text)
    USART_SendBreak                          0x08003d11   Thumb Code    10  stm32f4xx_usart.o(.text)
    USART_HalfDuplexCmd                      0x08003d1b   Thumb Code    24  stm32f4xx_usart.o(.text)
    USART_SetGuardTime                       0x08003d33   Thumb Code    16  stm32f4xx_usart.o(.text)
    USART_SmartCardCmd                       0x08003d43   Thumb Code    24  stm32f4xx_usart.o(.text)
    USART_SmartCardNACKCmd                   0x08003d5b   Thumb Code    24  stm32f4xx_usart.o(.text)
    USART_IrDAConfig                         0x08003d73   Thumb Code    18  stm32f4xx_usart.o(.text)
    USART_IrDACmd                            0x08003d85   Thumb Code    24  stm32f4xx_usart.o(.text)
    USART_DMACmd                             0x08003d9d   Thumb Code    18  stm32f4xx_usart.o(.text)
    USART_ITConfig                           0x08003daf   Thumb Code    74  stm32f4xx_usart.o(.text)
    USART_GetFlagStatus                      0x08003df9   Thumb Code    26  stm32f4xx_usart.o(.text)
    USART_ClearFlag                          0x08003e13   Thumb Code    18  stm32f4xx_usart.o(.text)
    USART_GetITStatus                        0x08003e25   Thumb Code   118  stm32f4xx_usart.o(.text)
    USART_ClearITPendingBit                  0x08003e9b   Thumb Code    30  stm32f4xx_usart.o(.text)
    __2sprintf                               0x08003eb9   Thumb Code    34  noretval__2sprintf.o(.text)
    __printf                                 0x08003ee1   Thumb Code   104  __printf.o(.text)
    _printf_int_dec                          0x08003f49   Thumb Code   104  _printf_dec.o(.text)
    strtok                                   0x08003fc1   Thumb Code     6  strtok.o(.text)
    __use_two_region_memory                  0x08003fcd   Thumb Code     2  heapauxi.o(.text)
    __rt_heap_escrow$2region                 0x08003fcf   Thumb Code     2  heapauxi.o(.text)
    __rt_heap_expand$2region                 0x08003fd1   Thumb Code     2  heapauxi.o(.text)
    _printf_int_common                       0x08003fd3   Thumb Code   178  _printf_intcommon.o(.text)
    _printf_char_common                      0x0800408f   Thumb Code    32  _printf_char_common.o(.text)
    _sputc                                   0x080040b5   Thumb Code    10  _sputc.o(.text)
    __strtok_internal                        0x080040c1   Thumb Code    64  strtok_int.o(.text)
    strcspn                                  0x08004105   Thumb Code    32  strcspn.o(.text)
    strspn                                   0x08004125   Thumb Code    28  strspn.o(.text)
    __user_setup_stackheap                   0x08004141   Thumb Code    74  sys_stackheap_outer.o(.text)
    exit                                     0x0800418b   Thumb Code    18  exit.o(.text)
    __user_libspace                          0x0800419d   Thumb Code     8  libspace.o(.text)
    __user_perproc_libspace                  0x0800419d   Thumb Code     0  libspace.o(.text)
    __user_perthread_libspace                0x0800419d   Thumb Code     0  libspace.o(.text)
    _sys_exit                                0x080041a5   Thumb Code     8  sys_exit.o(.text)
    __I$use$semihosting                      0x080041b1   Thumb Code     0  use_no_semi.o(.text)
    __use_no_semihosting_swi                 0x080041b1   Thumb Code     2  use_no_semi.o(.text)
    __semihosting_library_function           0x080041b3   Thumb Code     0  indicate_semi.o(.text)
    _fp_init                                 0x080041b3   Thumb Code    10  fpinit.o(x$fpl$fpinit)
    __fplib_config_fpu_vfp                   0x080041bb   Thumb Code     0  fpinit.o(x$fpl$fpinit)
    __fplib_config_pureend_doubles           0x080041bb   Thumb Code     0  fpinit.o(x$fpl$fpinit)
    TM_Font7x10                              0x080041d0   Data        1920  tm_stm32f4_fonts.o(.constdata)
    TM_Font11x18                             0x08004950   Data        3420  tm_stm32f4_fonts.o(.constdata)
    TM_Font16x26                             0x080056ac   Data        4940  tm_stm32f4_fonts.o(.constdata)
    RightArrow_Font16x14                     0x080069f8   Data          28  tm_stm32f4_fonts.o(.constdata)
    LeftArrow_Font16x14                      0x08006a14   Data          28  tm_stm32f4_fonts.o(.constdata)
    Headlight_Font16x14                      0x08006a30   Data          28  tm_stm32f4_fonts.o(.constdata)
    Fuel_Font16x14                           0x08006a4c   Data         308  tm_stm32f4_fonts.o(.constdata)
    Region$$Table$$Base                      0x08006b80   Number         0  anon$$obj.o(Region$$Table)
    Region$$Table$$Limit                     0x08006ba0   Number         0  anon$$obj.o(Region$$Table)
    GPIO_InitStructure                       0x20000000   Data           8  main.o(.data)
    SpeedCounter                             0x20000008   Data           4  main.o(.data)
    DistanceCounter                          0x2000000c   Data           4  main.o(.data)
    RPMCounter                               0x20000010   Data           4  main.o(.data)
    SystemCoreClock                          0x20000014   Data           4  system_stm32f4xx.o(.data)
    AHBPrescTable                            0x20000018   Data          16  system_stm32f4xx.o(.data)
    flags_meter                              0x20000028   Data           1  meter.o(.data)
    TM_Font_7x10                             0x20000030   Data           8  tm_stm32f4_fonts.o(.data)
    TM_Font_11x18                            0x20000038   Data           8  tm_stm32f4_fonts.o(.data)
    TM_Font_16x26                            0x20000040   Data           8  tm_stm32f4_fonts.o(.data)
    RightArrow_Font_16x14                    0x20000048   Data           8  tm_stm32f4_fonts.o(.data)
    LeftArrow_Font_16x14                     0x20000050   Data           8  tm_stm32f4_fonts.o(.data)
    Headlight_Font_16x14                     0x20000058   Data           8  tm_stm32f4_fonts.o(.data)
    Fuel_Font_16x14                          0x20000060   Data           8  tm_stm32f4_fonts.o(.data)
    ILI9341_x                                0x20000068   Data           2  tm_stm32f4_ili9341.o(.data)
    ILI9341_y                                0x2000006a   Data           2  tm_stm32f4_ili9341.o(.data)
    ILI9341_Opts                             0x2000006c   Data           6  tm_stm32f4_ili9341.o(.data)
    ILI9341_INT_CalledFromPuts               0x20000072   Data           1  tm_stm32f4_ili9341.o(.data)
    received_string                          0x20000118   Data          51  init.o(.bss)
    __libspace_start                         0x200001a0   Data          96  libspace.o(.bss)
    __temporary_stack_top$libspace           0x20000200   Data           0  libspace.o(.bss)



==============================================================================

Memory Map of the image

  Image Entry point : 0x08000189

  Load Region LR_IROM1 (Base: 0x08000000, Size: 0x00006cb8, Max: 0x00100000, ABSOLUTE)

    Execution Region ER_IROM1 (Base: 0x08000000, Size: 0x00006ba0, Max: 0x00100000, ABSOLUTE)

    Base Addr    Size         Type   Attr      Idx    E Section Name        Object

    0x08000000   0x00000188   Data   RO          232    RESET               startup_stm32f4xx.o
    0x08000188   0x00000008   Code   RO         1151  * !!!main             c_w.l(__main.o)
    0x08000190   0x00000034   Code   RO         1323    !!!scatter          c_w.l(__scatter.o)
    0x080001c4   0x0000001a   Code   RO         1325    !!handler_copy      c_w.l(__scatter_copy.o)
    0x080001de   0x00000002   PAD
    0x080001e0   0x0000001c   Code   RO         1327    !!handler_zi        c_w.l(__scatter_zi.o)
    0x080001fc   0x00000000   Code   RO         1143    .ARM.Collect$$_printf_percent$$00000000  c_w.l(_printf_percent.o)
    0x080001fc   0x00000006   Code   RO         1142    .ARM.Collect$$_printf_percent$$00000009  c_w.l(_printf_d.o)
    0x08000202   0x00000004   Code   RO         1160    .ARM.Collect$$_printf_percent$$00000017  c_w.l(_printf_percent_end.o)
    0x08000206   0x00000002   Code   RO         1193    .ARM.Collect$$libinit$$00000000  c_w.l(libinit.o)
    0x08000208   0x00000004   Code   RO         1199    .ARM.Collect$$libinit$$00000001  c_w.l(libinit2.o)
    0x0800020c   0x00000000   Code   RO         1202    .ARM.Collect$$libinit$$00000004  c_w.l(libinit2.o)
    0x0800020c   0x00000000   Code   RO         1205    .ARM.Collect$$libinit$$0000000A  c_w.l(libinit2.o)
    0x0800020c   0x00000000   Code   RO         1207    .ARM.Collect$$libinit$$0000000C  c_w.l(libinit2.o)
    0x0800020c   0x00000000   Code   RO         1209    .ARM.Collect$$libinit$$0000000E  c_w.l(libinit2.o)
    0x0800020c   0x00000000   Code   RO         1212    .ARM.Collect$$libinit$$00000011  c_w.l(libinit2.o)
    0x0800020c   0x00000000   Code   RO         1214    .ARM.Collect$$libinit$$00000013  c_w.l(libinit2.o)
    0x0800020c   0x00000000   Code   RO         1216    .ARM.Collect$$libinit$$00000015  c_w.l(libinit2.o)
    0x0800020c   0x00000000   Code   RO         1218    .ARM.Collect$$libinit$$00000017  c_w.l(libinit2.o)
    0x0800020c   0x00000000   Code   RO         1220    .ARM.Collect$$libinit$$00000019  c_w.l(libinit2.o)
    0x0800020c   0x00000000   Code   RO         1222    .ARM.Collect$$libinit$$0000001B  c_w.l(libinit2.o)
    0x0800020c   0x00000000   Code   RO         1224    .ARM.Collect$$libinit$$0000001D  c_w.l(libinit2.o)
    0x0800020c   0x00000000   Code   RO         1226    .ARM.Collect$$libinit$$0000001F  c_w.l(libinit2.o)
    0x0800020c   0x00000000   Code   RO         1228    .ARM.Collect$$libinit$$00000021  c_w.l(libinit2.o)
    0x0800020c   0x00000000   Code   RO         1230    .ARM.Collect$$libinit$$00000023  c_w.l(libinit2.o)
    0x0800020c   0x00000000   Code   RO         1232    .ARM.Collect$$libinit$$00000025  c_w.l(libinit2.o)
    0x0800020c   0x00000000   Code   RO         1236    .ARM.Collect$$libinit$$0000002C  c_w.l(libinit2.o)
    0x0800020c   0x00000000   Code   RO         1238    .ARM.Collect$$libinit$$0000002E  c_w.l(libinit2.o)
    0x0800020c   0x00000000   Code   RO         1240    .ARM.Collect$$libinit$$00000030  c_w.l(libinit2.o)
    0x0800020c   0x00000000   Code   RO         1242    .ARM.Collect$$libinit$$00000032  c_w.l(libinit2.o)
    0x0800020c   0x00000002   Code   RO         1243    .ARM.Collect$$libinit$$00000033  c_w.l(libinit2.o)
    0x0800020e   0x00000002   Code   RO         1263    .ARM.Collect$$libshutdown$$00000000  c_w.l(libshutdown.o)
    0x08000210   0x00000000   Code   RO         1276    .ARM.Collect$$libshutdown$$00000002  c_w.l(libshutdown2.o)
    0x08000210   0x00000000   Code   RO         1278    .ARM.Collect$$libshutdown$$00000004  c_w.l(libshutdown2.o)
    0x08000210   0x00000000   Code   RO         1281    .ARM.Collect$$libshutdown$$00000007  c_w.l(libshutdown2.o)
    0x08000210   0x00000000   Code   RO         1284    .ARM.Collect$$libshutdown$$0000000A  c_w.l(libshutdown2.o)
    0x08000210   0x00000000   Code   RO         1286    .ARM.Collect$$libshutdown$$0000000C  c_w.l(libshutdown2.o)
    0x08000210   0x00000000   Code   RO         1289    .ARM.Collect$$libshutdown$$0000000F  c_w.l(libshutdown2.o)
    0x08000210   0x00000002   Code   RO         1290    .ARM.Collect$$libshutdown$$00000010  c_w.l(libshutdown2.o)
    0x08000212   0x00000000   Code   RO         1153    .ARM.Collect$$rtentry$$00000000  c_w.l(__rtentry.o)
    0x08000212   0x00000000   Code   RO         1164    .ARM.Collect$$rtentry$$00000002  c_w.l(__rtentry2.o)
    0x08000212   0x00000006   Code   RO         1176    .ARM.Collect$$rtentry$$00000004  c_w.l(__rtentry4.o)
    0x08000218   0x00000000   Code   RO         1166    .ARM.Collect$$rtentry$$00000009  c_w.l(__rtentry2.o)
    0x08000218   0x00000004   Code   RO         1167    .ARM.Collect$$rtentry$$0000000A  c_w.l(__rtentry2.o)
    0x0800021c   0x00000000   Code   RO         1169    .ARM.Collect$$rtentry$$0000000C  c_w.l(__rtentry2.o)
    0x0800021c   0x00000008   Code   RO         1170    .ARM.Collect$$rtentry$$0000000D  c_w.l(__rtentry2.o)
    0x08000224   0x00000002   Code   RO         1197    .ARM.Collect$$rtexit$$00000000  c_w.l(rtexit.o)
    0x08000226   0x00000000   Code   RO         1245    .ARM.Collect$$rtexit$$00000002  c_w.l(rtexit2.o)
    0x08000226   0x00000004   Code   RO         1246    .ARM.Collect$$rtexit$$00000003  c_w.l(rtexit2.o)
    0x0800022a   0x00000006   Code   RO         1247    .ARM.Collect$$rtexit$$00000004  c_w.l(rtexit2.o)
    0x08000230   0x0000010c   Code   RO            3    .text               main.o
    0x0800033c   0x00000210   Code   RO          120    .text               system_stm32f4xx.o
    0x0800054c   0x0000001a   Code   RO          146    .text               stm32f4xx_it_1.o
    0x08000566   0x00000002   PAD
    0x08000568   0x0000028c   Code   RO          169    .text               meter.o
    0x080007f4   0x0000019c   Code   RO          205    .text               init.o
    0x08000990   0x00000040   Code   RO          233    .text               startup_stm32f4xx.o
    0x080009d0   0x000002b4   Code   RO          239    .text               tm_stm32f4_dma.o
    0x08000c84   0x00000300   Code   RO          292    .text               tm_stm32f4_gpio.o
    0x08000f84   0x00000e54   Code   RO          314    .text               tm_stm32f4_ili9341.o
    0x08001dd8   0x000007b0   Code   RO          340    .text               tm_stm32f4_spi.o
    0x08002588   0x0000033c   Code   RO          360    .text               tm_stm32f4_spi_dma.o
    0x080028c4   0x000000e0   Code   RO          386    .text               misc.o
    0x080029a4   0x000003a8   Code   RO          627    .text               stm32f4xx_dma.o
    0x08002d4c   0x00000294   Code   RO          716    .text               stm32f4xx_gpio.o
    0x08002fe0   0x00000634   Code   RO          891    .text               stm32f4xx_rcc.o
    0x08003614   0x0000044e   Code   RO         1005    .text               stm32f4xx_spi.o
    0x08003a62   0x00000002   PAD
    0x08003a64   0x00000454   Code   RO         1071    .text               stm32f4xx_usart.o
    0x08003eb8   0x00000028   Code   RO         1116    .text               c_w.l(noretval__2sprintf.o)
    0x08003ee0   0x00000068   Code   RO         1118    .text               c_w.l(__printf.o)
    0x08003f48   0x00000078   Code   RO         1120    .text               c_w.l(_printf_dec.o)
    0x08003fc0   0x0000000c   Code   RO         1144    .text               c_w.l(strtok.o)
    0x08003fcc   0x00000006   Code   RO         1149    .text               c_w.l(heapauxi.o)
    0x08003fd2   0x000000b2   Code   RO         1154    .text               c_w.l(_printf_intcommon.o)
    0x08004084   0x00000030   Code   RO         1156    .text               c_w.l(_printf_char_common.o)
    0x080040b4   0x0000000a   Code   RO         1158    .text               c_w.l(_sputc.o)
    0x080040be   0x00000002   PAD
    0x080040c0   0x00000044   Code   RO         1161    .text               c_w.l(strtok_int.o)
    0x08004104   0x00000020   Code   RO         1180    .text               c_w.l(strcspn.o)
    0x08004124   0x0000001c   Code   RO         1182    .text               c_w.l(strspn.o)
    0x08004140   0x0000004a   Code   RO         1184    .text               c_w.l(sys_stackheap_outer.o)
    0x0800418a   0x00000012   Code   RO         1186    .text               c_w.l(exit.o)
    0x0800419c   0x00000008   Code   RO         1194    .text               c_w.l(libspace.o)
    0x080041a4   0x0000000c   Code   RO         1255    .text               c_w.l(sys_exit.o)
    0x080041b0   0x00000002   Code   RO         1266    .text               c_w.l(use_no_semi.o)
    0x080041b2   0x00000000   Code   RO         1268    .text               c_w.l(indicate_semi.o)
    0x080041b2   0x0000000a   Code   RO         1253    x$fpl$fpinit        fz_wm.l(fpinit.o)
    0x080041bc   0x00000014   Data   RO          240    .constdata          tm_stm32f4_dma.o
    0x080041d0   0x000029b0   Data   RO          266    .constdata          tm_stm32f4_fonts.o
    0x08006b80   0x00000020   Data   RO         1321    Region$$Table       anon$$obj.o


    Execution Region RW_IRAM1 (Base: 0x20000000, Size: 0x00000800, Max: 0x00020000, ABSOLUTE)

    Base Addr    Size         Type   Attr      Idx    E Section Name        Object

    0x20000000   0x00000014   Data   RW            5    .data               main.o
    0x20000014   0x00000014   Data   RW          121    .data               system_stm32f4xx.o
    0x20000028   0x00000006   Data   RW          170    .data               meter.o
    0x2000002e   0x00000001   Data   RW          207    .data               init.o
    0x2000002f   0x00000001   PAD
    0x20000030   0x00000038   Data   RW          267    .data               tm_stm32f4_fonts.o
    0x20000068   0x0000000b   Data   RW          315    .data               tm_stm32f4_ili9341.o
    0x20000073   0x00000001   PAD
    0x20000074   0x00000090   Data   RW          362    .data               tm_stm32f4_spi_dma.o
    0x20000104   0x00000010   Data   RW          892    .data               stm32f4xx_rcc.o
    0x20000114   0x00000004   Data   RW         1145    .data               c_w.l(strtok.o)
    0x20000118   0x00000033   Zero   RW          206    .bss                init.o
    0x2000014b   0x00000001   PAD
    0x2000014c   0x00000016   Zero   RW          293    .bss                tm_stm32f4_gpio.o
    0x20000162   0x00000002   PAD
    0x20000164   0x0000003c   Zero   RW          361    .bss                tm_stm32f4_spi_dma.o
    0x200001a0   0x00000060   Zero   RW         1195    .bss                c_w.l(libspace.o)
    0x20000200   0x00000200   Zero   RW          231    HEAP                startup_stm32f4xx.o
    0x20000400   0x00000400   Zero   RW          230    STACK               startup_stm32f4xx.o


==============================================================================

Image component sizes


      Code (inc. data)   RO Data    RW Data    ZI Data      Debug   Object Name

       412         24          0          1         51       2021   init.o
       268         54          0         20          0     307683   main.o
       652        106          0          6          0       2690   meter.o
       224         20          0          0          0       1921   misc.o
        64         26        392          0       1536        836   startup_stm32f4xx.o
       936         32          0          0          0       6489   stm32f4xx_dma.o
       660         44          0          0          0       4261   stm32f4xx_gpio.o
        26          0          0          0          0       1306   stm32f4xx_it_1.o
      1588         52          0         16          0      13010   stm32f4xx_rcc.o
      1102         32          0          0          0       7025   stm32f4xx_spi.o
      1108         34          0          0          0       7980   stm32f4xx_usart.o
       528         46          0         20          0       1899   system_stm32f4xx.o
       692         22         20          0          0      32549   tm_stm32f4_dma.o
         0          0      10672         56          0       1877   tm_stm32f4_fonts.o
       768         10          0          0         22       5684   tm_stm32f4_gpio.o
      3668         74          0         11          0      14887   tm_stm32f4_ili9341.o
      1968         84          0          0          0       7103   tm_stm32f4_spi.o
       828         60          0        144         60       5002   tm_stm32f4_spi_dma.o

    ----------------------------------------------------------------------
     15496        720      11116        276       1672     424223   Object Totals
         0          0         32          0          0          0   (incl. Generated)
         4          0          0          2          3          0   (incl. Padding)

    ----------------------------------------------------------------------

      Code (inc. data)   RO Data    RW Data    ZI Data      Debug   Library Member Name

         8          0          0          0          0         68   __main.o
       104          0          0          0          0         84   __printf.o
         0          0          0          0          0          0   __rtentry.o
        12          0          0          0          0          0   __rtentry2.o
         6          0          0          0          0          0   __rtentry4.o
        52          8          0          0          0          0   __scatter.o
        26          0          0          0          0          0   __scatter_copy.o
        28          0          0          0          0          0   __scatter_zi.o
        48          6          0          0          0         96   _printf_char_common.o
         6          0          0          0          0          0   _printf_d.o
       120         16          0          0          0         92   _printf_dec.o
       178          0          0          0          0         88   _printf_intcommon.o
         0          0          0          0          0          0   _printf_percent.o
         4          0          0          0          0          0   _printf_percent_end.o
        10          0          0          0          0         68   _sputc.o
        18          0          0          0          0         80   exit.o
         6          0          0          0          0        152   heapauxi.o
         0          0          0          0          0          0   indicate_semi.o
         2          0          0          0          0          0   libinit.o
         6          0          0          0          0          0   libinit2.o
         2          0          0          0          0          0   libshutdown.o
         2          0          0          0          0          0   libshutdown2.o
         8          4          0          0         96         68   libspace.o
        40          6          0          0          0         84   noretval__2sprintf.o
         2          0          0          0          0          0   rtexit.o
        10          0          0          0          0          0   rtexit2.o
        32          0          0          0          0         80   strcspn.o
        28          0          0          0          0         80   strspn.o
        12          6          0          4          0         68   strtok.o
        68          4          0          0          0         84   strtok_int.o
        12          4          0          0          0         68   sys_exit.o
        74          0          0          0          0         80   sys_stackheap_outer.o
         2          0          0          0          0         68   use_no_semi.o
        10          0          0          0          0        116   fpinit.o

    ----------------------------------------------------------------------
       940         54          0          4         96       1524   Library Totals
         4          0          0          0          0          0   (incl. Padding)

    ----------------------------------------------------------------------

      Code (inc. data)   RO Data    RW Data    ZI Data      Debug   Library Name

       926         54          0          4         96       1408   c_w.l
        10          0          0          0          0        116   fz_wm.l

    ----------------------------------------------------------------------
       940         54          0          4         96       1524   Library Totals

    ----------------------------------------------------------------------

==============================================================================


      Code (inc. data)   RO Data    RW Data    ZI Data      Debug   

     16436        774      11116        280       1768     421971   Grand Totals
     16436        774      11116        280       1768     421971   ELF Image Totals
     16436        774      11116        280          0          0   ROM Totals

==============================================================================

    Total RO  Size (Code + RO Data)                27552 (  26.91kB)
    Total RW  Size (RW Data + ZI Data)              2048 (   2.00kB)
    Total ROM Size (Code + RO Data + RW Data)      27832 (  27.18kB)

==============================================================================

