Component: ARM Compiler 5.06 update 1 (build 61) Tool: armlink [4d35a8]

==============================================================================

Section Cross References

    main.o(i.main) refers to system_stm32f4xx.o(i.SystemInit) for SystemInit
    main.o(i.main) refers to init.o(i.init_Reed) for init_Reed
    main.o(i.main) refers to init.o(i.init_UART) for init_UART
    main.o(i.main) refers to init.o(i.USART_puts) for USART_puts
    main.o(i.main) refers to tm_stm32f4_ili9341.o(i.TM_ILI9341_Init) for TM_ILI9341_Init
    main.o(i.main) refers to tm_stm32f4_ili9341.o(i.TM_ILI9341_Rotate) for TM_ILI9341_Rotate
    main.o(i.main) refers to tm_stm32f4_ili9341.o(i.TM_ILI9341_Fill) for TM_ILI9341_Fill
    main.o(i.main) refers to meter.o(i.draw_Meter) for draw_Meter
    main.o(i.main) refers to tm_stm32f4_ili9341.o(i.TM_ILI9341_Puts) for TM_ILI9341_Puts
    main.o(i.main) refers to meter.o(i.Toggle_Left_Indicator) for Toggle_Left_Indicator
    main.o(i.main) refers to meter.o(i.Toggle_Right_Indicator) for Toggle_Right_Indicator
    main.o(i.main) refers to meter.o(i.Toggle_BT_Indicator) for Toggle_BT_Indicator
    main.o(i.main) refers to meter.o(i.Toggle_Headlight_Indicator) for Toggle_Headlight_Indicator
    main.o(i.main) refers to meter.o(i.Toggle_Fuel_Indicator) for Toggle_Fuel_Indicator
    main.o(i.main) refers to init.o(i.update_Reed) for update_Reed
    main.o(i.main) refers to meter.o(i.update_Speed) for update_Speed
    main.o(i.main) refers to meter.o(i.update_Distance) for update_Distance
    main.o(i.main) refers to meter.o(i.update_RPM) for update_RPM
    main.o(i.main) refers to strtok.o(.text) for strtok
    main.o(i.main) refers to tm_stm32f4_fonts.o(.data) for TM_Font_7x10
    main.o(i.main) refers to main.o(.data) for SpeedCounter
    main.o(i.main) refers to meter.o(.data) for flags_meter
    main.o(i.main) refers to init.o(.bss) for received_string
    system_stm32f4xx.o(i.SystemCoreClockUpdate) refers to system_stm32f4xx.o(.data) for SystemCoreClock
    system_stm32f4xx.o(i.SystemInit) refers to system_stm32f4xx.o(i.SetSysClock) for SetSysClock
    meter.o(i.Toggle_BT_Indicator) refers to tm_stm32f4_ili9341.o(i.TM_ILI9341_Draw_Bluetooth) for TM_ILI9341_Draw_Bluetooth
    meter.o(i.Toggle_BT_Indicator) refers to meter.o(.data) for bt_Indicator_flag
    meter.o(i.Toggle_BT_Indicator) refers to tm_stm32f4_fonts.o(.data) for TM_Font_7x10
    meter.o(i.Toggle_Fuel_Indicator) refers to tm_stm32f4_ili9341.o(i.TM_ILI9341_Draw_Fuel) for TM_ILI9341_Draw_Fuel
    meter.o(i.Toggle_Fuel_Indicator) refers to meter.o(.data) for fuel_Indicator_flag
    meter.o(i.Toggle_Headlight_Indicator) refers to tm_stm32f4_ili9341.o(i.TM_ILI9341_Draw_Headlight) for TM_ILI9341_Draw_Headlight
    meter.o(i.Toggle_Headlight_Indicator) refers to meter.o(.data) for headlight_Indicator_flag
    meter.o(i.Toggle_Left_Indicator) refers to tm_stm32f4_ili9341.o(i.TM_ILI9341_Draw_LeftArrow) for TM_ILI9341_Draw_LeftArrow
    meter.o(i.Toggle_Left_Indicator) refers to meter.o(.data) for left_Indicator_flag
    meter.o(i.Toggle_Right_Indicator) refers to tm_stm32f4_ili9341.o(i.TM_ILI9341_Draw_RightArrow) for TM_ILI9341_Draw_RightArrow
    meter.o(i.Toggle_Right_Indicator) refers to meter.o(.data) for right_Indicator_flag
    meter.o(i.draw_Meter) refers to tm_stm32f4_ili9341.o(i.TM_ILI9341_DrawCircle) for TM_ILI9341_DrawCircle
    meter.o(i.draw_Meter) refers to tm_stm32f4_ili9341.o(i.TM_ILI9341_DrawFilledCircle) for TM_ILI9341_DrawFilledCircle
    meter.o(i.draw_Meter) refers to tm_stm32f4_ili9341.o(i.TM_ILI9341_Puts) for TM_ILI9341_Puts
    meter.o(i.draw_Meter) refers to tm_stm32f4_fonts.o(.data) for TM_Font_11x18
    meter.o(i.update_Distance) refers to _printf_percent.o(.ARM.Collect$$_printf_percent$$00000000) for _printf_percent
    meter.o(i.update_Distance) refers to _printf_d.o(.ARM.Collect$$_printf_percent$$00000009) for _printf_d
    meter.o(i.update_Distance) refers to _printf_dec.o(.text) for _printf_int_dec
    meter.o(i.update_Distance) refers to noretval__2sprintf.o(.text) for __2sprintf
    meter.o(i.update_Distance) refers to tm_stm32f4_ili9341.o(i.TM_ILI9341_Puts) for TM_ILI9341_Puts
    meter.o(i.update_Distance) refers to tm_stm32f4_fonts.o(.data) for TM_Font_11x18
    meter.o(i.update_Meter) refers to meter.o(i.update_Speed) for update_Speed
    meter.o(i.update_Meter) refers to meter.o(i.update_Distance) for update_Distance
    meter.o(i.update_Meter) refers to meter.o(i.update_RPM) for update_RPM
    meter.o(i.update_RPM) refers to _printf_percent.o(.ARM.Collect$$_printf_percent$$00000000) for _printf_percent
    meter.o(i.update_RPM) refers to _printf_d.o(.ARM.Collect$$_printf_percent$$00000009) for _printf_d
    meter.o(i.update_RPM) refers to _printf_dec.o(.text) for _printf_int_dec
    meter.o(i.update_RPM) refers to noretval__2sprintf.o(.text) for __2sprintf
    meter.o(i.update_RPM) refers to tm_stm32f4_ili9341.o(i.TM_ILI9341_Puts) for TM_ILI9341_Puts
[...]
    ../clib/signal.s                         0x00000000   Number         0  defsig.o ABSOLUTE
    ../clib/stdlib.c                         0x00000000   Number         0  exit.o ABSOLUTE
    ../clib/string.c                         0x00000000   Number         0  strspn.o ABSOLUTE
    ../clib/string.c                         0x00000000   Number         0  strtok.o ABSOLUTE
    ../clib/string.c                         0x00000000   Number         0  strlen.o ABSOLUTE
    ../clib/string.c                         0x00000000   Number         0  strcspn.o ABSOLUTE
    ../clib/string.c                         0x00000000   Number         0  strtok_int.o ABSOLUTE
    ../fplib/fpinit.s                        0x00000000   Number         0  fpinit.o ABSOLUTE
    ..\Device\Source\system_stm32f4xx.c      0x00000000   Number         0  system_stm32f4xx.o ABSOLUTE
    ..\Device\StdPeriph_Driver\src\misc.c    0x00000000   Number         0  misc.o ABSOLUTE
    ..\Device\StdPeriph_Driver\src\stm32f4xx_adc.c 0x00000000   Number         0  stm32f4xx_adc.o ABSOLUTE
    ..\Device\StdPeriph_Driver\src\stm32f4xx_can.c 0x00000000   Number         0  stm32f4xx_can.o ABSOLUTE
    ..\Device\StdPeriph_Driver\src\stm32f4xx_crc.c 0x00000000   Number         0  stm32f4xx_crc.o ABSOLUTE
    ..\Device\StdPeriph_Driver\src\stm32f4xx_cryp.c 0x00000000   Number         0  stm32f4xx_cryp.o ABSOLUTE
    ..\Device\StdPeriph_Driver\src\stm32f4xx_cryp_aes.c 0x00000000   Number         0  stm32f4xx_cryp_aes.o ABSOLUTE
    ..\Device\StdPeriph_Driver\src\stm32f4xx_cryp_des.c 0x00000000   Number         0  stm32f4xx_cryp_des.o ABSOLUTE
    ..\Device\StdPeriph_Driver\src\stm32f4xx_cryp_tdes.c 0x00000000   Number         0  stm32f4xx_cryp_tdes.o ABSOLUTE
    ..\Device\StdPeriph_Driver\src\stm32f4xx_dac.c 0x00000000   Number         0  stm32f4xx_dac.o ABSOLUTE
    ..\Device\StdPeriph_Driver\src\stm32f4xx_dbgmcu.c 0x00000000   Number         0  stm32f4xx_dbgmcu.o ABSOLUTE
    ..\Device\StdPeriph_Driver\src\stm32f4xx_dcmi.c 0x00000000   Number         0  stm32f4xx_dcmi.o ABSOLUTE
    ..\Device\StdPeriph_Driver\src\stm32f4xx_dma.c 0x00000000   Number         0  stm32f4xx_dma.o ABSOLUTE
    ..\Device\StdPeriph_Driver\src\stm32f4xx_dma2d.c 0x00000000   Number         0  stm32f4xx_dma2d.o ABSOLUTE
    ..\Device\StdPeriph_Driver\src\stm32f4xx_exti.c 0x00000000   Number         0  stm32f4xx_exti.o ABSOLUTE
    ..\Device\StdPeriph_Driver\src\stm32f4xx_flash.c 0x00000000   Number         0  stm32f4xx_flash.o ABSOLUTE
    ..\Device\StdPeriph_Driver\src\stm32f4xx_gpio.c 0x00000000   Number         0  stm32f4xx_gpio.o ABSOLUTE
    ..\Device\StdPeriph_Driver\src\stm32f4xx_hash.c 0x00000000   Number         0  stm32f4xx_hash.o ABSOLUTE
    ..\Device\StdPeriph_Driver\src\stm32f4xx_hash_md5.c 0x00000000   Number         0  stm32f4xx_hash_md5.o ABSOLUTE
    ..\Device\StdPeriph_Driver\src\stm32f4xx_hash_sha1.c 0x00000000   Number         0  stm32f4xx_hash_sha1.o ABSOLUTE
    ..\Device\StdPeriph_Driver\src\stm32f4xx_i2c.c 0x00000000   Number         0  stm32f4xx_i2c.o ABSOLUTE
    ..\Device\StdPeriph_Driver\src\stm32f4xx_iwdg.c 0x00000000   Number         0  stm32f4xx_iwdg.o ABSOLUTE
    ..\Device\StdPeriph_Driver\src\stm32f4xx_ltdc.c 0x00000000   Number         0  stm32f4xx_ltdc.o ABSOLUTE
    ..\Device\StdPeriph_Driver\src\stm32f4xx_pwr.c 0x00000000   Number         0  stm32f4xx_pwr.o ABSOLUTE
    ..\Device\StdPeriph_Driver\src\stm32f4xx_rcc.c 0x00000000   Number         0  stm32f4xx_rcc.o ABSOLUTE
    ..\Device\StdPeriph_Driver\src\stm32f4xx_rng.c 0x00000000   Number         0  stm32f4xx_rng.o ABSOLUTE
    ..\Device\StdPeriph_Driver\src\stm32f4xx_rtc.c 0x00000000   Number         0  stm32f4xx_rtc.o ABSOLUTE
    ..\Device\StdPeriph_Driver\src\stm32f4xx_sai.c 0x00000000   Number         0  stm32f4xx_sai.o ABSOLUTE
    ..\Device\StdPeriph_Driver\src\stm32f4xx_sdio.c 0x00000000   Number         0  stm32f4xx_sdio.o ABSOLUTE
    ..\Device\StdPeriph_Driver\src\stm32f4xx_spi.c 0x00000000   Number         0  stm32f4xx_spi.o ABSOLUTE
    ..\Device\StdPeriph_Driver\src\stm32f4xx_syscfg.c 0x00000000   Number         0  stm32f4xx_syscfg.o ABSOLUTE
    ..\Device\StdPeriph_Driver\src\stm32f4xx_tim.c 0x00000000   Number         0  stm32f4xx_tim.o ABSOLUTE
    ..\Device\StdPeriph_Driver\src\stm32f4xx_usart.c 0x00000000   Number         0  stm32f4xx_usart.o ABSOLUTE
    ..\Device\StdPeriph_Driver\src\stm32f4xx_wwdg.c 0x00000000   Number         0  stm32f4xx_wwdg.o ABSOLUTE
    ..\Device\StdPeriph_Driver\templates\stm32f4xx_it.c 0x00000000   Number         0  stm32f4xx_it_1.o ABSOLUTE
    ..\Device\startup_stm32f4xx.s            0x00000000   Number         0  startup_stm32f4xx.o ABSOLUTE
    ..\Main\init.c                           0x00000000   Number         0  init.o ABSOLUTE
    ..\Main\main.c                           0x00000000   Number         0  main.o ABSOLUTE
    ..\Main\meter.c                          0x00000000   Number         0  meter.o ABSOLUTE
    ..\\Device\\Source\\system_stm32f4xx.c   0x00000000   Number         0  system_stm32f4xx.o ABSOLUTE
    ..\\Device\\StdPeriph_Driver\\src\\misc.c 0x00000000   Number         0  misc.o ABSOLUTE
    ..\\Device\\StdPeriph_Driver\\src\\stm32f4xx_adc.c 0x00000000   Number         0  stm32f4xx_adc.o ABSOLUTE
    ..\\Device\\StdPeriph_Driver\\src\\stm32f4xx_can.c 0x00000000   Number         0  stm32f4xx_can.o ABSOLUTE
    ..\\Device\\StdPeriph_Driver\\src\\stm32f4xx_crc.c 0x00000000   Number         0  stm32f4xx_crc.o ABSOLUTE
    ..\\Device\\StdPeriph_Driver\\src\\stm32f4xx_cryp.c 0x00000000   Number         0  stm32f4xx_cryp.o ABSOLUTE
    ..\\Device\\StdPeriph_Driver\\src\\stm32f4xx_cryp_aes.c 0x00000000   Number         0  stm32f4xx_cryp_aes.o ABSOLUTE
    ..\\Device\\StdPeriph_Driver\\src\\stm32f4xx_cryp_des.c 0x00000000   Number         0  stm32f4xx_cryp_des.o ABSOLUTE
    ..\\Device\\StdPeriph_Driver\\src\\stm32f4xx_cryp_tdes.c 0x00000000   Number         0  stm32f4xx_cryp_tdes.o ABSOLUTE
    ..\\Device\\StdPeriph_Driver\\src\\stm32f4xx_dac.c 0x00000000   Number         0  stm32f4xx_dac.o ABSOLUTE
    ..\\Device\\StdPeriph_Driver\\src\\stm32f4xx_dbgmcu.c 0x00000000   Number         0  stm32f4xx_dbgmcu.o ABSOLUTE
    ..\\Device\\StdPeriph_Driver\\src\\stm32f4xx_dcmi.c 0x00000000   Number         0  stm32f4xx_dcmi.o ABSOLUTE
    ..\\Device\\StdPeriph_Driver\\src\\stm32f4xx_dma.c 0x00000000   Number         0  stm32f4xx_dma.o ABSOLUTE
    ..\\Device\\StdPeriph_Driver\\src\\stm32f4xx_dma2d.c 0x00000000   Number         0  stm32f4xx_dma2d.o ABSOLUTE
    ..\\Device\\StdPeriph_Driver\\src\\stm32f4xx_exti.c 0x00000000   Number         0  stm32f4xx_exti.o ABSOLUTE
    ..\\Device\\StdPeriph_Driver\\src\\stm32f4xx_flash.c 0x00000000   Number         0  stm32f4xx_flash.o ABSOLUTE
    ..\\Device\\StdPeriph_Driver\\src\\stm32f4xx_gpio.c 0x00000000   Number         0  stm32f4xx_gpio.o ABSOLUTE
    ..\\Device\\StdPeriph_Driver\\src\\stm32f4xx_hash.c 0x00000000   Number         0  stm32f4xx_hash.o ABSOLUTE
    ..\\Device\\StdPeriph_Driver\\src\\stm32f4xx_hash_md5.c 0x00000000   Number         0  stm32f4xx_hash_md5.o ABSOLUTE
    ..\\Device\\StdPeriph_Driver\\src\\stm32f4xx_hash_sha1.c 0x00000000   Number         0  stm32f4xx_hash_sha1.o ABSOLUTE
    ..\\Device\\StdPeriph_Driver\\src\\stm32f4xx_i2c.c 0x00000000   Number         0  stm32f4xx_i2c.o ABSOLUTE
    ..\\Device\\StdPeriph_Driver\\src\\stm32f4xx_iwdg.c 0x00000000   Number         0  stm32f4xx_iwdg.o ABSOLUTE
    ..\\Device\\StdPeriph_Driver\\src\\stm32f4xx_ltdc.c 0x00000000   Number         0  stm32f4xx_ltdc.o ABSOLUTE
    ..\\Device\\StdPeriph_Driver\\src\\stm32f4xx_pwr.c 0x00000000   Number         0  stm32f4xx_pwr.o ABSOLUTE
    ..\\Device\\StdPeriph_Driver\\src\\stm32f4xx_rcc.c 0x00000000   Number         0  stm32f4xx_rcc.o ABSOLUTE
    ..\\Device\\StdPeriph_Driver\\src\\stm32f4xx_rng.c 0x00000000   Number         0  stm32f4xx_rng.o ABSOLUTE
    ..\\Device\\StdPeriph_Driver\\src\\stm32f4xx_rtc.c 0x00000000   Number         0  stm32f4xx_rtc.o ABSOLUTE
    ..\\Device\\StdPeriph_Driver\\src\\stm32f4xx_sai.c 0x00000000   Number         0  stm32f4xx_sai.o ABSOLUTE
    ..\\Device\\StdPeriph_Driver\\src\\stm32f4xx_sdio.c 0x00000000   Number         0  stm32f4xx_sdio.o ABSOLUTE
    ..\\Device\\StdPeriph_Driver\\src\\stm32f4xx_spi.c 0x00000000   Number         0  stm32f4xx_spi.o ABSOLUTE
    ..\\Device\\StdPeriph_Driver\\src\\stm32f4xx_syscfg.c 0x00000000   Number         0  stm32f4xx_syscfg.o ABSOLUTE
    ..\\Device\\StdPeriph_Driver\\src\\stm32f4xx_tim.c 0x00000000   Number         0  stm32f4xx_tim.o ABSOLUTE
    ..\\Device\\StdPeriph_Driver\\src\\stm32f4xx_usart.c 0x00000000   Number         0  stm32f4xx_usart.o ABSOLUTE
    ..\\Device\\StdPeriph_Driver\\src\\stm32f4xx_wwdg.c 0x00000000   Number         0  stm32f4xx_wwdg.o ABSOLUTE
    ..\\Device\\StdPeriph_Driver\\templates\\stm32f4xx_it.c 0x00000000   Number         0  stm32f4xx_it_1.o ABSOLUTE
    ..\\Main\\init.c                         0x00000000   Number         0  init.o ABSOLUTE
    ..\\Main\\main.c                         0x00000000   Number         0  main.o ABSOLUTE
    ..\\Main\\meter.c                        0x00000000   Number         0  meter.o ABSOLUTE
    ..\\tm_stm32f4_dma\\tm_stm32f4_dma.c     0x00000000   Number         0  tm_stm32f4_dma.o ABSOLUTE
    ..\\tm_stm32f4_fonts\\tm_stm32f4_fonts.c 0x00000000   Number         0  tm_stm32f4_fonts.o ABSOLUTE
    ..\\tm_stm32f4_gpio_2\\tm_stm32f4_gpio.c 0x00000000   Number         0  tm_stm32f4_gpio.o ABSOLUTE
    ..\\tm_stm32f4_ili9341\\tm_stm32f4_ili9341.c 0x00000000   Number         0  tm_stm32f4_ili9341.o ABSOLUTE
    ..\\tm_stm32f4_spi_2\\tm_stm32f4_spi.c   0x00000000   Number         0  tm_stm32f4_spi.o ABSOLUTE
    ..\\tm_stm32f4_spi_dma\\tm_stm32f4_spi_dma.c 0x00000000   Number         0  tm_stm32f4_spi_dma.o ABSOLUTE
    ..\tm_stm32f4_dma\tm_stm32f4_dma.c       0x00000000   Number         0  tm_stm32f4_dma.o ABSOLUTE
    ..\tm_stm32f4_fonts\tm_stm32f4_fonts.c   0x00000000   Number         0  tm_stm32f4_fonts.o ABSOLUTE
    ..\tm_stm32f4_gpio_2\tm_stm32f4_gpio.c   0x00000000   Number         0  tm_stm32f4_gpio.o ABSOLUTE
    ..\tm_stm32f4_ili9341\tm_stm32f4_ili9341.c 0x00000000   Number         0  tm_stm32f4_ili9341.o ABSOLUTE
    ..\tm_stm32f4_spi_2\tm_stm32f4_spi.c     0x00000000   Number         0  tm_stm32f4_spi.o ABSOLUTE
    ..\tm_stm32f4_spi_dma\tm_stm32f4_spi_dma.c 0x00000000   Number         0  tm_stm32f4_spi_dma.o ABSOLUTE
    dc.s                                     0x00000000   Number         0  dc.o ABSOLUTE
    RESET                                    0x08000000   Section      392  startup_stm32f4xx.o(RESET)
    !!!main                                  0x08000188   Section        8  __main.o(!!!main)
    !!!scatter                               0x08000190   Section       52  __scatter.o(!!!scatter)
    !!handler_copy                           0x080001c4   Section       26  __scatter_copy.o(!!handler_copy)
    !!handler_zi                             0x080001e0   Section       28  __scatter_zi.o(!!handler_zi)
    .ARM.Collect$$_printf_percent$$00000000  0x080001fc   Section        0  _printf_percent.o(.ARM.Collect$$_printf_percent$$00000000)
    .ARM.Collect$$_printf_percent$$00000009  0x080001fc   Section        6  _printf_d.o(.ARM.Collect$$_printf_percent$$00000009)
    .ARM.Collect$$_printf_percent$$00000017  0x08000202   Section        4  _printf_percent_end.o(.ARM.Collect$$_printf_percent$$00000017)
    .ARM.Collect$$libinit$$00000000          0x08000206   Section        2  libinit.o(.ARM.Collect$$libinit$$00000000)
    .ARM.Collect$$libinit$$00000001          0x08000208   Section        4  libinit2.o(.ARM.Collect$$libinit$$00000001)
    .ARM.Collect$$libinit$$00000004          0x0800020c   Section        0  libinit2.o(.ARM.Collect$$libinit$$00000004)
    .ARM.Collect$$libinit$$0000000A          0x0800020c   Section        0  libinit2.o(.ARM.Collect$$libinit$$0000000A)
    .ARM.Collect$$libinit$$0000000C          0x0800020c   Section        0  libinit2.o(.ARM.Collect$$libinit$$0000000C)
    .ARM.Collect$$libinit$$0000000E          0x0800020c   Section        0  libinit2.o(.ARM.Collect$$libinit$$0000000E)
    .ARM.Collect$$libinit$$00000011          0x0800020c   Section        0  libinit2.o(.ARM.Collect$$libinit$$00000011)
    .ARM.Collect$$libinit$$00000013          0x0800020c   Section        0  libinit2.o(.ARM.Collect$$libinit$$00000013)
    .ARM.Collect$$libinit$$00000015          0x0800020c   Section        0  libinit2.o(.ARM.Collect$$libinit$$00000015)
    .ARM.Collect$$libinit$$00000017          0x0800020c   Section        0  libinit2.o(.ARM.Collect$$libinit$$00000017)
    .ARM.Collect$$libinit$$00000019          0x0800020c   Section        0  libinit2.o(.ARM.Collect$$libinit$$00000019)
    .ARM.Collect$$libinit$$0000001B          0x0800020c   Section        0  libinit2.o(.ARM.Collect$$libinit$$0000001B)
    .ARM.Collect$$libinit$$0000001D          0x0800020c   Section        0  libinit2.o(.ARM.Collect$$libinit$$0000001D)
    .ARM.Collect$$libinit$$0000001F          0x0800020c   Section        0  libinit2.o(.ARM.Collect$$libinit$$0000001F)
    .ARM.Collect$$libinit$$00000021          0x0800020c   Section        0  libinit2.o(.ARM.Collect$$libinit$$00000021)
    .ARM.Collect$$libinit$$00000023          0x0800020c   Section        0  libinit2.o(.ARM.Collect$$libinit$$00000023)
    .ARM.Collect$$libinit$$00000025          0x0800020c   Section        0  libinit2.o(.ARM.Collect$$libinit$$00000025)
    .ARM.Collect$$libinit$$0000002C          0x0800020c   Section        0  libinit2.o(.ARM.Collect$$libinit$$0000002C)
    .ARM.Collect$$libinit$$0000002E          0x0800020c   Section        0  libinit2.o(.ARM.Collect$$libinit$$0000002E)
    .ARM.Collect$$libinit$$00000030          0x0800020c   Section        0  libinit2.o(.ARM.Collect$$libinit$$00000030)
    .ARM.Collect$$libinit$$00000032          0x0800020c   Section        0  libinit2.o(.ARM.Collect$$libinit$$00000032)
    .ARM.Collect$$libinit$$00000033          0x0800020c   Section        2  libinit2.o(.ARM.Collect$$libinit$$00000033)
    .ARM.Collect$$libshutdown$$00000000      0x0800020e   Section        2  libshutdown.o(.ARM.Collect$$libshutdown$$00000000)
    .ARM.Collect$$libshutdown$$00000002      0x08000210   Section        0  libshutdown2.o(.ARM.Collect$$libshutdown$$00000002)
    .ARM.Collect$$libshutdown$$00000004      0x08000210   Section        0  libshutdown2.o(.ARM.Collect$$libshutdown$$00000004)
    .ARM.Collect$$libshutdown$$00000007      0x08000210   Section        0  libshutdown2.o(.ARM.Collect$$libshutdown$$00000007)
    .ARM.Collect$$libshutdown$$0000000A      0x08000210   Section        0  libshutdown2.o(.ARM.Collect$$libshutdown$$0000000A)
    .ARM.Collect$$libshutdown$$0000000C      0x08000210   Section        0  libshutdown2.o(.ARM.Collect$$libshutdown$$0000000C)
    .ARM.Collect$$libshutdown$$0000000F      0x08000210   Section        0  libshutdown2.o(.ARM.Collect$$libshutdown$$0000000F)
    .ARM.Collect$$libshutdown$$00000010      0x08000210   Section        2  libshutdown2.o(.ARM.Collect$$libshutdown$$00000010)
    .ARM.Collect$$rtentry$$00000000          0x08000212   Section        0  __rtentry.o(.ARM.Collect$$rtentry$$00000000)
    .ARM.Collect$$rtentry$$00000002          0x08000212   Section        0  __rtentry2.o(.ARM.Collect$$rtentry$$00000002)
    .ARM.Collect$$rtentry$$00000004          0x08000212   Section        6  __rtentry4.o(.ARM.Collect$$rtentry$$00000004)
    .ARM.Collect$$rtentry$$00000009          0x08000218   Section        0  __rtentry2.o(.ARM.Collect$$rtentry$$00000009)
    .ARM.Collect$$rtentry$$0000000A          0x08000218   Section        4  __rtentry2.o(.ARM.Collect$$rtentry$$0000000A)
    .ARM.Collect$$rtentry$$0000000C          0x0800021c   Section        0  __rtentry2.o(.ARM.Collect$$rtentry$$0000000C)
    .ARM.Collect$$rtentry$$0000000D          0x0800021c   Section        8  __rtentry2.o(.ARM.Collect$$rtentry$$0000000D)
    .ARM.Collect$$rtexit$$00000000           0x08000224   Section        2  rtexit.o(.ARM.Collect$$rtexit$$00000000)
    .ARM.Collect$$rtexit$$00000002           0x08000226   Section        0  rtexit2.o(.ARM.Collect$$rtexit$$00000002)
    .ARM.Collect$$rtexit$$00000003           0x08000226   Section        4  rtexit2.o(.ARM.Collect$$rtexit$$00000003)
    .ARM.Collect$$rtexit$$00000004           0x0800022a   Section        6  rtexit2.o(.ARM.Collect$$rtexit$$00000004)
    .text                                    0x08000230   Section       64  startup_stm32f4xx.o(.text)
    $v0                                      0x08000230   Number         0  startup_stm32f4xx.o(.text)
    .text                                    0x08000270   Section        0  noretval__2sprintf.o(.text)
    .text                                    0x08000298   Section        0  __printf.o(.text)
    .text                                    0x08000300   Section        0  _printf_dec.o(.text)
    .text                                    0x08000378   Section        0  strtok.o(.text)
    .text                                    0x08000384   Section        0  heapauxi.o(.text)
    .text                                    0x0800038a   Section        0  _printf_intcommon.o(.text)
    .text                                    0x0800043c   Section        0  _printf_char_common.o(.text)
    _printf_input_char                       0x0800043d   Thumb Code    10  _printf_char_common.o(.text)
    .text                                    0x0800046c   Section        0  _sputc.o(.text)
    .text                                    0x08000478   Section        0  strtok_int.o(.text)
    .text                                    0x080004bc   Section        0  strcspn.o(.text)
    .text                                    0x080004dc   Section        0  strspn.o(.text)
    .text                                    0x080004f8   Section       74  sys_stackheap_outer.o(.text)
    .text                                    0x08000542   Section        0  exit.o(.text)
    .text                                    0x08000554   Section        8  libspace.o(.text)
    .text                                    0x0800055c   Section        0  sys_exit.o(.text)
    .text                                    0x08000568   Section        2  use_no_semi.o(.text)
    .text                                    0x0800056a   Section        0  indicate_semi.o(.text)
    i.BusFault_Handler                       0x0800056a   Section        0  stm32f4xx_it_1.o(i.BusFault_Handler)
    i.DMA1_Stream0_IRQHandler                0x08000570   Section        0  tm_stm32f4_dma.o(i.DMA1_Stream0_IRQHandler)
    i.DMA1_Stream1_IRQHandler                0x08000580   Section        0  tm_stm32f4_dma.o(i.DMA1_Stream1_IRQHandler)
    i.DMA1_Stream2_IRQHandler                0x08000590   Section        0  tm_stm32f4_dma.o(i.DMA1_Stream2_IRQHandler)
    i.DMA1_Stream3_IRQHandler                0x080005a0   Section        0  tm_stm32f4_dma.o(i.DMA1_Stream3_IRQHandler)
    i.DMA1_Stream4_IRQHandler                0x080005b0   Section        0  tm_stm32f4_dma.o(i.DMA1_Stream4_IRQHandler)
    i.DMA1_Stream5_IRQHandler                0x080005c0   Section        0  tm_stm32f4_dma.o(i.DMA1_Stream5_IRQHandler)
    i.DMA1_Stream6_IRQHandler                0x080005d0   Section        0  tm_stm32f4_dma.o(i.DMA1_Stream6_IRQHandler)
    i.DMA1_Stream7_IRQHandler                0x080005e0   Section        0  tm_stm32f4_dma.o(i.DMA1_Stream7_IRQHandler)
    i.DMA2_Stream0_IRQHandler                0x080005f0   Section        0  tm_stm32f4_dma.o(i.DMA2_Stream0_IRQHandler)
    i.DMA2_Stream1_IRQHandler                0x08000600   Section        0  tm_stm32f4_dma.o(i.DMA2_Stream1_IRQHandler)
    i.DMA2_Stream2_IRQHandler                0x08000610   Section        0  tm_stm32f4_dma.o(i.DMA2_Stream2_IRQHandler)
    i.DMA2_Stream3_IRQHandler                0x08000620   Section        0  tm_stm32f4_dma.o(i.DMA2_Stream3_IRQHandler)
    i.DMA2_Stream4_IRQHandler                0x08000630   Section        0  tm_stm32f4_dma.o(i.DMA2_Stream4_IRQHandler)
    i.DMA2_Stream5_IRQHandler                0x08000640   Section        0  tm_stm32f4_dma.o(i.DMA2_Stream5_IRQHandler)
    i.DMA2_Stream6_IRQHandler                0x08000650   Section        0  tm_stm32f4_dma.o(i.DMA2_Stream6_IRQHandler)
    i.DMA2_Stream7_IRQHandler                0x08000660   Section        0  tm_stm32f4_dma.o(i.DMA2_Stream7_IRQHandler)
    i.DMA_Init                               0x08000670   Section        0  stm32f4xx_dma.o(i.DMA_Init)
    i.DebugMon_Handler                       0x080006c8   Section        0  stm32f4xx_it_1.o(i.DebugMon_Handler)
    i.GPIO_Init                              0x080006ca   Section        0  stm32f4xx_gpio.o(i.GPIO_Init)
    i.GPIO_PinAFConfig                       0x0800075a   Section        0  stm32f4xx_gpio.o(i.GPIO_PinAFConfig)
    i.GPIO_ReadInputData                     0x080007a0   Section        0  stm32f4xx_gpio.o(i.GPIO_ReadInputData)
    i.GPIO_ResetBits                         0x080007a8   Section        0  stm32f4xx_gpio.o(i.GPIO_ResetBits)
    i.GPIO_SetBits                           0x080007ac   Section        0  stm32f4xx_gpio.o(i.GPIO_SetBits)
    i.HardFault_Handler                      0x080007b0   Section        0  stm32f4xx_it_1.o(i.HardFault_Handler)
    i.MemManage_Handler                      0x080007b4   Section        0  stm32f4xx_it_1.o(i.MemManage_Handler)
    i.NMI_Handler                            0x080007b8   Section        0  stm32f4xx_it_1.o(i.NMI_Handler)
    i.NVIC_Init                              0x080007bc   Section        0  misc.o(i.NVIC_Init)
    i.PendSV_Handler                         0x08000834   Section        0  stm32f4xx_it_1.o(i.PendSV_Handler)
    i.RCC_AHB1PeriphClockCmd                 0x08000838   Section        0  stm32f4xx_rcc.o(i.RCC_AHB1PeriphClockCmd)
    i.RCC_APB2PeriphClockCmd                 0x08000858   Section        0  stm32f4xx_rcc.o(i.RCC_APB2PeriphClockCmd)
    i.RCC_GetClocksFreq                      0x08000878   Section        0  stm32f4xx_rcc.o(i.RCC_GetClocksFreq)
    i.SPI_Init                               0x08000960   Section        0  stm32f4xx_spi.o(i.SPI_Init)
    i.SPI_StructInit                         0x0800099c   Section        0  stm32f4xx_spi.o(i.SPI_StructInit)
    i.SVC_Handler                            0x080009b4   Section        0  stm32f4xx_it_1.o(i.SVC_Handler)
    i.SetSysClock                            0x080009b8   Section        0  system_stm32f4xx.o(i.SetSysClock)
    SetSysClock                              0x080009b9   Thumb Code   220  system_stm32f4xx.o(i.SetSysClock)
    i.SysTick_Handler                        0x08000aa4   Section        0  stm32f4xx_it_1.o(i.SysTick_Handler)
    i.SystemInit                             0x08000aa8   Section        0  system_stm32f4xx.o(i.SystemInit)
    i.TM_DMA_ClearFlag                       0x08000b10   Section        0  tm_stm32f4_dma.o(i.TM_DMA_ClearFlag)
    i.TM_DMA_DirectModeErrorHandler          0x08000b5c   Section        0  tm_stm32f4_dma.o(i.TM_DMA_DirectModeErrorHandler)
    i.TM_DMA_FIFOErrorHandler                0x08000b5e   Section        0  tm_stm32f4_dma.o(i.TM_DMA_FIFOErrorHandler)
    i.TM_DMA_GetFlags                        0x08000b60   Section        0  tm_stm32f4_dma.o(i.TM_DMA_GetFlags)
    i.TM_DMA_HalfTransferCompleteHandler     0x08000bb4   Section        0  tm_stm32f4_dma.o(i.TM_DMA_HalfTransferCompleteHandler)
    i.TM_DMA_INT_ProcessInterrupt            0x08000bb6   Section        0  tm_stm32f4_dma.o(i.TM_DMA_INT_ProcessInterrupt)
    TM_DMA_INT_ProcessInterrupt              0x08000bb7   Thumb Code   124  tm_stm32f4_dma.o(i.TM_DMA_INT_ProcessInterrupt)
    i.TM_DMA_TransferCompleteHandler         0x08000c32   Section        0  tm_stm32f4_dma.o(i.TM_DMA_TransferCompleteHandler)
    i.TM_DMA_TransferErrorHandler            0x08000c34   Section        0  tm_stm32f4_dma.o(i.TM_DMA_TransferErrorHandler)
    i.TM_GPIO_GetPortSource                  0x08000c36   Section        0  tm_stm32f4_gpio.o(i.TM_GPIO_GetPortSource)
    i.TM_GPIO_INT_EnableClock                0x08000c44   Section        0  tm_stm32f4_gpio.o(i.TM_GPIO_INT_EnableClock)
    i.TM_GPIO_INT_Init                       0x08000c64   Section        0  tm_stm32f4_gpio.o(i.TM_GPIO_INT_Init)
    i.TM_GPIO_Init                           0x08000d14   Section        0  tm_stm32f4_gpio.o(i.TM_GPIO_Init)
    i.TM_GPIO_InitAlternate                  0x08000d44   Section        0  tm_stm32f4_gpio.o(i.TM_GPIO_InitAlternate)
    i.TM_ILI9341_Delay                       0x08000db2   Section        0  tm_stm32f4_ili9341.o(i.TM_ILI9341_Delay)
    i.TM_ILI9341_DrawCircle                  0x08000dc4   Section        0  tm_stm32f4_ili9341.o(i.TM_ILI9341_DrawCircle)
    i.TM_ILI9341_DrawFilledCircle            0x08000ec8   Section        0  tm_stm32f4_ili9341.o(i.TM_ILI9341_DrawFilledCircle)
    i.TM_ILI9341_DrawLine                    0x08001018   Section        0  tm_stm32f4_ili9341.o(i.TM_ILI9341_DrawLine)
    i.TM_ILI9341_DrawPixel                   0x08001128   Section        0  tm_stm32f4_ili9341.o(i.TM_ILI9341_DrawPixel)
    i.TM_ILI9341_Draw_Bluetooth              0x08001154   Section        0  tm_stm32f4_ili9341.o(i.TM_ILI9341_Draw_Bluetooth)
    i.TM_ILI9341_Draw_Fuel                   0x08001220   Section        0  tm_stm32f4_ili9341.o(i.TM_ILI9341_Draw_Fuel)
    i.TM_ILI9341_Draw_Headlight              0x080012f0   Section        0  tm_stm32f4_ili9341.o(i.TM_ILI9341_Draw_Headlight)
    i.TM_ILI9341_Draw_LeftArrow              0x080013b8   Section        0  tm_stm32f4_ili9341.o(i.TM_ILI9341_Draw_LeftArrow)
    i.TM_ILI9341_Draw_RightArrow             0x08001480   Section        0  tm_stm32f4_ili9341.o(i.TM_ILI9341_Draw_RightArrow)
    i.TM_ILI9341_Fill                        0x08001548   Section        0  tm_stm32f4_ili9341.o(i.TM_ILI9341_Fill)
    i.TM_ILI9341_INT_Fill                    0x08001568   Section        0  tm_stm32f4_ili9341.o(i.TM_ILI9341_INT_Fill)
    i.TM_ILI9341_Init                        0x08001614   Section        0  tm_stm32f4_ili9341.o(i.TM_ILI9341_Init)
    i.TM_ILI9341_InitLCD                     0x080016a8   Section        0  tm_stm32f4_ili9341.o(i.TM_ILI9341_InitLCD)
    i.TM_ILI9341_Putc                        0x0800191c   Section        0  tm_stm32f4_ili9341.o(i.TM_ILI9341_Putc)
    i.TM_ILI9341_Puts                        0x080019e4   Section        0  tm_stm32f4_ili9341.o(i.TM_ILI9341_Puts)
    i.TM_ILI9341_Rotate                      0x08001a64   Section        0  tm_stm32f4_ili9341.o(i.TM_ILI9341_Rotate)
    i.TM_ILI9341_SendCommand                 0x08001ac8   Section        0  tm_stm32f4_ili9341.o(i.TM_ILI9341_SendCommand)
    i.TM_ILI9341_SendData                    0x08001afc   Section        0  tm_stm32f4_ili9341.o(i.TM_ILI9341_SendData)
    i.TM_ILI9341_SetCursorPosition           0x08001b30   Section        0  tm_stm32f4_ili9341.o(i.TM_ILI9341_SetCursorPosition)
    i.TM_SPI1_INT_InitPins                   0x08001b7c   Section        0  tm_stm32f4_spi.o(i.TM_SPI1_INT_InitPins)
    i.TM_SPI2_INT_InitPins                   0x08001bc8   Section        0  tm_stm32f4_spi.o(i.TM_SPI2_INT_InitPins)
    i.TM_SPI3_INT_InitPins                   0x08001c48   Section        0  tm_stm32f4_spi.o(i.TM_SPI3_INT_InitPins)
    i.TM_SPI4_INT_InitPins                   0x08001c98   Section        0  tm_stm32f4_spi.o(i.TM_SPI4_INT_InitPins)
    i.TM_SPI5_INT_InitPins                   0x08001ce4   Section        0  tm_stm32f4_spi.o(i.TM_SPI5_INT_InitPins)
    i.TM_SPI6_INT_InitPins                   0x08001d48   Section        0  tm_stm32f4_spi.o(i.TM_SPI6_INT_InitPins)
    i.TM_SPI_DMA_INT_GetSettings             0x08001d7c   Section        0  tm_stm32f4_spi_dma.o(i.TM_SPI_DMA_INT_GetSettings)
    TM_SPI_DMA_INT_GetSettings               0x08001d7d   Thumb Code    52  tm_stm32f4_spi_dma.o(i.TM_SPI_DMA_INT_GetSettings)
    i.TM_SPI_DMA_Init                        0x08001de0   Section        0  tm_stm32f4_spi_dma.o(i.TM_SPI_DMA_Init)
    i.TM_SPI_DMA_SendHalfWord                0x08001e54   Section        0  tm_stm32f4_spi_dma.o(i.TM_SPI_DMA_SendHalfWord)
    i.TM_SPI_DMA_Working                     0x08001ec8   Section        0  tm_stm32f4_spi_dma.o(i.TM_SPI_DMA_Working)
    i.TM_SPI_Init                            0x08001ef8   Section        0  tm_stm32f4_spi.o(i.TM_SPI_Init)
    i.TM_SPI_InitCustomPinsCallback          0x08001fc0   Section        0  tm_stm32f4_spi.o(i.TM_SPI_InitCustomPinsCallback)
    i.TM_SPI_Send                            0x08001fc2   Section        0  tm_stm32f4_ili9341.o(i.TM_SPI_Send)
    TM_SPI_Send                              0x08001fc3   Thumb Code    66  tm_stm32f4_ili9341.o(i.TM_SPI_Send)
    i.TM_SPI_SetDataSize                     0x08002004   Section        0  tm_stm32f4_spi.o(i.TM_SPI_SetDataSize)
    i.TM_SPIx_Init                           0x08002034   Section        0  tm_stm32f4_spi.o(i.TM_SPIx_Init)
    TM_SPIx_Init                             0x08002035   Thumb Code   334  tm_stm32f4_spi.o(i.TM_SPIx_Init)
    i.Toggle_BT_Indicator                    0x080021a0   Section        0  meter.o(i.Toggle_BT_Indicator)
    i.Toggle_Fuel_Indicator                  0x080021e4   Section        0  meter.o(i.Toggle_Fuel_Indicator)
    i.Toggle_Headlight_Indicator             0x08002230   Section        0  meter.o(i.Toggle_Headlight_Indicator)
    i.Toggle_Left_Indicator                  0x0800226c   Section        0  meter.o(i.Toggle_Left_Indicator)
    i.Toggle_Right_Indicator                 0x080022a8   Section        0  meter.o(i.Toggle_Right_Indicator)
    i.USART1_IRQHandler                      0x080022e4   Section        0  init.o(i.USART1_IRQHandler)
    i.USART_Cmd                              0x08002348   Section        0  stm32f4xx_usart.o(i.USART_Cmd)
    i.USART_GetITStatus                      0x08002360   Section        0  stm32f4xx_usart.o(i.USART_GetITStatus)
    i.USART_ITConfig                         0x080023b4   Section        0  stm32f4xx_usart.o(i.USART_ITConfig)
    i.USART_Init                             0x08002400   Section        0  stm32f4xx_usart.o(i.USART_Init)
    i.USART_SendData                         0x080024d4   Section        0  stm32f4xx_usart.o(i.USART_SendData)
    i.USART_puts                             0x080024dc   Section        0  init.o(i.USART_puts)
    i.UsageFault_Handler                     0x08002504   Section        0  stm32f4xx_it_1.o(i.UsageFault_Handler)
    i.draw_Meter                             0x08002508   Section        0  meter.o(i.draw_Meter)
    i.init_Reed                              0x08002594   Section        0  init.o(i.init_Reed)
    i.init_UART                              0x080025cc   Section        0  init.o(i.init_UART)
    i.main                                   0x08002678   Section        0  main.o(i.main)
    i.update_Distance                        0x08002788   Section        0  meter.o(i.update_Distance)
    i.update_RPM                             0x080027c4   Section        0  meter.o(i.update_RPM)
    i.update_Reed                            0x08002804   Section        0  init.o(i.update_Reed)
    i.update_Speed                           0x08002828   Section        0  meter.o(i.update_Speed)
    x$fpl$fpinit                             0x08002864   Section       10  fpinit.o(x$fpl$fpinit)
    $v0                                      0x08002864   Number         0  fpinit.o(x$fpl$fpinit)
    .constdata                               0x0800286e   Section       20  tm_stm32f4_dma.o(.constdata)
    DMA_Flags_Bit_Pos                        0x0800286e   Data           4  tm_stm32f4_dma.o(.constdata)
    DMA_IRQs                                 0x08002872   Data          16  tm_stm32f4_dma.o(.constdata)
    .constdata                               0x08002882   Section    10672  tm_stm32f4_fonts.o(.constdata)
    .data                                    0x20000000   Section       20  main.o(.data)
    .data                                    0x20000014   Section        6  meter.o(.data)
    left_Indicator_flag                      0x20000015   Data           1  meter.o(.data)
    right_Indicator_flag                     0x20000016   Data           1  meter.o(.data)
    bt_Indicator_flag                        0x20000017   Data           1  meter.o(.data)
    headlight_Indicator_flag                 0x20000018   Data           1  meter.o(.data)
    fuel_Indicator_flag                      0x20000019   Data           1  meter.o(.data)
    .data                                    0x2000001a   Section        1  init.o(.data)
    cnt                                      0x2000001a   Data           1  init.o(.data)
    .data                                    0x2000001c   Section       56  tm_stm32f4_fonts.o(.data)
    .data                                    0x20000054   Section       11  tm_stm32f4_ili9341.o(.data)
    .data                                    0x20000060   Section      144  tm_stm32f4_spi_dma.o(.data)
    SPI1_DMA_INT                             0x20000060   Data          24  tm_stm32f4_spi_dma.o(.data)
    SPI2_DMA_INT                             0x20000078   Data          24  tm_stm32f4_spi_dma.o(.data)
    SPI3_DMA_INT                             0x20000090   Data          24  tm_stm32f4_spi_dma.o(.data)
    SPI4_DMA_INT                             0x200000a8   Data          24  tm_stm32f4_spi_dma.o(.data)
    SPI5_DMA_INT                             0x200000c0   Data          24  tm_stm32f4_spi_dma.o(.data)
    SPI6_DMA_INT                             0x200000d8   Data          24  tm_stm32f4_spi_dma.o(.data)
    .data                                    0x200000f0   Section       16  stm32f4xx_rcc.o(.data)
    APBAHBPrescTable                         0x200000f0   Data          16  stm32f4xx_rcc.o(.data)
    .data                                    0x20000100   Section        4  strtok.o(.data)
    _strtok_saves1                           0x20000100   Data           4  strtok.o(.data)
    .bss                                     0x20000104   Section       51  init.o(.bss)
    .bss                                     0x20000138   Section       22  tm_stm32f4_gpio.o(.bss)
    GPIO_UsedPins                            0x20000138   Data          22  tm_stm32f4_gpio.o(.bss)
    .bss                                     0x20000150   Section       60  tm_stm32f4_spi_dma.o(.bss)
    DMA_InitStruct                           0x20000150   Data          60  tm_stm32f4_spi_dma.o(.bss)
    .bss                                     0x2000018c   Section       96  libspace.o(.bss)
    HEAP                                     0x200001f0   Section      512  startup_stm32f4xx.o(HEAP)
    Heap_Mem                                 0x200001f0   Data         512  startup_stm32f4xx.o(HEAP)
    STACK                                    0x200003f0   Section     1024  startup_stm32f4xx.o(STACK)
    Stack_Mem                                0x200003f0   Data        1024  startup_stm32f4xx.o(STACK)
    __initial_sp                             0x200007f0   Data           0  startup_stm32f4xx.o(STACK)

    Global Symbols

    Symbol Name                              Value     Ov Type        Size  Object(Section)

    BuildAttributes$$THM_ISAv4$E$P$D$K$B$S$7EM$VFPi3$EXTD16$VFPS$VFMA$PE$A:L22UL41UL21$X:L11$S22US41US21$IEEE1$IW$USESV6$~STKCKD$USESV7$~SHL$OSPACE$ROPI$EBA8$UX$STANDARDLIB$REQ8$PRES8$EABIv2 0x00000000   Number         0  anon$$obj.o ABSOLUTE
    __ARM_use_no_argv                        0x00000000   Number         0  main.o ABSOLUTE
    __ARM_exceptions_init                     - Undefined Weak Reference
    __alloca_initialize                       - Undefined Weak Reference
    __arm_preinit_                            - Undefined Weak Reference
    __cpp_initialize__aeabi_                  - Undefined Weak Reference
    __cxa_finalize                            - Undefined Weak Reference
    __rt_locale                               - Undefined Weak Reference
    __sigvec_lookup                           - Undefined Weak Reference
    _atexit_init                              - Undefined Weak Reference
    _call_atexit_fns                          - Undefined Weak Reference
    _clock_init                               - Undefined Weak Reference
    _fp_trap_init                             - Undefined Weak Reference
    _fp_trap_shutdown                         - Undefined Weak Reference
    _get_lc_collate                           - Undefined Weak Reference
    _get_lc_ctype                             - Undefined Weak Reference
    _get_lc_monetary                          - Undefined Weak Reference
    _get_lc_numeric                           - Undefined Weak Reference
    _get_lc_time                              - Undefined Weak Reference
    _getenv_init                              - Undefined Weak Reference
    _handle_redirection                       - Undefined Weak Reference
    _init_alloc                               - Undefined Weak Reference
    _init_user_alloc                          - Undefined Weak Reference
    _initio                                   - Undefined Weak Reference
    _printf_post_padding                      - Undefined Weak Reference
    _printf_pre_padding                       - Undefined Weak Reference
    _printf_truncate_signed                   - Undefined Weak Reference
    _printf_truncate_unsigned                 - Undefined Weak Reference
    _rand_init                                - Undefined Weak Reference
    _signal_finish                            - Undefined Weak Reference
    _signal_init                              - Undefined Weak Reference
    _terminate_alloc                          - Undefined Weak Reference
    _terminate_user_alloc                     - Undefined Weak Reference
    _terminateio                              - Undefined Weak Reference
    __Vectors_Size                           0x00000188   Number         0  startup_stm32f4xx.o ABSOLUTE
    __Vectors                                0x08000000   Data           4  startup_stm32f4xx.o(RESET)
    __Vectors_End                            0x08000188   Data           0  startup_stm32f4xx.o(RESET)
    __main                                   0x08000189   Thumb Code     8  __main.o(!!!main)
    __scatterload                            0x08000191   Thumb Code     0  __scatter.o(!!!scatter)
    __scatterload_rt2                        0x08000191   Thumb Code    44  __scatter.o(!!!scatter)
    __scatterload_rt2_thumb_only             0x08000191   Thumb Code     0  __scatter.o(!!!scatter)
    __scatterload_null                       0x0800019f   Thumb Code     0  __scatter.o(!!!scatter)
    __scatterload_copy                       0x080001c5   Thumb Code    26  __scatter_copy.o(!!handler_copy)
    __scatterload_zeroinit                   0x080001e1   Thumb Code    28  __scatter_zi.o(!!handler_zi)
    _printf_d                                0x080001fd   Thumb Code     0  _printf_d.o(.ARM.Collect$$_printf_percent$$00000009)
    _printf_percent                          0x080001fd   Thumb Code     0  _printf_percent.o(.ARM.Collect$$_printf_percent$$00000000)
    _printf_percent_end                      0x08000203   Thumb Code     0  _printf_percent_end.o(.ARM.Collect$$_printf_percent$$00000017)
    __rt_lib_init                            0x08000207   Thumb Code     0  libinit.o(.ARM.Collect$$libinit$$00000000)
    __rt_lib_init_fp_1                       0x08000209   Thumb Code     0  libinit2.o(.ARM.Collect$$libinit$$00000001)
    __rt_lib_init_alloca_1                   0x0800020d   Thumb Code     0  libinit2.o(.ARM.Collect$$libinit$$0000002E)
    __rt_lib_init_argv_1                     0x0800020d   Thumb Code     0  libinit2.o(.ARM.Collect$$libinit$$0000002C)
    __rt_lib_init_atexit_1                   0x0800020d   Thumb Code     0  libinit2.o(.ARM.Collect$$libinit$$0000001B)
    __rt_lib_init_clock_1                    0x0800020d   Thumb Code     0  libinit2.o(.ARM.Collect$$libinit$$00000021)
    __rt_lib_init_cpp_1                      0x0800020d   Thumb Code     0  libinit2.o(.ARM.Collect$$libinit$$00000032)
    __rt_lib_init_exceptions_1               0x0800020d   Thumb Code     0  libinit2.o(.ARM.Collect$$libinit$$00000030)
    __rt_lib_init_fp_trap_1                  0x0800020d   Thumb Code     0  libinit2.o(.ARM.Collect$$libinit$$0000001F)
    __rt_lib_init_getenv_1                   0x0800020d   Thumb Code     0  libinit2.o(.ARM.Collect$$libinit$$00000023)
    __rt_lib_init_heap_1                     0x0800020d   Thumb Code     0  libinit2.o(.ARM.Collect$$libinit$$0000000A)
    __rt_lib_init_lc_collate_1               0x0800020d   Thumb Code     0  libinit2.o(.ARM.Collect$$libinit$$00000011)
    __rt_lib_init_lc_ctype_1                 0x0800020d   Thumb Code     0  libinit2.o(.ARM.Collect$$libinit$$00000013)
    __rt_lib_init_lc_monetary_1              0x0800020d   Thumb Code     0  libinit2.o(.ARM.Collect$$libinit$$00000015)
    __rt_lib_init_lc_numeric_1               0x0800020d   Thumb Code     0  libinit2.o(.ARM.Collect$$libinit$$00000017)
    __rt_lib_init_lc_time_1                  0x0800020d   Thumb Code     0  libinit2.o(.ARM.Collect$$libinit$$00000019)
    __rt_lib_init_preinit_1                  0x0800020d   Thumb Code     0  libinit2.o(.ARM.Collect$$libinit$$00000004)
    __rt_lib_init_rand_1                     0x0800020d   Thumb Code     0  libinit2.o(.ARM.Collect$$libinit$$0000000E)
    __rt_lib_init_return                     0x0800020d   Thumb Code     0  libinit2.o(.ARM.Collect$$libinit$$00000033)
    __rt_lib_init_signal_1                   0x0800020d   Thumb Code     0  libinit2.o(.ARM.Collect$$libinit$$0000001D)
    __rt_lib_init_stdio_1                    0x0800020d   Thumb Code     0  libinit2.o(.ARM.Collect$$libinit$$00000025)
    __rt_lib_init_user_alloc_1               0x0800020d   Thumb Code     0  libinit2.o(.ARM.Collect$$libinit$$0000000C)
    __rt_lib_shutdown                        0x0800020f   Thumb Code     0  libshutdown.o(.ARM.Collect$$libshutdown$$00000000)
    __rt_lib_shutdown_cpp_1                  0x08000211   Thumb Code     0  libshutdown2.o(.ARM.Collect$$libshutdown$$00000002)
    __rt_lib_shutdown_fp_trap_1              0x08000211   Thumb Code     0  libshutdown2.o(.ARM.Collect$$libshutdown$$00000007)
    __rt_lib_shutdown_heap_1                 0x08000211   Thumb Code     0  libshutdown2.o(.ARM.Collect$$libshutdown$$0000000F)
    __rt_lib_shutdown_return                 0x08000211   Thumb Code     0  libshutdown2.o(.ARM.Collect$$libshutdown$$00000010)
    __rt_lib_shutdown_signal_1               0x08000211   Thumb Code     0  libshutdown2.o(.ARM.Collect$$libshutdown$$0000000A)
    __rt_lib_shutdown_stdio_1                0x08000211   Thumb Code     0  libshutdown2.o(.ARM.Collect$$libshutdown$$00000004)
    __rt_lib_shutdown_user_alloc_1           0x08000211   Thumb Code     0  libshutdown2.o(.ARM.Collect$$libshutdown$$0000000C)
    __rt_entry                               0x08000213   Thumb Code     0  __rtentry.o(.ARM.Collect$$rtentry$$00000000)
    __rt_entry_presh_1                       0x08000213   Thumb Code     0  __rtentry2.o(.ARM.Collect$$rtentry$$00000002)
    __rt_entry_sh                            0x08000213   Thumb Code     0  __rtentry4.o(.ARM.Collect$$rtentry$$00000004)
    __rt_entry_li                            0x08000219   Thumb Code     0  __rtentry2.o(.ARM.Collect$$rtentry$$0000000A)
    __rt_entry_postsh_1                      0x08000219   Thumb Code     0  __rtentry2.o(.ARM.Collect$$rtentry$$00000009)
    __rt_entry_main                          0x0800021d   Thumb Code     0  __rtentry2.o(.ARM.Collect$$rtentry$$0000000D)
    __rt_entry_postli_1                      0x0800021d   Thumb Code     0  __rtentry2.o(.ARM.Collect$$rtentry$$0000000C)
    __rt_exit                                0x08000225   Thumb Code     0  rtexit.o(.ARM.Collect$$rtexit$$00000000)
    __rt_exit_ls                             0x08000227   Thumb Code     0  rtexit2.o(.ARM.Collect$$rtexit$$00000003)
    __rt_exit_prels_1                        0x08000227   Thumb Code     0  rtexit2.o(.ARM.Collect$$rtexit$$00000002)
    __rt_exit_exit                           0x0800022b   Thumb Code     0  rtexit2.o(.ARM.Collect$$rtexit$$00000004)
    Reset_Handler                            0x08000231   Thumb Code     8  startup_stm32f4xx.o(.text)
    ADC_IRQHandler                           0x0800024b   Thumb Code     0  startup_stm32f4xx.o(.text)
    CAN1_RX0_IRQHandler                      0x0800024b   Thumb Code     0  startup_stm32f4xx.o(.text)
    CAN1_RX1_IRQHandler                      0x0800024b   Thumb Code     0  startup_stm32f4xx.o(.text)
    CAN1_SCE_IRQHandler                      0x0800024b   Thumb Code     0  startup_stm32f4xx.o(.text)
    CAN1_TX_IRQHandler                       0x0800024b   Thumb Code     0  startup_stm32f4xx.o(.text)
    CAN2_RX0_IRQHandler                      0x0800024b   Thumb Code     0  startup_stm32f4xx.o(.text)
    CAN2_RX1_IRQHandler                      0x0800024b   Thumb Code     0  startup_stm32f4xx.o(.text)
    CAN2_SCE_IRQHandler                      0x0800024b   Thumb Code     0  startup_stm32f4xx.o(.text)
    CAN2_TX_IRQHandler                       0x0800024b   Thumb Code     0  startup_stm32f4xx.o(.text)
    CRYP_IRQHandler                          0x0800024b   Thumb Code     0  startup_stm32f4xx.o(.text)
    DCMI_IRQHandler                          0x0800024b   Thumb Code     0  startup_stm32f4xx.o(.text)
    ETH_IRQHandler                           0x0800024b   Thumb Code     0  startup_stm32f4xx.o(.text)
    ETH_WKUP_IRQHandler                      0x0800024b   Thumb Code     0  startup_stm32f4xx.o(.text)
    EXTI0_IRQHandler                         0x0800024b   Thumb Code     0  startup_stm32f4xx.o(.text)
    EXTI15_10_IRQHandler                     0x0800024b   Thumb Code     0  startup_stm32f4xx.o(.text)
    EXTI1_IRQHandler                         0x0800024b   Thumb Code     0  startup_stm32f4xx.o(.text)
    EXTI2_IRQHandler                         0x0800024b   Thumb Code     0  startup_stm32f4xx.o(.text)
    EXTI3_IRQHandler                         0x0800024b   Thumb Code     0  startup_stm32f4xx.o(.text)
    EXTI4_IRQHandler                         0x0800024b   Thumb Code     0  startup_stm32f4xx.o(.text)
    EXTI9_5_IRQHandler                       0x0800024b   Thumb Code     0  startup_stm32f4xx.o(.text)
    FLASH_IRQHandler                         0x0800024b   Thumb Code     0  startup_stm32f4xx.o(.text)
    FPU_IRQHandler                           0x0800024b   Thumb Code     0  startup_stm32f4xx.o(.text)
    FSMC_IRQHandler                          0x0800024b   Thumb Code     0  startup_stm32f4xx.o(.text)
    HASH_RNG_IRQHandler                      0x0800024b   Thumb Code     0  startup_stm32f4xx.o(.text)
    I2C1_ER_IRQHandler                       0x0800024b   Thumb Code     0  startup_stm32f4xx.o(.text)
    I2C1_EV_IRQHandler                       0x0800024b   Thumb Code     0  startup_stm32f4xx.o(.text)
    I2C2_ER_IRQHandler                       0x0800024b   Thumb Code     0  startup_stm32f4xx.o(.text)
    I2C2_EV_IRQHandler                       0x0800024b   Thumb Code     0  startup_stm32f4xx.o(.text)
    I2C3_ER_IRQHandler                       0x0800024b   Thumb Code     0  startup_stm32f4xx.o(.text)
    I2C3_EV_IRQHandler                       0x0800024b   Thumb Code     0  startup_stm32f4xx.o(.text)
    OTG_FS_IRQHandler                        0x0800024b   Thumb Code     0  startup_stm32f4xx.o(.text)
    OTG_FS_WKUP_IRQHandler                   0x0800024b   Thumb Code     0  startup_stm32f4xx.o(.text)
    OTG_HS_EP1_IN_IRQHandler                 0x0800024b   Thumb Code     0  startup_stm32f4xx.o(.text)
    OTG_HS_EP1_OUT_IRQHandler                0x0800024b   Thumb Code     0  startup_stm32f4xx.o(.text)
    OTG_HS_IRQHandler                        0x0800024b   Thumb Code     0  startup_stm32f4xx.o(.text)
    OTG_HS_WKUP_IRQHandler                   0x0800024b   Thumb Code     0  startup_stm32f4xx.o(.text)
    PVD_IRQHandler                           0x0800024b   Thumb Code     0  startup_stm32f4xx.o(.text)
    RCC_IRQHandler                           0x0800024b   Thumb Code     0  startup_stm32f4xx.o(.text)
    RTC_Alarm_IRQHandler                     0x0800024b   Thumb Code     0  startup_stm32f4xx.o(.text)
    RTC_WKUP_IRQHandler                      0x0800024b   Thumb Code     0  startup_stm32f4xx.o(.text)
    SDIO_IRQHandler                          0x0800024b   Thumb Code     0  startup_stm32f4xx.o(.text)
    SPI1_IRQHandler                          0x0800024b   Thumb Code     0  startup_stm32f4xx.o(.text)
    SPI2_IRQHandler                          0x0800024b   Thumb Code     0  startup_stm32f4xx.o(.text)
    SPI3_IRQHandler                          0x0800024b   Thumb Code     0  startup_stm32f4xx.o(.text)
    TAMP_STAMP_IRQHandler                    0x0800024b   Thumb Code     0  startup_stm32f4xx.o(.text)
    TIM1_BRK_TIM9_IRQHandler                 0x0800024b   Thumb Code     0  startup_stm32f4xx.o(.text)
    TIM1_CC_IRQHandler                       0x0800024b   Thumb Code     0  startup_stm32f4xx.o(.text)
    TIM1_TRG_COM_TIM11_IRQHandler            0x0800024b   Thumb Code     0  startup_stm32f4xx.o(.text)
    TIM1_UP_TIM10_IRQHandler                 0x0800024b   Thumb Code     0  startup_stm32f4xx.o(.text)
    TIM2_IRQHandler                          0x0800024b   Thumb Code     0  startup_stm32f4xx.o(.text)
    TIM3_IRQHandler                          0x0800024b   Thumb Code     0  startup_stm32f4xx.o(.text)
    TIM4_IRQHandler                          0x0800024b   Thumb Code     0  startup_stm32f4xx.o(.text)
    TIM5_IRQHandler                          0x0800024b   Thumb Code     0  startup_stm32f4xx.o(.text)
    TIM6_DAC_IRQHandler                      0x0800024b   Thumb Code     0  startup_stm32f4xx.o(.text)
    TIM7_IRQHandler                          0x0800024b   Thumb Code     0  startup_stm32f4xx.o(.text)
    TIM8_BRK_TIM12_IRQHandler                0x0800024b   Thumb Code     0  startup_stm32f4xx.o(.text)
    TIM8_CC_IRQHandler                       0x0800024b   Thumb Code     0  startup_stm32f4xx.o(.text)
    TIM8_TRG_COM_TIM14_IRQHandler            0x0800024b   Thumb Code     0  startup_stm32f4xx.o(.text)
    TIM8_UP_TIM13_IRQHandler                 0x0800024b   Thumb Code     0  startup_stm32f4xx.o(.text)
    UART4_IRQHandler                         0x0800024b   Thumb Code     0  startup_stm32f4xx.o(.text)
    UART5_IRQHandler                         0x0800024b   Thumb Code     0  startup_stm32f4xx.o(.text)
    USART2_IRQHandler                        0x0800024b   Thumb Code     0  startup_stm32f4xx.o(.text)
    USART3_IRQHandler                        0x0800024b   Thumb Code     0  startup_stm32f4xx.o(.text)
    USART6_IRQHandler                        0x0800024b   Thumb Code     0  startup_stm32f4xx.o(.text)
    WWDG_IRQHandler                          0x0800024b   Thumb Code     0  startup_stm32f4xx.o(.text)
    __user_initial_stackheap                 0x0800024d   Thumb Code     0  startup_stm32f4xx.o(.text)
    __2sprintf                               0x08000271   Thumb Code    34  noretval__2sprintf.o(.text)
    __printf                                 0x08000299   Thumb Code   104  __printf.o(.text)
    _printf_int_dec                          0x08000301   Thumb Code   104  _printf_dec.o(.text)
    strtok                                   0x08000379   Thumb Code     6  strtok.o(.text)
    __use_two_region_memory                  0x08000385   Thumb Code     2  heapauxi.o(.text)
    __rt_heap_escrow$2region                 0x08000387   Thumb Code     2  heapauxi.o(.text)
    __rt_heap_expand$2region                 0x08000389   Thumb Code     2  heapauxi.o(.text)
    _printf_int_common                       0x0800038b   Thumb Code   178  _printf_intcommon.o(.text)
    _printf_char_common                      0x08000447   Thumb Code    32  _printf_char_common.o(.text)
    _sputc                                   0x0800046d   Thumb Code    10  _sputc.o(.text)
    __strtok_internal                        0x08000479   Thumb Code    64  strtok_int.o(.text)
    strcspn                                  0x080004bd   Thumb Code    32  strcspn.o(.text)
    strspn                                   0x080004dd   Thumb Code    28  strspn.o(.text)
    __user_setup_stackheap                   0x080004f9   Thumb Code    74  sys_stackheap_outer.o(.text)
    exit                                     0x08000543   Thumb Code    18  exit.o(.text)
    __user_libspace                          0x08000555   Thumb Code     8  libspace.o(.text)
    __user_perproc_libspace                  0x08000555   Thumb Code     0  libspace.o(.text)
    __user_perthread_libspace                0x08000555   Thumb Code     0  libspace.o(.text)
    _sys_exit                                0x0800055d   Thumb Code     8  sys_exit.o(.text)
    __I$use$semihosting                      0x08000569   Thumb Code     0  use_no_semi.o(.text)
    __use_no_semihosting_swi                 0x08000569   Thumb Code     2  use_no_semi.o(.text)
    BusFault_Handler                         0x0800056b   Thumb Code     4  stm32f4xx_it_1.o(i.BusFault_Handler)
    __semihosting_library_function           0x0800056b   Thumb Code     0  indicate_semi.o(.text)
    DMA1_Stream0_IRQHandler                  0x08000571   Thumb Code    10  tm_stm32f4_dma.o(i.DMA1_Stream0_IRQHandler)
    DMA1_Stream1_IRQHandler                  0x08000581   Thumb Code    10  tm_stm32f4_dma.o(i.DMA1_Stream1_IRQHandler)
    DMA1_Stream2_IRQHandler                  0x08000591   Thumb Code    10  tm_stm32f4_dma.o(i.DMA1_Stream2_IRQHandler)
    DMA1_Stream3_IRQHandler                  0x080005a1   Thumb Code    10  tm_stm32f4_dma.o(i.DMA1_Stream3_IRQHandler)
    DMA1_Stream4_IRQHandler                  0x080005b1   Thumb Code    10  tm_stm32f4_dma.o(i.DMA1_Stream4_IRQHandler)
    DMA1_Stream5_IRQHandler                  0x080005c1   Thumb Code    10  tm_stm32f4_dma.o(i.DMA1_Stream5_IRQHandler)
    DMA1_Stream6_IRQHandler                  0x080005d1   Thumb Code    10  tm_stm32f4_dma.o(i.DMA1_Stream6_IRQHandler)
    DMA1_Stream7_IRQHandler                  0x080005e1   Thumb Code    10  tm_stm32f4_dma.o(i.DMA1_Stream7_IRQHandler)
    DMA2_Stream0_IRQHandler                  0x080005f1   Thumb Code    10  tm_stm32f4_dma.o(i.DMA2_Stream0_IRQHandler)
    DMA2_Stream1_IRQHandler                  0x08000601   Thumb Code    10  tm_stm32f4_dma.o(i.DMA2_Stream1_IRQHandler)
    DMA2_Stream2_IRQHandler                  0x08000611   Thumb Code    10  tm_stm32f4_dma.o(i.DMA2_Stream2_IRQHandler)
    DMA2_Stream3_IRQHandler                  0x08000621   Thumb Code    10  tm_stm32f4_dma.o(i.DMA2_Stream3_IRQHandler)
    DMA2_Stream4_IRQHandler                  0x08000631   Thumb Code    10  tm_stm32f4_dma.o(i.DMA2_Stream4_IRQHandler)
    DMA2_Stream5_IRQHandler                  0x08000641   Thumb Code    10  tm_stm32f4_dma.o(i.DMA2_Stream5_IRQHandler)
    DMA2_Stream6_IRQHandler                  0x08000651   Thumb Code    10  tm_stm32f4_dma.o(i.DMA2_Stream6_IRQHandler)
    DMA2_Stream7_IRQHandler                  0x08000661   Thumb Code    10  tm_stm32f4_dma.o(i.DMA2_Stream7_IRQHandler)
    DMA_Init                                 0x08000671   Thumb Code    82  stm32f4xx_dma.o(i.DMA_Init)
    DebugMon_Handler                         0x080006c9   Thumb Code     2  stm32f4xx_it_1.o(i.DebugMon_Handler)
    GPIO_Init                                0x080006cb   Thumb Code   144  stm32f4xx_gpio.o(i.GPIO_Init)
    GPIO_PinAFConfig                         0x0800075b   Thumb Code    70  stm32f4xx_gpio.o(i.GPIO_PinAFConfig)
    GPIO_ReadInputData                       0x080007a1   Thumb Code     8  stm32f4xx_gpio.o(i.GPIO_ReadInputData)
    GPIO_ResetBits                           0x080007a9   Thumb Code     4  stm32f4xx_gpio.o(i.GPIO_ResetBits)
    GPIO_SetBits                             0x080007ad   Thumb Code     4  stm32f4xx_gpio.o(i.GPIO_SetBits)
    HardFault_Handler                        0x080007b1   Thumb Code     4  stm32f4xx_it_1.o(i.HardFault_Handler)
    MemManage_Handler                        0x080007b5   Thumb Code     4  stm32f4xx_it_1.o(i.MemManage_Handler)
    NMI_Handler                              0x080007b9   Thumb Code     2  stm32f4xx_it_1.o(i.NMI_Handler)
    NVIC_Init                                0x080007bd   Thumb Code   106  misc.o(i.NVIC_Init)
    PendSV_Handler                           0x08000835   Thumb Code     2  stm32f4xx_it_1.o(i.PendSV_Handler)
    RCC_AHB1PeriphClockCmd                   0x08000839   Thumb Code    26  stm32f4xx_rcc.o(i.RCC_AHB1PeriphClockCmd)
    RCC_APB2PeriphClockCmd                   0x08000859   Thumb Code    26  stm32f4xx_rcc.o(i.RCC_APB2PeriphClockCmd)
    RCC_GetClocksFreq                        0x08000879   Thumb Code   214  stm32f4xx_rcc.o(i.RCC_GetClocksFreq)
    SPI_Init                                 0x08000961   Thumb Code    60  stm32f4xx_spi.o(i.SPI_Init)
    SPI_StructInit                           0x0800099d   Thumb Code    24  stm32f4xx_spi.o(i.SPI_StructInit)
    SVC_Handler                              0x080009b5   Thumb Code     2  stm32f4xx_it_1.o(i.SVC_Handler)
    SysTick_Handler                          0x08000aa5   Thumb Code     2  stm32f4xx_it_1.o(i.SysTick_Handler)
    SystemInit                               0x08000aa9   Thumb Code    88  system_stm32f4xx.o(i.SystemInit)
    TM_DMA_ClearFlag                         0x08000b11   Thumb Code    64  tm_stm32f4_dma.o(i.TM_DMA_ClearFlag)
    TM_DMA_DirectModeErrorHandler            0x08000b5d   Thumb Code     2  tm_stm32f4_dma.o(i.TM_DMA_DirectModeErrorHandler)
    TM_DMA_FIFOErrorHandler                  0x08000b5f   Thumb Code     2  tm_stm32f4_dma.o(i.TM_DMA_FIFOErrorHandler)
    TM_DMA_GetFlags                          0x08000b61   Thumb Code    70  tm_stm32f4_dma.o(i.TM_DMA_GetFlags)
    TM_DMA_HalfTransferCompleteHandler       0x08000bb5   Thumb Code     2  tm_stm32f4_dma.o(i.TM_DMA_HalfTransferCompleteHandler)
    TM_DMA_TransferCompleteHandler           0x08000c33   Thumb Code     2  tm_stm32f4_dma.o(i.TM_DMA_TransferCompleteHandler)
    TM_DMA_TransferErrorHandler              0x08000c35   Thumb Code     2  tm_stm32f4_dma.o(i.TM_DMA_TransferErrorHandler)
    TM_GPIO_GetPortSource                    0x08000c37   Thumb Code    14  tm_stm32f4_gpio.o(i.TM_GPIO_GetPortSource)
    TM_GPIO_INT_EnableClock                  0x08000c45   Thumb Code    28  tm_stm32f4_gpio.o(i.TM_GPIO_INT_EnableClock)
    TM_GPIO_INT_Init                         0x08000c65   Thumb Code   170  tm_stm32f4_gpio.o(i.TM_GPIO_INT_Init)
    TM_GPIO_Init                             0x08000d15   Thumb Code    48  tm_stm32f4_gpio.o(i.TM_GPIO_Init)
    TM_GPIO_InitAlternate                    0x08000d45   Thumb Code   110  tm_stm32f4_gpio.o(i.TM_GPIO_InitAlternate)
    TM_ILI9341_Delay                         0x08000db3   Thumb Code    18  tm_stm32f4_ili9341.o(i.TM_ILI9341_Delay)
    TM_ILI9341_DrawCircle                    0x08000dc5   Thumb Code   260  tm_stm32f4_ili9341.o(i.TM_ILI9341_DrawCircle)
    TM_ILI9341_DrawFilledCircle              0x08000ec9   Thumb Code   334  tm_stm32f4_ili9341.o(i.TM_ILI9341_DrawFilledCircle)
    TM_ILI9341_DrawLine                      0x08001019   Thumb Code   268  tm_stm32f4_ili9341.o(i.TM_ILI9341_DrawLine)
    TM_ILI9341_DrawPixel                     0x08001129   Thumb Code    42  tm_stm32f4_ili9341.o(i.TM_ILI9341_DrawPixel)
    TM_ILI9341_Draw_Bluetooth                0x08001155   Thumb Code   190  tm_stm32f4_ili9341.o(i.TM_ILI9341_Draw_Bluetooth)
    TM_ILI9341_Draw_Fuel                     0x08001221   Thumb Code   192  tm_stm32f4_ili9341.o(i.TM_ILI9341_Draw_Fuel)
    TM_ILI9341_Draw_Headlight                0x080012f1   Thumb Code   182  tm_stm32f4_ili9341.o(i.TM_ILI9341_Draw_Headlight)
    TM_ILI9341_Draw_LeftArrow                0x080013b9   Thumb Code   182  tm_stm32f4_ili9341.o(i.TM_ILI9341_Draw_LeftArrow)
    TM_ILI9341_Draw_RightArrow               0x08001481   Thumb Code   182  tm_stm32f4_ili9341.o(i.TM_ILI9341_Draw_RightArrow)
    TM_ILI9341_Fill                          0x08001549   Thumb Code    28  tm_stm32f4_ili9341.o(i.TM_ILI9341_Fill)
    TM_ILI9341_INT_Fill                      0x08001569   Thumb Code   160  tm_stm32f4_ili9341.o(i.TM_ILI9341_INT_Fill)
    TM_ILI9341_Init                          0x08001615   Thumb Code   124  tm_stm32f4_ili9341.o(i.TM_ILI9341_Init)
    TM_ILI9341_InitLCD                       0x080016a9   Thumb Code   618  tm_stm32f4_ili9341.o(i.TM_ILI9341_InitLCD)
    TM_ILI9341_Putc                          0x0800191d   Thumb Code   186  tm_stm32f4_ili9341.o(i.TM_ILI9341_Putc)
    TM_ILI9341_Puts                          0x080019e5   Thumb Code   118  tm_stm32f4_ili9341.o(i.TM_ILI9341_Puts)
    TM_ILI9341_Rotate                        0x08001a65   Thumb Code    96  tm_stm32f4_ili9341.o(i.TM_ILI9341_Rotate)
    TM_ILI9341_SendCommand                   0x08001ac9   Thumb Code    40  tm_stm32f4_ili9341.o(i.TM_ILI9341_SendCommand)
    TM_ILI9341_SendData                      0x08001afd   Thumb Code    40  tm_stm32f4_ili9341.o(i.TM_ILI9341_SendData)
    TM_ILI9341_SetCursorPosition             0x08001b31   Thumb Code    76  tm_stm32f4_ili9341.o(i.TM_ILI9341_SetCursorPosition)
    TM_SPI1_INT_InitPins                     0x08001b7d   Thumb Code    64  tm_stm32f4_spi.o(i.TM_SPI1_INT_InitPins)
    TM_SPI2_INT_InitPins                     0x08001bc9   Thumb Code   112  tm_stm32f4_spi.o(i.TM_SPI2_INT_InitPins)
    TM_SPI3_INT_InitPins                     0x08001c49   Thumb Code    66  tm_stm32f4_spi.o(i.TM_SPI3_INT_InitPins)
    TM_SPI4_INT_InitPins                     0x08001c99   Thumb Code    66  tm_stm32f4_spi.o(i.TM_SPI4_INT_InitPins)
    TM_SPI5_INT_InitPins                     0x08001ce5   Thumb Code    86  tm_stm32f4_spi.o(i.TM_SPI5_INT_InitPins)
    TM_SPI6_INT_InitPins                     0x08001d49   Thumb Code    42  tm_stm32f4_spi.o(i.TM_SPI6_INT_InitPins)
    TM_SPI_DMA_Init                          0x08001de1   Thumb Code   104  tm_stm32f4_spi_dma.o(i.TM_SPI_DMA_Init)
    TM_SPI_DMA_SendHalfWord                  0x08001e55   Thumb Code   110  tm_stm32f4_spi_dma.o(i.TM_SPI_DMA_SendHalfWord)
    TM_SPI_DMA_Working                       0x08001ec9   Thumb Code    48  tm_stm32f4_spi_dma.o(i.TM_SPI_DMA_Working)
    TM_SPI_Init                              0x08001ef9   Thumb Code   176  tm_stm32f4_spi.o(i.TM_SPI_Init)
    TM_SPI_InitCustomPinsCallback            0x08001fc1   Thumb Code     2  tm_stm32f4_spi.o(i.TM_SPI_InitCustomPinsCallback)
    TM_SPI_SetDataSize                       0x08002005   Thumb Code    48  tm_stm32f4_spi.o(i.TM_SPI_SetDataSize)
    Toggle_BT_Indicator                      0x080021a1   Thumb Code    60  meter.o(i.Toggle_BT_Indicator)
    Toggle_Fuel_Indicator                    0x080021e5   Thumb Code    72  meter.o(i.Toggle_Fuel_Indicator)
    Toggle_Headlight_Indicator               0x08002231   Thumb Code    54  meter.o(i.Toggle_Headlight_Indicator)
    Toggle_Left_Indicator                    0x0800226d   Thumb Code    54  meter.o(i.Toggle_Left_Indicator)
    Toggle_Right_Indicator                   0x080022a9   Thumb Code    54  meter.o(i.Toggle_Right_Indicator)
    USART1_IRQHandler                        0x080022e5   Thumb Code    82  init.o(i.USART1_IRQHandler)
    USART_Cmd                                0x08002349   Thumb Code    24  stm32f4xx_usart.o(i.USART_Cmd)
    USART_GetITStatus                        0x08002361   Thumb Code    84  stm32f4xx_usart.o(i.USART_GetITStatus)
    USART_ITConfig                           0x080023b5   Thumb Code    74  stm32f4xx_usart.o(i.USART_ITConfig)
    USART_Init                               0x08002401   Thumb Code   204  stm32f4xx_usart.o(i.USART_Init)
    USART_SendData                           0x080024d5   Thumb Code     8  stm32f4xx_usart.o(i.USART_SendData)
    USART_puts                               0x080024dd   Thumb Code    40  init.o(i.USART_puts)
    UsageFault_Handler                       0x08002505   Thumb Code     4  stm32f4xx_it_1.o(i.UsageFault_Handler)
    draw_Meter                               0x08002509   Thumb Code    98  meter.o(i.draw_Meter)
    init_Reed                                0x08002595   Thumb Code    50  init.o(i.init_Reed)
    init_UART                                0x080025cd   Thumb Code   164  init.o(i.init_UART)
    main                                     0x08002679   Thumb Code   218  main.o(i.main)
    update_Distance                          0x08002789   Thumb Code    42  meter.o(i.update_Distance)
    update_RPM                               0x080027c5   Thumb Code    42  meter.o(i.update_RPM)
    update_Reed                              0x08002805   Thumb Code    26  init.o(i.update_Reed)
    update_Speed                             0x08002829   Thumb Code    42  meter.o(i.update_Speed)
    _fp_init                                 0x08002865   Thumb Code    10  fpinit.o(x$fpl$fpinit)
    __fplib_config_fpu_vfp                   0x0800286d   Thumb Code     0  fpinit.o(x$fpl$fpinit)
    __fplib_config_pureend_doubles           0x0800286d   Thumb Code     0  fpinit.o(x$fpl$fpinit)
    TM_Font7x10                              0x08002882   Data        1920  tm_stm32f4_fonts.o(.constdata)
    TM_Font11x18                             0x08003002   Data        3420  tm_stm32f4_fonts.o(.constdata)
    TM_Font16x26                             0x08003d5e   Data        4940  tm_stm32f4_fonts.o(.constdata)
    RightArrow_Font16x14                     0x080050aa   Data          28  tm_stm32f4_fonts.o(.constdata)
    LeftArrow_Font16x14                      0x080050c6   Data          28  tm_stm32f4_fonts.o(.constdata)
    Headlight_Font16x14                      0x080050e2   Data          28  tm_stm32f4_fonts.o(.constdata)
    Fuel_Font16x14                           0x080050fe   Data         308  tm_stm32f4_fonts.o(.constdata)
    Region$$Table$$Base                      0x08005234   Number         0  anon$$obj.o(Region$$Table)
    Region$$Table$$Limit                     0x08005254   Number         0  anon$$obj.o(Region$$Table)
    GPIO_InitStructure                       0x20000000   Data           8  main.o(.data)
    SpeedCounter                             0x20000008   Data           4  main.o(.data)
    DistanceCounter                          0x2000000c   Data           4  main.o(.data)
    RPMCounter                               0x20000010   Data           4  main.o(.data)
    flags_meter                              0x20000014   Data           1  meter.o(.data)
    TM_Font_7x10                             0x2000001c   Data           8  tm_stm32f4_fonts.o(.data)
    TM_Font_11x18                            0x20000024   Data           8  tm_stm32f4_fonts.o(.data)
    TM_Font_16x26                            0x2000002c   Data           8  tm_stm32f4_fonts.o(.data)
    RightArrow_Font_16x14                    0x20000034   Data           8  tm_stm32f4_fonts.o(.data)
    LeftArrow_Font_16x14                     0x2000003c   Data           8  tm_stm32f4_fonts.o(.data)
    Headlight_Font_16x14                     0x20000044   Data           8  tm_stm32f4_fonts.o(.data)
    Fuel_Font_16x14                          0x2000004c   Data           8  tm_stm32f4_fonts.o(.data)
    ILI9341_x                                0x20000054   Data           2  tm_stm32f4_ili9341.o(.data)
    ILI9341_y                                0x20000056   Data           2  tm_stm32f4_ili9341.o(.data)
    ILI9341_Opts                             0x20000058   Data           6  tm_stm32f4_ili9341.o(.data)
    ILI9341_INT_CalledFromPuts               0x2000005e   Data           1  tm_stm32f4_ili9341.o(.data)
    received_string                          0x20000104   Data          51  init.o(.bss)
    __libspace_start                         0x2000018c   Data          96  libspace.o(.bss)
    __temporary_stack_top$libspace           0x200001ec   Data           0  libspace.o(.bss)



==============================================================================

Memory Map of the image

  Image Entry point : 0x08000231

  Load Region LR_1 (Base: 0x08000000, Size: 0x00005358, Max: 0xffffffff, ABSOLUTE)

    Execution Region ER_RO (Base: 0x08000000, Size: 0x00005254, Max: 0xffffffff, ABSOLUTE)

    Base Addr    Size         Type   Attr      Idx    E Section Name        Object

    0x08000000   0x00000188   Data   RO         5691    RESET               startup_stm32f4xx.o
    0x08000188   0x00000008   Code   RO         5735  * !!!main             c_w.l(__main.o)
    0x08000190   0x00000034   Code   RO         5907    !!!scatter          c_w.l(__scatter.o)
    0x080001c4   0x0000001a   Code   RO         5909    !!handler_copy      c_w.l(__scatter_copy.o)
    0x080001de   0x00000002   PAD
    0x080001e0   0x0000001c   Code   RO         5911    !!handler_zi        c_w.l(__scatter_zi.o)
    0x080001fc   0x00000000   Code   RO         5727    .ARM.Collect$$_printf_percent$$00000000  c_w.l(_printf_percent.o)
    0x080001fc   0x00000006   Code   RO         5726    .ARM.Collect$$_printf_percent$$00000009  c_w.l(_printf_d.o)
    0x08000202   0x00000004   Code   RO         5744    .ARM.Collect$$_printf_percent$$00000017  c_w.l(_printf_percent_end.o)
    0x08000206   0x00000002   Code   RO         5777    .ARM.Collect$$libinit$$00000000  c_w.l(libinit.o)
    0x08000208   0x00000004   Code   RO         5783    .ARM.Collect$$libinit$$00000001  c_w.l(libinit2.o)
    0x0800020c   0x00000000   Code   RO         5786    .ARM.Collect$$libinit$$00000004  c_w.l(libinit2.o)
    0x0800020c   0x00000000   Code   RO         5789    .ARM.Collect$$libinit$$0000000A  c_w.l(libinit2.o)
    0x0800020c   0x00000000   Code   RO         5791    .ARM.Collect$$libinit$$0000000C  c_w.l(libinit2.o)
    0x0800020c   0x00000000   Code   RO         5793    .ARM.Collect$$libinit$$0000000E  c_w.l(libinit2.o)
    0x0800020c   0x00000000   Code   RO         5796    .ARM.Collect$$libinit$$00000011  c_w.l(libinit2.o)
    0x0800020c   0x00000000   Code   RO         5798    .ARM.Collect$$libinit$$00000013  c_w.l(libinit2.o)
    0x0800020c   0x00000000   Code   RO         5800    .ARM.Collect$$libinit$$00000015  c_w.l(libinit2.o)
    0x0800020c   0x00000000   Code   RO         5802    .ARM.Collect$$libinit$$00000017  c_w.l(libinit2.o)
    0x0800020c   0x00000000   Code   RO         5804    .ARM.Collect$$libinit$$00000019  c_w.l(libinit2.o)
    0x0800020c   0x00000000   Code   RO         5806    .ARM.Collect$$libinit$$0000001B  c_w.l(libinit2.o)
    0x0800020c   0x00000000   Code   RO         5808    .ARM.Collect$$libinit$$0000001D  c_w.l(libinit2.o)
    0x0800020c   0x00000000   Code   RO         5810    .ARM.Collect$$libinit$$0000001F  c_w.l(libinit2.o)
    0x0800020c   0x00000000   Code   RO         5812    .ARM.Collect$$libinit$$00000021  c_w.l(libinit2.o)
    0x0800020c   0x00000000   Code   RO         5814    .ARM.Collect$$libinit$$00000023  c_w.l(libinit2.o)
    0x0800020c   0x00000000   Code   RO         5816    .ARM.Collect$$libinit$$00000025  c_w.l(libinit2.o)
    0x0800020c   0x00000000   Code   RO         5820    .ARM.Collect$$libinit$$0000002C  c_w.l(libinit2.o)
    0x0800020c   0x00000000   Code   RO         5822    .ARM.Collect$$libinit$$0000002E  c_w.l(libinit2.o)
    0x0800020c   0x00000000   Code   RO         5824    .ARM.Collect$$libinit$$00000030  c_w.l(libinit2.o)
    0x0800020c   0x00000000   Code   RO         5826    .ARM.Collect$$libinit$$00000032  c_w.l(libinit2.o)
    0x0800020c   0x00000002   Code   RO         5827    .ARM.Collect$$libinit$$00000033  c_w.l(libinit2.o)
    0x0800020e   0x00000002   Code   RO         5847    .ARM.Collect$$libshutdown$$00000000  c_w.l(libshutdown.o)
    0x08000210   0x00000000   Code   RO         5860    .ARM.Collect$$libshutdown$$00000002  c_w.l(libshutdown2.o)
    0x08000210   0x00000000   Code   RO         5862    .ARM.Collect$$libshutdown$$00000004  c_w.l(libshutdown2.o)
    0x08000210   0x00000000   Code   RO         5865    .ARM.Collect$$libshutdown$$00000007  c_w.l(libshutdown2.o)
    0x08000210   0x00000000   Code   RO         5868    .ARM.Collect$$libshutdown$$0000000A  c_w.l(libshutdown2.o)
    0x08000210   0x00000000   Code   RO         5870    .ARM.Collect$$libshutdown$$0000000C  c_w.l(libshutdown2.o)
    0x08000210   0x00000000   Code   RO         5873    .ARM.Collect$$libshutdown$$0000000F  c_w.l(libshutdown2.o)
    0x08000210   0x00000002   Code   RO         5874    .ARM.Collect$$libshutdown$$00000010  c_w.l(libshutdown2.o)
    0x08000212   0x00000000   Code   RO         5737    .ARM.Collect$$rtentry$$00000000  c_w.l(__rtentry.o)
    0x08000212   0x00000000   Code   RO         5748    .ARM.Collect$$rtentry$$00000002  c_w.l(__rtentry2.o)
    0x08000212   0x00000006   Code   RO         5760    .ARM.Collect$$rtentry$$00000004  c_w.l(__rtentry4.o)
    0x08000218   0x00000000   Code   RO         5750    .ARM.Collect$$rtentry$$00000009  c_w.l(__rtentry2.o)
    0x08000218   0x00000004   Code   RO         5751    .ARM.Collect$$rtentry$$0000000A  c_w.l(__rtentry2.o)
    0x0800021c   0x00000000   Code   RO         5753    .ARM.Collect$$rtentry$$0000000C  c_w.l(__rtentry2.o)
    0x0800021c   0x00000008   Code   RO         5754    .ARM.Collect$$rtentry$$0000000D  c_w.l(__rtentry2.o)
    0x08000224   0x00000002   Code   RO         5781    .ARM.Collect$$rtexit$$00000000  c_w.l(rtexit.o)
    0x08000226   0x00000000   Code   RO         5829    .ARM.Collect$$rtexit$$00000002  c_w.l(rtexit2.o)
    0x08000226   0x00000004   Code   RO         5830    .ARM.Collect$$rtexit$$00000003  c_w.l(rtexit2.o)
    0x0800022a   0x00000006   Code   RO         5831    .ARM.Collect$$rtexit$$00000004  c_w.l(rtexit2.o)
    0x08000230   0x00000040   Code   RO         5692  * .text               startup_stm32f4xx.o
    0x08000270   0x00000028   Code   RO         5700    .text               c_w.l(noretval__2sprintf.o)
    0x08000298   0x00000068   Code   RO         5702    .text               c_w.l(__printf.o)
    0x08000300   0x00000078   Code   RO         5704    .text               c_w.l(_printf_dec.o)
    0x08000378   0x0000000c   Code   RO         5728    .text               c_w.l(strtok.o)
    0x08000384   0x00000006   Code   RO         5733    .text               c_w.l(heapauxi.o)
    0x0800038a   0x000000b2   Code   RO         5738    .text               c_w.l(_printf_intcommon.o)
    0x0800043c   0x00000030   Code   RO         5740    .text               c_w.l(_printf_char_common.o)
    0x0800046c   0x0000000a   Code   RO         5742    .text               c_w.l(_sputc.o)
    0x08000476   0x00000002   PAD
    0x08000478   0x00000044   Code   RO         5745    .text               c_w.l(strtok_int.o)
    0x080004bc   0x00000020   Code   RO         5764    .text               c_w.l(strcspn.o)
    0x080004dc   0x0000001c   Code   RO         5766    .text               c_w.l(strspn.o)
    0x080004f8   0x0000004a   Code   RO         5768    .text               c_w.l(sys_stackheap_outer.o)
    0x08000542   0x00000012   Code   RO         5770    .text               c_w.l(exit.o)
    0x08000554   0x00000008   Code   RO         5778    .text               c_w.l(libspace.o)
    0x0800055c   0x0000000c   Code   RO         5839    .text               c_w.l(sys_exit.o)
    0x08000568   0x00000002   Code   RO         5850    .text               c_w.l(use_no_semi.o)
    0x0800056a   0x00000000   Code   RO         5852    .text               c_w.l(indicate_semi.o)
    0x0800056a   0x00000004   Code   RO          157    i.BusFault_Handler  stm32f4xx_it_1.o
    0x0800056e   0x00000002   PAD
    0x08000570   0x00000010   Code   RO          369    i.DMA1_Stream0_IRQHandler  tm_stm32f4_dma.o
    0x08000580   0x00000010   Code   RO          370    i.DMA1_Stream1_IRQHandler  tm_stm32f4_dma.o
    0x08000590   0x00000010   Code   RO          371    i.DMA1_Stream2_IRQHandler  tm_stm32f4_dma.o
    0x080005a0   0x00000010   Code   RO          372    i.DMA1_Stream3_IRQHandler  tm_stm32f4_dma.o
    0x080005b0   0x00000010   Code   RO          373    i.DMA1_Stream4_IRQHandler  tm_stm32f4_dma.o
    0x080005c0   0x00000010   Code   RO          374    i.DMA1_Stream5_IRQHandler  tm_stm32f4_dma.o
    0x080005d0   0x00000010   Code   RO          375    i.DMA1_Stream6_IRQHandler  tm_stm32f4_dma.o
    0x080005e0   0x00000010   Code   RO          376    i.DMA1_Stream7_IRQHandler  tm_stm32f4_dma.o
    0x080005f0   0x00000010   Code   RO          377    i.DMA2_Stream0_IRQHandler  tm_stm32f4_dma.o
    0x08000600   0x00000010   Code   RO          378    i.DMA2_Stream1_IRQHandler  tm_stm32f4_dma.o
    0x08000610   0x00000010   Code   RO          379    i.DMA2_Stream2_IRQHandler  tm_stm32f4_dma.o
    0x08000620   0x00000010   Code   RO          380    i.DMA2_Stream3_IRQHandler  tm_stm32f4_dma.o
    0x08000630   0x00000010   Code   RO          381    i.DMA2_Stream4_IRQHandler  tm_stm32f4_dma.o
    0x08000640   0x00000010   Code   RO          382    i.DMA2_Stream5_IRQHandler  tm_stm32f4_dma.o
    0x08000650   0x00000010   Code   RO          383    i.DMA2_Stream6_IRQHandler  tm_stm32f4_dma.o
    0x08000660   0x00000010   Code   RO          384    i.DMA2_Stream7_IRQHandler  tm_stm32f4_dma.o
    0x08000670   0x00000058   Code   RO         2104    i.DMA_Init          stm32f4xx_dma.o
    0x080006c8   0x00000002   Code   RO          158    i.DebugMon_Handler  stm32f4xx_it_1.o
    0x080006ca   0x00000090   Code   RO         2672    i.GPIO_Init         stm32f4xx_gpio.o
    0x0800075a   0x00000046   Code   RO         2673    i.GPIO_PinAFConfig  stm32f4xx_gpio.o
    0x080007a0   0x00000008   Code   RO         2675    i.GPIO_ReadInputData  stm32f4xx_gpio.o
    0x080007a8   0x00000004   Code   RO         2679    i.GPIO_ResetBits    stm32f4xx_gpio.o
    0x080007ac   0x00000004   Code   RO         2680    i.GPIO_SetBits      stm32f4xx_gpio.o
    0x080007b0   0x00000004   Code   RO          159    i.HardFault_Handler  stm32f4xx_it_1.o
    0x080007b4   0x00000004   Code   RO          160    i.MemManage_Handler  stm32f4xx_it_1.o
    0x080007b8   0x00000002   Code   RO          161    i.NMI_Handler       stm32f4xx_it_1.o
    0x080007ba   0x00000002   PAD
    0x080007bc   0x00000078   Code   RO         1082    i.NVIC_Init         misc.o
    0x08000834   0x00000002   Code   RO          162    i.PendSV_Handler    stm32f4xx_it_1.o
    0x08000836   0x00000002   PAD
    0x08000838   0x00000020   Code   RO         3536    i.RCC_AHB1PeriphClockCmd  stm32f4xx_rcc.o
    0x08000858   0x00000020   Code   RO         3548    i.RCC_APB2PeriphClockCmd  stm32f4xx_rcc.o
    0x08000878   0x000000e8   Code   RO         3557    i.RCC_GetClocksFreq  stm32f4xx_rcc.o
    0x08000960   0x0000003c   Code   RO         4669    i.SPI_Init          stm32f4xx_spi.o
    0x0800099c   0x00000018   Code   RO         4672    i.SPI_StructInit    stm32f4xx_spi.o
    0x080009b4   0x00000002   Code   RO          163    i.SVC_Handler       stm32f4xx_it_1.o
    0x080009b6   0x00000002   PAD
    0x080009b8   0x000000ec   Code   RO          120    i.SetSysClock       system_stm32f4xx.o
    0x08000aa4   0x00000002   Code   RO          164    i.SysTick_Handler   stm32f4xx_it_1.o
    0x08000aa6   0x00000002   PAD
    0x08000aa8   0x00000068   Code   RO          122    i.SystemInit        system_stm32f4xx.o
    0x08000b10   0x0000004c   Code   RO          385    i.TM_DMA_ClearFlag  tm_stm32f4_dma.o
    0x08000b5c   0x00000002   Code   RO          387    i.TM_DMA_DirectModeErrorHandler  tm_stm32f4_dma.o
    0x08000b5e   0x00000002   Code   RO          390    i.TM_DMA_FIFOErrorHandler  tm_stm32f4_dma.o
    0x08000b60   0x00000054   Code   RO          391    i.TM_DMA_GetFlags   tm_stm32f4_dma.o
    0x08000bb4   0x00000002   Code   RO          392    i.TM_DMA_HalfTransferCompleteHandler  tm_stm32f4_dma.o
    0x08000bb6   0x0000007c   Code   RO          393    i.TM_DMA_INT_ProcessInterrupt  tm_stm32f4_dma.o
    0x08000c32   0x00000002   Code   RO          394    i.TM_DMA_TransferCompleteHandler  tm_stm32f4_dma.o
    0x08000c34   0x00000002   Code   RO          395    i.TM_DMA_TransferErrorHandler  tm_stm32f4_dma.o
    0x08000c36   0x0000000e   Code   RO          580    i.TM_GPIO_GetPortSource  tm_stm32f4_gpio.o
    0x08000c44   0x00000020   Code   RO          583    i.TM_GPIO_INT_EnableClock  tm_stm32f4_gpio.o
    0x08000c64   0x000000b0   Code   RO          584    i.TM_GPIO_INT_Init  tm_stm32f4_gpio.o
    0x08000d14   0x00000030   Code   RO          585    i.TM_GPIO_Init      tm_stm32f4_gpio.o
    0x08000d44   0x0000006e   Code   RO          586    i.TM_GPIO_InitAlternate  tm_stm32f4_gpio.o
    0x08000db2   0x00000012   Code   RO          689    i.TM_ILI9341_Delay  tm_stm32f4_ili9341.o
    0x08000dc4   0x00000104   Code   RO          692    i.TM_ILI9341_DrawCircle  tm_stm32f4_ili9341.o
    0x08000ec8   0x0000014e   Code   RO          693    i.TM_ILI9341_DrawFilledCircle  tm_stm32f4_ili9341.o
    0x08001016   0x00000002   PAD
    0x08001018   0x00000110   Code   RO          695    i.TM_ILI9341_DrawLine  tm_stm32f4_ili9341.o
    0x08001128   0x0000002a   Code   RO          696    i.TM_ILI9341_DrawPixel  tm_stm32f4_ili9341.o
    0x08001152   0x00000002   PAD
    0x08001154   0x000000cc   Code   RO          698    i.TM_ILI9341_Draw_Bluetooth  tm_stm32f4_ili9341.o
    0x08001220   0x000000d0   Code   RO          699    i.TM_ILI9341_Draw_Fuel  tm_stm32f4_ili9341.o
    0x080012f0   0x000000c8   Code   RO          700    i.TM_ILI9341_Draw_Headlight  tm_stm32f4_ili9341.o
    0x080013b8   0x000000c8   Code   RO          701    i.TM_ILI9341_Draw_LeftArrow  tm_stm32f4_ili9341.o
    0x08001480   0x000000c8   Code   RO          702    i.TM_ILI9341_Draw_RightArrow  tm_stm32f4_ili9341.o
    0x08001548   0x00000020   Code   RO          703    i.TM_ILI9341_Fill   tm_stm32f4_ili9341.o
    0x08001568   0x000000ac   Code   RO          705    i.TM_ILI9341_INT_Fill  tm_stm32f4_ili9341.o
    0x08001614   0x00000094   Code   RO          706    i.TM_ILI9341_Init   tm_stm32f4_ili9341.o
    0x080016a8   0x00000274   Code   RO          707    i.TM_ILI9341_InitLCD  tm_stm32f4_ili9341.o
    0x0800191c   0x000000c8   Code   RO          708    i.TM_ILI9341_Putc   tm_stm32f4_ili9341.o
    0x080019e4   0x00000080   Code   RO          709    i.TM_ILI9341_Puts   tm_stm32f4_ili9341.o
    0x08001a64   0x00000064   Code   RO          710    i.TM_ILI9341_Rotate  tm_stm32f4_ili9341.o
    0x08001ac8   0x00000034   Code   RO          711    i.TM_ILI9341_SendCommand  tm_stm32f4_ili9341.o
    0x08001afc   0x00000034   Code   RO          712    i.TM_ILI9341_SendData  tm_stm32f4_ili9341.o
    0x08001b30   0x0000004c   Code   RO          713    i.TM_ILI9341_SetCursorPosition  tm_stm32f4_ili9341.o
    0x08001b7c   0x0000004c   Code   RO          864    i.TM_SPI1_INT_InitPins  tm_stm32f4_spi.o
    0x08001bc8   0x00000080   Code   RO          865    i.TM_SPI2_INT_InitPins  tm_stm32f4_spi.o
    0x08001c48   0x00000050   Code   RO          866    i.TM_SPI3_INT_InitPins  tm_stm32f4_spi.o
    0x08001c98   0x0000004c   Code   RO          867    i.TM_SPI4_INT_InitPins  tm_stm32f4_spi.o
    0x08001ce4   0x00000064   Code   RO          868    i.TM_SPI5_INT_InitPins  tm_stm32f4_spi.o
    0x08001d48   0x00000034   Code   RO          869    i.TM_SPI6_INT_InitPins  tm_stm32f4_spi.o
    0x08001d7c   0x00000064   Code   RO          996    i.TM_SPI_DMA_INT_GetSettings  tm_stm32f4_spi_dma.o
    0x08001de0   0x00000074   Code   RO          997    i.TM_SPI_DMA_Init   tm_stm32f4_spi_dma.o
    0x08001e54   0x00000074   Code   RO         1000    i.TM_SPI_DMA_SendHalfWord  tm_stm32f4_spi_dma.o
    0x08001ec8   0x00000030   Code   RO         1002    i.TM_SPI_DMA_Working  tm_stm32f4_spi_dma.o
    0x08001ef8   0x000000c8   Code   RO          871    i.TM_SPI_Init       tm_stm32f4_spi.o
    0x08001fc0   0x00000002   Code   RO          872    i.TM_SPI_InitCustomPinsCallback  tm_stm32f4_spi.o
    0x08001fc2   0x00000042   Code   RO          714    i.TM_SPI_Send       tm_stm32f4_ili9341.o
    0x08002004   0x00000030   Code   RO          879    i.TM_SPI_SetDataSize  tm_stm32f4_spi.o
    0x08002034   0x0000016c   Code   RO          882    i.TM_SPIx_Init      tm_stm32f4_spi.o
    0x080021a0   0x00000044   Code   RO          228    i.Toggle_BT_Indicator  meter.o
    0x080021e4   0x0000004c   Code   RO          229    i.Toggle_Fuel_Indicator  meter.o
    0x08002230   0x0000003c   Code   RO          230    i.Toggle_Headlight_Indicator  meter.o
    0x0800226c   0x0000003c   Code   RO          231    i.Toggle_Left_Indicator  meter.o
    0x080022a8   0x0000003c   Code   RO          232    i.Toggle_Right_Indicator  meter.o
    0x080022e4   0x00000064   Code   RO          318    i.USART1_IRQHandler  init.o
    0x08002348   0x00000018   Code   RO         5442    i.USART_Cmd         stm32f4xx_usart.o
    0x08002360   0x00000054   Code   RO         5446    i.USART_GetITStatus  stm32f4xx_usart.o
    0x080023b4   0x0000004a   Code   RO         5448    i.USART_ITConfig    stm32f4xx_usart.o
    0x080023fe   0x00000002   PAD
    0x08002400   0x000000d4   Code   RO         5449    i.USART_Init        stm32f4xx_usart.o
    0x080024d4   0x00000008   Code   RO         5459    i.USART_SendData    stm32f4xx_usart.o
    0x080024dc   0x00000028   Code   RO          319    i.USART_puts        init.o
    0x08002504   0x00000004   Code   RO          165    i.UsageFault_Handler  stm32f4xx_it_1.o
    0x08002508   0x0000008c   Code   RO          233    i.draw_Meter        meter.o
    0x08002594   0x00000038   Code   RO          320    i.init_Reed         init.o
    0x080025cc   0x000000ac   Code   RO          321    i.init_UART         init.o
    0x08002678   0x00000110   Code   RO            3    i.main              main.o
    0x08002788   0x0000003c   Code   RO          234    i.update_Distance   meter.o
    0x080027c4   0x00000040   Code   RO          236    i.update_RPM        meter.o
    0x08002804   0x00000024   Code   RO          322    i.update_Reed       init.o
    0x08002828   0x0000003c   Code   RO          237    i.update_Speed      meter.o
    0x08002864   0x0000000a   Code   RO         5837    x$fpl$fpinit        fz_wm.l(fpinit.o)
    0x0800286e   0x00000014   Data   RO          396    .constdata          tm_stm32f4_dma.o
    0x08002882   0x000029b0   Data   RO          551    .constdata          tm_stm32f4_fonts.o
    0x08005232   0x00000002   PAD
    0x08005234   0x00000020   Data   RO         5905    Region$$Table       anon$$obj.o


    Execution Region ER_RW (Base: 0x20000000, Size: 0x00000104, Max: 0xffffffff, ABSOLUTE)

    Base Addr    Size         Type   Attr      Idx    E Section Name        Object

    0x20000000   0x00000014   Data   RW            5    .data               main.o
    0x20000014   0x00000006   Data   RW          238    .data               meter.o
    0x2000001a   0x00000001   Data   RW          324    .data               init.o
    0x2000001b   0x00000001   PAD
    0x2000001c   0x00000038   Data   RW          552    .data               tm_stm32f4_fonts.o
    0x20000054   0x0000000b   Data   RW          715    .data               tm_stm32f4_ili9341.o
    0x2000005f   0x00000001   PAD
    0x20000060   0x00000090   Data   RW         1004    .data               tm_stm32f4_spi_dma.o
    0x200000f0   0x00000010   Data   RW         3588    .data               stm32f4xx_rcc.o
    0x20000100   0x00000004   Data   RW         5729    .data               c_w.l(strtok.o)


    Execution Region ER_ZI (Base: 0x20000104, Size: 0x000006ec, Max: 0xffffffff, ABSOLUTE)

    Base Addr    Size         Type   Attr      Idx    E Section Name        Object

    0x20000104   0x00000033   Zero   RW          323    .bss                init.o
    0x20000137   0x00000001   PAD
    0x20000138   0x00000016   Zero   RW          593    .bss                tm_stm32f4_gpio.o
    0x2000014e   0x00000002   PAD
    0x20000150   0x0000003c   Zero   RW         1003    .bss                tm_stm32f4_spi_dma.o
    0x2000018c   0x00000060   Zero   RW         5779    .bss                c_w.l(libspace.o)
    0x200001ec   0x00000004   PAD
    0x200001f0   0x00000200   Zero   RW         5690    HEAP                startup_stm32f4xx.o
    0x200003f0   0x00000400   Zero   RW         5689    STACK               startup_stm32f4xx.o


==============================================================================

Image component sizes


      Code (inc. data)   RO Data    RW Data    ZI Data      Debug   Object Name

       404         42          0          1         51       3317   init.o
       272         54          0         20          0     307571   main.o
       648        130          0          6          0       5205   meter.o
       120         14          0          0          0       1060   misc.o
        64         26        392          0       1536        824   startup_stm32f4xx.o
        88          6          0          0          0       1859   stm32f4xx_dma.o
       230          0          0          0          0       3584   stm32f4xx_gpio.o
        26          0          0          0          0       4586   stm32f4xx_it_1.o
       296         30          0         16          0       4122   stm32f4xx_rcc.o
        84          0          0          0          0       1796   stm32f4xx_spi.o
       402          8          0          0          0       4395   stm32f4xx_usart.o
       340         32          0          0          0       1549   system_stm32f4xx.o
       550        122         20          0          0      13827   tm_stm32f4_dma.o
         0          0      10672         56          0       1845   tm_stm32f4_fonts.o
       380         10          0          0         22       4288   tm_stm32f4_gpio.o
      3592        190          0         11          0      21069   tm_stm32f4_ili9341.o
      1126        130          0          0          0       6869   tm_stm32f4_spi.o
       380         66          0        144         60       3621   tm_stm32f4_spi_dma.o

    ----------------------------------------------------------------------
      9018        860      11118        256       1672     391387   Object Totals
         0          0         32          0          0          0   (incl. Generated)
        16          0          2          2          3          0   (incl. Padding)

    ----------------------------------------------------------------------

      Code (inc. data)   RO Data    RW Data    ZI Data      Debug   Library Member Name

         8          0          0          0          0         68   __main.o
       104          0          0          0          0         84   __printf.o
         0          0          0          0          0          0   __rtentry.o
        12          0          0          0          0          0   __rtentry2.o
         6          0          0          0          0          0   __rtentry4.o
        52          8          0          0          0          0   __scatter.o
        26          0          0          0          0          0   __scatter_copy.o
        28          0          0          0          0          0   __scatter_zi.o
        48          6          0          0          0         96   _printf_char_common.o
         6          0          0          0          0          0   _printf_d.o
       120         16          0          0          0         92   _printf_dec.o
       178          0          0          0          0         88   _printf_intcommon.o
         0          0          0          0          0          0   _printf_percent.o
         4          0          0          0          0          0   _printf_percent_end.o
        10          0          0          0          0         68   _sputc.o
        18          0          0          0          0         80   exit.o
         6          0          0          0          0        152   heapauxi.o
         0          0          0          0          0          0   indicate_semi.o
         2          0          0          0          0          0   libinit.o
         6          0          0          0          0          0   libinit2.o
         2          0          0          0          0          0   libshutdown.o
         2          0          0          0          0          0   libshutdown2.o
         8          4          0          0         96         68   libspace.o
        40          6          0          0          0         84   noretval__2sprintf.o
         2          0          0          0          0          0   rtexit.o
        10          0          0          0          0          0   rtexit2.o
        32          0          0          0          0         80   strcspn.o
        28          0          0          0          0         80   strspn.o
        12          6          0          4          0         68   strtok.o
        68          4          0          0          0         84   strtok_int.o
        12          4          0          0          0         68   sys_exit.o
        74          0          0          0          0         80   sys_stackheap_outer.o
         2          0          0          0          0         68   use_no_semi.o
        10          0          0          0          0        116   fpinit.o

    ----------------------------------------------------------------------
       940         54          0          4        100       1524   Library Totals
         4          0          0          0          4          0   (incl. Padding)

    ----------------------------------------------------------------------

      Code (inc. data)   RO Data    RW Data    ZI Data      Debug   Library Name

       926         54          0          4         96       1408   c_w.l
        10          0          0          0          0        116   fz_wm.l

    ----------------------------------------------------------------------
       940         54          0          4        100       1524   Library Totals

    ----------------------------------------------------------------------

==============================================================================


      Code (inc. data)   RO Data    RW Data    ZI Data      Debug   

      9958        914      11118        260       1772     382135   Grand Totals
      9958        914      11118        260       1772     382135   ELF Image Totals
      9958        914      11118        260          0          0   ROM Totals

==============================================================================

    Total RO  Size (Code + RO Data)                21076 (  20.58kB)
    Total RW  Size (RW Data + ZI Data)              2032 (   1.98kB)
    Total ROM Size (Code + RO Data + RW Data)      21336 (  20.84kB)

==============================================================================

