<html>
<body>
<pre>
<h1>µVision Build Log</h1>
<h2>Tool Versions:</h2>
IDE-Version: µVision V5.18.0.0
Copyright (C) 2016 ARM Ltd and ARM Germany GmbH. All rights reserved.
License Information: Osama Salahuddin, Idealojy, LIC=----
 
Tool Versions:
Toolchain:       MDK-Lite  Version: 5.18
Toolchain Path:  C:\Keil_v518\ARM\ARMCC\Bin
C Compiler:      Armcc.exe V5.06 update 1 (build 61)
Assembler:       Armasm.exe V5.06 update 1 (build 61)
Linker/Locator:  ArmLink.exe V5.06 update 1 (build 61)
Library Manager: ArmAr.exe V5.06 update 1 (build 61)
Hex Converter:   FromElf.exe V5.06 update 1 (build 61)
CPU DLL:         SARMCM3.DLL V5.18
Dialog DLL:      DCM.DLL V1.13.6.0
Target DLL:      STLink\ST-LINKIII-KEIL_SWO.dll V2.0.18.0
Dialog DLL:      TCM.DLL V1.14.8.0
 
<h2>Project:</h2>
D:\Idealojy\Meter\GitRepo\LCDTest\Project\LCDTest.uvprojx
Project File Date:  05/13/2016

<h2>Output:</h2>
*** Using Compiler 'V5.06 update 1 (build 61)', folder: 'C:\Keil_v518\ARM\ARMCC\Bin'
Build target 'Target 1'
compiling init.c...
compiling meter.c...
compiling main.c...
..\Main\main.c(82): warning:  #2748-D: null argument provided for parameter marked with attribute "nonnull"
  						rc = strtok((char*)received_string, 
ULL);
..\Main\main.c: 1 warning, 0 errors
linking...
Program Size: Code=9958 RO-data=11118 RW-data=260 ZI-data=1772  
".\Objects\LCDTest.axf" - 0 Error(s), 1 Warning(s).

<h2>Collection of Component include folders:</h2>
  D:\Idealojy\Meter\GitRepo\LCDTest\Project\RTE
  C:\Keil_v518\ARM\PACK\Keil\STM32F4xx_DFP\2.6.0\Drivers\CMSIS\Device\ST\STM32F4xx\Include

<h2>Collection of Component Files used:</h2>
Build Time Elapsed:  00:00:02
</pre>
</body>
</html>
